<html>
<body>
<pre>
<h1>µVision Build Log</h1>
<h2>Tool Versions:</h2>
IDE-Version: ¦ÌVision V5.40.0.0
Copyright (C) 2024 ARM Ltd and ARM Germany GmbH. All rights reserved.
License Information: lin paul, IBOCE, LIC=CZLZX-HWZLS-AR0XW-QS8TG-HFE8D-SYIKQ
 
Tool Versions:
Toolchain:       MDK-ARM Plus  Version: 5.40.0.3
Toolchain Path:  E:\Software\keil 5\ARM\ARMCLANG\Bin
C Compiler:      ArmClang.exe V6.22
Assembler:       Armasm.exe V6.22
Linker/Locator:  ArmLink.exe V6.22
Library Manager: ArmAr.exe V6.22
Hex Converter:   FromElf.exe V6.22
CPU DLL:         SARMCM3.DLL V5.40.0.3
Dialog DLL:      DARMCM1.DLL V1.19.6.0
Target DLL:      CMSIS_AGDI.dll V1.33.18.0
Dialog DLL:      TARMCM1.DLL V1.14.6.0
 
<h2>Project:</h2>
E:\WorkSpace\keil5_Space\TI_Project\examples\clound_platform\keil\empty_project_led.uvprojx
Project File Date:  07/31/2024

<h2>Output:</h2>
*** Using Compiler 'V6.22', folder: 'E:\Software\keil 5\ARM\ARMCLANG\Bin'
Rebuild target 'empty_project_led'
Before Build - User command #1: cmd.exe /C "E:\WorkSpace\keil5_Space\TI_Project\examples\clound_platform\keil\../../../tools/keil/syscfg.bat 'E:\WorkSpace\keil5_Space\TI_Project\examples\clound_platform\keil\' ncontroller.syscfg"
Couldn't find Sysconfig Tool "C:\ti\sysconfig_1.20.0\sysconfig_cli.bat"
"Update the file located at <sdk path>/tools/keil/syscfg.bat"
compiling dl_lcd.c...
compiling dl_crc.c...
compiling dl_aesadv.c...
compiling dl_lfss.c...
compiling dl_i2c.c...
compiling dl_opa.c...
compiling dl_common.c...
compiling dl_keystorectl.c...
compiling dl_mathacl.c...
compiling dl_crcp.c...
compiling dl_dac12.c...
compiling dl_dma.c...
compiling dl_aes.c...
compiling dl_adc12.c...
assembling startup_mspm0g350x_uvision.s...
compiling dl_trng.c...
compiling dl_spi.c...
compiling dl_rtc_common.c...
compiling dl_interrupt.c...
compiling dl_vref.c...
compiling dl_flashctl.c...
compiling dl_sysctl_mspm0g1x0x_g3x0x.c...
compiling dl_mcan.c...
compiling dl_uart.c...
compiling dl_timer.c...
compiling ti_msp_dl_config.c...
compiling main.c...
compiling Camera_UART.c...
compiling BTN.c...
compiling step_motor.c...
compiling pid.c...
compiling oled.c...
linking...
Program Size: Code=8184 RO-data=1832 RW-data=28 ZI-data=636  
FromELF: creating hex file...
".\Objects\ncontroller.axf" - 0 Error(s), 0 Warning(s).

<h2>Software Packages used:</h2>

Package Vendor: TexasInstruments
                https://software-dl.ti.com/msp430/esd/MSPM0-CMSIS/MSPM0G1X0X_G3X0X/latest/exports/TexasInstruments.MSPM0G1X0X_G3X0X_DFP.1.3.0.pack
                TexasInstruments::MSPM0G1X0X_G3X0X_DFP@1.3.0
                Device Family Pack for Texas Instruments MSPM0G1X0X_G3X0X Series

<h2>Collection of Component include folders:</h2>

<h2>Collection of Component Files used:</h2>
Build Time Elapsed:  00:00:03
</pre>
</body>
</html>
