Component: ARM Compiler 5.06 update 5 (build 528) Tool: armlink [4d35e2]

==============================================================================

Section Cross References

    startup_stm32f411xe.o(RESET) refers to startup_stm32f411xe.o(STACK) for __initial_sp
    startup_stm32f411xe.o(RESET) refers to startup_stm32f411xe.o(.text) for Reset_Handler
    startup_stm32f411xe.o(RESET) refers to stm32f4xx_it.o(i.NMI_Handler) for NMI_Handler
    startup_stm32f411xe.o(RESET) refers to stm32f4xx_it.o(i.HardFault_Handler) for HardFault_Handler
    startup_stm32f411xe.o(RESET) refers to stm32f4xx_it.o(i.MemManage_Handler) for MemManage_Handler
    startup_stm32f411xe.o(RESET) refers to stm32f4xx_it.o(i.BusFault_Handler) for BusFault_Handler
    startup_stm32f411xe.o(RESET) refers to stm32f4xx_it.o(i.UsageFault_Handler) for UsageFault_Handler
    startup_stm32f411xe.o(RESET) refers to port.o(.emb_text) for SVC_Handler
    startup_stm32f411xe.o(RESET) refers to stm32f4xx_it.o(i.DebugMon_Handler) for DebugMon_Handler
    startup_stm32f411xe.o(RESET) refers to cmsis_os2.o(i.SysTick_Handler) for SysTick_Handler
    startup_stm32f411xe.o(RESET) refers to stm32f4xx_it.o(i.TIM1_TRG_COM_TIM11_IRQHandler) for TIM1_TRG_COM_TIM11_IRQHandler
    startup_stm32f411xe.o(RESET) refers to stm32f4xx_it.o(i.TIM3_IRQHandler) for TIM3_IRQHandler
    startup_stm32f411xe.o(RESET) refers to stm32f4xx_it.o(i.USART1_IRQHandler) for USART1_IRQHandler
    startup_stm32f411xe.o(RESET) refers to stm32f4xx_it.o(i.DMA2_Stream2_IRQHandler) for DMA2_Stream2_IRQHandler
    startup_stm32f411xe.o(.text) refers to system_stm32f4xx.o(i.SystemInit) for SystemInit
    startup_stm32f411xe.o(.text) refers to entry.o(.ARM.Collect$$$$00000000) for __main
    main.o(i.HAL_TIM_PeriodElapsedCallback) refers to stm32f4xx_hal.o(i.HAL_IncTick) for HAL_IncTick
    main.o(i.HAL_TIM_PeriodElapsedCallback) refers to mid_pid.o(i.pid_compute) for pid_compute
    main.o(i.HAL_TIM_PeriodElapsedCallback) refers to bsp_step_motor.o(i.set_step_speed) for set_step_speed
    main.o(i.HAL_TIM_PeriodElapsedCallback) refers to bsp_step_motor.o(i.step_motor_run) for step_motor_run
    main.o(i.HAL_TIM_PeriodElapsedCallback) refers to bsp_uart.o(.data) for target_location
    main.o(i.HAL_TIM_PeriodElapsedCallback) refers to main.o(.data) for .data
    main.o(i.Hard_Init) refers to oled.o(i.OLED_Init) for OLED_Init
    main.o(i.Hard_Init) refers to oled.o(i.OLED_Clear) for OLED_Clear
    main.o(i.Hard_Init) refers to mid_pid.o(i.creat_pid_controller) for creat_pid_controller
    main.o(i.Hard_Init) refers to bsp_step_motor.o(i.creat_step_motor) for creat_step_motor
    main.o(i.Hard_Init) refers to bsp_step_motor.o(i.step_motor_run) for step_motor_run
    main.o(i.Hard_Init) refers to stm32f4xx_hal_tim.o(i.HAL_TIM_Base_Start_IT) for HAL_TIM_Base_Start_IT
    main.o(i.Hard_Init) refers to main.o(.data) for .data
    main.o(i.Hard_Init) refers to tim.o(.bss) for htim5
    main.o(i.SystemClock_Config) refers to memseta.o(.text) for __aeabi_memclr4
    main.o(i.SystemClock_Config) refers to stm32f4xx_hal_rcc.o(i.HAL_RCC_OscConfig) for HAL_RCC_OscConfig
    main.o(i.SystemClock_Config) refers to stm32f4xx_hal_rcc.o(i.HAL_RCC_ClockConfig) for HAL_RCC_ClockConfig
    main.o(i.fputc) refers to segger_rtt.o(i.SEGGER_RTT_PutChar) for SEGGER_RTT_PutChar
    main.o(i.main) refers to stm32f4xx_hal.o(i.HAL_Init) for HAL_Init
    main.o(i.main) refers to main.o(i.SystemClock_Config) for SystemClock_Config
    main.o(i.main) refers to gpio.o(i.MX_GPIO_Init) for MX_GPIO_Init
    main.o(i.main) refers to dma.o(i.MX_DMA_Init) for MX_DMA_Init
    main.o(i.main) refers to tim.o(i.MX_TIM4_Init) for MX_TIM4_Init
    main.o(i.main) refers to tim.o(i.MX_TIM5_Init) for MX_TIM5_Init
    main.o(i.main) refers to usart.o(i.MX_USART1_UART_Init) for MX_USART1_UART_Init
    main.o(i.main) refers to tim.o(i.MX_TIM9_Init) for MX_TIM9_Init
    main.o(i.main) refers to tim.o(i.MX_TIM11_Init) for MX_TIM11_Init
    main.o(i.main) refers to main.o(i.Hard_Init) for Hard_Init
    main.o(i.main) refers to cmsis_os2.o(i.osKernelInitialize) for osKernelInitialize
    main.o(i.main) refers to freertos.o(i.MX_FREERTOS_Init) for MX_FREERTOS_Init
    main.o(i.main) refers to cmsis_os2.o(i.osKernelStart) for osKernelStart
    gpio.o(i.MX_GPIO_Init) refers to memseta.o(.text) for __aeabi_memclr4
    gpio.o(i.MX_GPIO_Init) refers to stm32f4xx_hal_gpio.o(i.HAL_GPIO_WritePin) for HAL_GPIO_WritePin
    gpio.o(i.MX_GPIO_Init) refers to stm32f4xx_hal_gpio.o(i.HAL_GPIO_Init) for HAL_GPIO_Init
    freertos.o(i.MX_FREERTOS_Init) refers to cmsis_os2.o(i.osThreadNew) for osThreadNew
    freertos.o(i.MX_FREERTOS_Init) refers to freertos.o(.constdata) for .constdata
    freertos.o(i.MX_FREERTOS_Init) refers to freertos.o(i.StartDefaultTask) for StartDefaultTask
    freertos.o(i.MX_FREERTOS_Init) refers to freertos.o(.data) for .data
[...]
    i.prvCopyDataFromQueue                   0x080034e8   Section        0  queue.o(i.prvCopyDataFromQueue)
    prvCopyDataFromQueue                     0x080034e9   Thumb Code    38  queue.o(i.prvCopyDataFromQueue)
    i.prvCopyDataToQueue                     0x0800350e   Section        0  queue.o(i.prvCopyDataToQueue)
    prvCopyDataToQueue                       0x0800350f   Thumb Code   108  queue.o(i.prvCopyDataToQueue)
    i.prvDeleteTCB                           0x0800357a   Section        0  tasks.o(i.prvDeleteTCB)
    prvDeleteTCB                             0x0800357b   Thumb Code    52  tasks.o(i.prvDeleteTCB)
    i.prvHeapInit                            0x080035b0   Section        0  heap_4.o(i.prvHeapInit)
    prvHeapInit                              0x080035b1   Thumb Code    66  heap_4.o(i.prvHeapInit)
    i.prvIdleTask                            0x080035fc   Section        0  tasks.o(i.prvIdleTask)
    prvIdleTask                              0x080035fd   Thumb Code    82  tasks.o(i.prvIdleTask)
    i.prvInitialiseMutex                     0x0800365c   Section        0  queue.o(i.prvInitialiseMutex)
    prvInitialiseMutex                       0x0800365d   Thumb Code    22  queue.o(i.prvInitialiseMutex)
    i.prvInitialiseNewQueue                  0x08003674   Section        0  queue.o(i.prvInitialiseNewQueue)
    prvInitialiseNewQueue                    0x08003675   Thumb Code    34  queue.o(i.prvInitialiseNewQueue)
    i.prvInitialiseNewTask                   0x08003698   Section        0  tasks.o(i.prvInitialiseNewTask)
    prvInitialiseNewTask                     0x08003699   Thumb Code   176  tasks.o(i.prvInitialiseNewTask)
    i.prvInsertBlockIntoFreeList             0x08003748   Section        0  heap_4.o(i.prvInsertBlockIntoFreeList)
    prvInsertBlockIntoFreeList               0x08003749   Thumb Code    72  heap_4.o(i.prvInsertBlockIntoFreeList)
    i.prvInsertTimerInActiveList             0x08003794   Section        0  timers.o(i.prvInsertTimerInActiveList)
    prvInsertTimerInActiveList               0x08003795   Thumb Code    52  timers.o(i.prvInsertTimerInActiveList)
    i.prvIsQueueEmpty                        0x080037cc   Section        0  queue.o(i.prvIsQueueEmpty)
    prvIsQueueEmpty                          0x080037cd   Thumb Code    28  queue.o(i.prvIsQueueEmpty)
    i.prvProcessReceivedCommands             0x080037e8   Section        0  timers.o(i.prvProcessReceivedCommands)
    prvProcessReceivedCommands               0x080037e9   Thumb Code   248  timers.o(i.prvProcessReceivedCommands)
    i.prvProcessTimerOrBlockTask             0x080038e4   Section        0  timers.o(i.prvProcessTimerOrBlockTask)
    prvProcessTimerOrBlockTask               0x080038e5   Thumb Code   182  timers.o(i.prvProcessTimerOrBlockTask)
    i.prvResetNextTaskUnblockTime            0x080039a4   Section        0  tasks.o(i.prvResetNextTaskUnblockTime)
    prvResetNextTaskUnblockTime              0x080039a5   Thumb Code    26  tasks.o(i.prvResetNextTaskUnblockTime)
    i.prvSampleTimeNow                       0x080039c4   Section        0  timers.o(i.prvSampleTimeNow)
    prvSampleTimeNow                         0x080039c5   Thumb Code    36  timers.o(i.prvSampleTimeNow)
    i.prvSwitchTimerLists                    0x080039ec   Section        0  timers.o(i.prvSwitchTimerLists)
    prvSwitchTimerLists                      0x080039ed   Thumb Code   104  timers.o(i.prvSwitchTimerLists)
    i.prvTaskExitError                       0x08003a58   Section        0  port.o(i.prvTaskExitError)
    prvTaskExitError                         0x08003a59   Thumb Code    36  port.o(i.prvTaskExitError)
    i.prvTimerTask                           0x08003a80   Section        0  timers.o(i.prvTimerTask)
    prvTimerTask                             0x08003a81   Thumb Code    32  timers.o(i.prvTimerTask)
    i.prvUnlockQueue                         0x08003aa4   Section        0  queue.o(i.prvUnlockQueue)
    prvUnlockQueue                           0x08003aa5   Thumb Code   106  queue.o(i.prvUnlockQueue)
    i.pvPortMalloc                           0x08003b10   Section        0  heap_4.o(i.pvPortMalloc)
    i.pvTaskIncrementMutexHeldCount          0x08003bec   Section        0  tasks.o(i.pvTaskIncrementMutexHeldCount)
    i.pxPortInitialiseStack                  0x08003c04   Section        0  port.o(i.pxPortInitialiseStack)
    i.set_step_speed                         0x08003c30   Section        0  bsp_step_motor.o(i.set_step_speed)
    i.step_motor_run                         0x08003c38   Section        0  bsp_step_motor.o(i.step_motor_run)
    i.ulTaskNotifyTake                       0x08003cfc   Section        0  tasks.o(i.ulTaskNotifyTake)
    i.uxListRemove                           0x08003d64   Section        0  list.o(i.uxListRemove)
    i.vApplicationGetIdleTaskMemory          0x08003d8c   Section        0  cmsis_os2.o(i.vApplicationGetIdleTaskMemory)
    i.vApplicationGetTimerTaskMemory         0x08003da0   Section        0  cmsis_os2.o(i.vApplicationGetTimerTaskMemory)
    i.vDelay_us                              0x08003db8   Section        0  delay.o(i.vDelay_us)
    i.vListInitialise                        0x08003de4   Section        0  list.o(i.vListInitialise)
    i.vListInitialiseItem                    0x08003dfa   Section        0  list.o(i.vListInitialiseItem)
    i.vListInsert                            0x08003e00   Section        0  list.o(i.vListInsert)
    i.vListInsertEnd                         0x08003e30   Section        0  list.o(i.vListInsertEnd)
    i.vPortEnterCritical                     0x08003e48   Section        0  port.o(i.vPortEnterCritical)
    i.vPortExitCritical                      0x08003e88   Section        0  port.o(i.vPortExitCritical)
    i.vPortFree                              0x08003eb0   Section        0  heap_4.o(i.vPortFree)
    i.vPortSetupTimerInterrupt               0x08003f14   Section        0  port.o(i.vPortSetupTimerInterrupt)
    i.vPortValidateInterruptPriority         0x08003f38   Section        0  port.o(i.vPortValidateInterruptPriority)
    i.vQueueAddToRegistry                    0x08003f8c   Section        0  queue.o(i.vQueueAddToRegistry)
    i.vQueueWaitForMessageRestricted         0x08003fb4   Section        0  queue.o(i.vQueueWaitForMessageRestricted)
    i.vTaskDelay                             0x08003ff8   Section        0  tasks.o(i.vTaskDelay)
    i.vTaskDelete                            0x08004044   Section        0  tasks.o(i.vTaskDelete)
    i.vTaskInternalSetTimeOutState           0x080040d4   Section        0  tasks.o(i.vTaskInternalSetTimeOutState)
    i.vTaskMissedYield                       0x080040e4   Section        0  tasks.o(i.vTaskMissedYield)
    i.vTaskPlaceOnEventList                  0x080040f0   Section        0  tasks.o(i.vTaskPlaceOnEventList)
    i.vTaskPlaceOnEventListRestricted        0x08004120   Section        0  tasks.o(i.vTaskPlaceOnEventListRestricted)
    i.vTaskPriorityDisinheritAfterTimeout    0x08004158   Section        0  tasks.o(i.vTaskPriorityDisinheritAfterTimeout)
    i.vTaskStartScheduler                    0x080041e8   Section        0  tasks.o(i.vTaskStartScheduler)
    i.vTaskSuspendAll                        0x08004270   Section        0  tasks.o(i.vTaskSuspendAll)
    i.vTaskSwitchContext                     0x08004280   Section        0  tasks.o(i.vTaskSwitchContext)
    i.xPortStartScheduler                    0x080042e4   Section        0  port.o(i.xPortStartScheduler)
    i.xPortSysTickHandler                    0x080043d8   Section        0  port.o(i.xPortSysTickHandler)
    i.xQueueCreateMutex                      0x08004404   Section        0  queue.o(i.xQueueCreateMutex)
    i.xQueueGenericCreate                    0x0800441a   Section        0  queue.o(i.xQueueGenericCreate)
    i.xQueueGenericCreateStatic              0x0800445c   Section        0  queue.o(i.xQueueGenericCreateStatic)
    i.xQueueGenericReset                     0x080044c4   Section        0  queue.o(i.xQueueGenericReset)
    i.xQueueGenericSend                      0x0800454c   Section        0  queue.o(i.xQueueGenericSend)
    i.xQueueGenericSendFromISR               0x080046ac   Section        0  queue.o(i.xQueueGenericSendFromISR)
    i.xQueueReceive                          0x0800476c   Section        0  queue.o(i.xQueueReceive)
    i.xQueueSemaphoreTake                    0x080048a4   Section        0  queue.o(i.xQueueSemaphoreTake)
    i.xTaskCheckForTimeOut                   0x08004a1c   Section        0  tasks.o(i.xTaskCheckForTimeOut)
    i.xTaskCreate                            0x08004a90   Section        0  tasks.o(i.xTaskCreate)
    i.xTaskCreateStatic                      0x08004aea   Section        0  tasks.o(i.xTaskCreateStatic)
    i.xTaskGenericNotify                     0x08004b40   Section        0  tasks.o(i.xTaskGenericNotify)
    i.xTaskGenericNotifyFromISR              0x08004c20   Section        0  tasks.o(i.xTaskGenericNotifyFromISR)
    i.xTaskGetSchedulerState                 0x08004d24   Section        0  tasks.o(i.xTaskGetSchedulerState)
    i.xTaskGetTickCount                      0x08004d40   Section        0  tasks.o(i.xTaskGetTickCount)
    i.xTaskIncrementTick                     0x08004d4c   Section        0  tasks.o(i.xTaskIncrementTick)
    i.xTaskNotifyWait                        0x08004e14   Section        0  tasks.o(i.xTaskNotifyWait)
    i.xTaskPriorityDisinherit                0x08004ea0   Section        0  tasks.o(i.xTaskPriorityDisinherit)
    i.xTaskPriorityInherit                   0x08004f20   Section        0  tasks.o(i.xTaskPriorityInherit)
    i.xTaskRemoveFromEventList               0x08004f98   Section        0  tasks.o(i.xTaskRemoveFromEventList)
    i.xTaskResumeAll                         0x08005008   Section        0  tasks.o(i.xTaskResumeAll)
    i.xTimerCreateTimerTask                  0x080050cc   Section        0  timers.o(i.xTimerCreateTimerTask)
    i.xTimerGenericCommand                   0x0800512c   Section        0  timers.o(i.xTimerGenericCommand)
    .constdata                               0x08005194   Section       36  freertos.o(.constdata)
    .constdata                               0x080051b8   Section        8  stm32f4xx_hal_dma.o(.constdata)
    flagBitshiftOffset                       0x080051b8   Data           8  stm32f4xx_hal_dma.o(.constdata)
    .constdata                               0x080051c0   Section       16  system_stm32f4xx.o(.constdata)
    .constdata                               0x080051d0   Section        8  system_stm32f4xx.o(.constdata)
    .constdata                               0x080051d8   Section       36  bsp_key.o(.constdata)
    .constdata                               0x080051fc   Section       36  bsp_uart.o(.constdata)
    .constdata                               0x08005220   Section       36  bsp_uart.o(.constdata)
    .constdata                               0x08005244   Section       36  app_control.o(.constdata)
    .conststring                             0x08005268   Section       11  freertos.o(.conststring)
    .conststring                             0x08005274   Section       14  bsp_key.o(.conststring)
    .conststring                             0x08005284   Section       18  bsp_uart.o(.conststring)
    .conststring                             0x08005298   Section       18  bsp_uart.o(.conststring)
    .conststring                             0x080052ac   Section       13  app_control.o(.conststring)
    .data                                    0x20000000   Section       20  main.o(.data)
    .data                                    0x20000014   Section        4  freertos.o(.data)
    .data                                    0x20000018   Section       12  stm32f4xx_hal.o(.data)
    .data                                    0x20000024   Section        4  system_stm32f4xx.o(.data)
    .data                                    0x20000028   Section       60  tasks.o(.data)
    uxDeletedTasksWaitingCleanUp             0x2000002c   Data           4  tasks.o(.data)
    uxCurrentNumberOfTasks                   0x20000030   Data           4  tasks.o(.data)
    xTickCount                               0x20000034   Data           4  tasks.o(.data)
    uxTopReadyPriority                       0x20000038   Data           4  tasks.o(.data)
    xSchedulerRunning                        0x2000003c   Data           4  tasks.o(.data)
    xPendedTicks                             0x20000040   Data           4  tasks.o(.data)
    xYieldPending                            0x20000044   Data           4  tasks.o(.data)
    xNumOfOverflows                          0x20000048   Data           4  tasks.o(.data)
    uxTaskNumber                             0x2000004c   Data           4  tasks.o(.data)
    xNextTaskUnblockTime                     0x20000050   Data           4  tasks.o(.data)
    xIdleTaskHandle                          0x20000054   Data           4  tasks.o(.data)
    uxSchedulerSuspended                     0x20000058   Data           4  tasks.o(.data)
    pxDelayedTaskList                        0x2000005c   Data           4  tasks.o(.data)
    pxOverflowDelayedTaskList                0x20000060   Data           4  tasks.o(.data)
    .data                                    0x20000064   Section       20  timers.o(.data)
    xTimerQueue                              0x20000064   Data           4  timers.o(.data)
    xTimerTaskHandle                         0x20000068   Data           4  timers.o(.data)
    xLastTime                                0x2000006c   Data           4  timers.o(.data)
    pxCurrentTimerList                       0x20000070   Data           4  timers.o(.data)
    pxOverflowTimerList                      0x20000074   Data           4  timers.o(.data)
    .data                                    0x20000078   Section        4  cmsis_os2.o(.data)
    KernelState                              0x20000078   Data           4  cmsis_os2.o(.data)
    .data                                    0x2000007c   Section       32  heap_4.o(.data)
    pxEnd                                    0x2000007c   Data           4  heap_4.o(.data)
    xFreeBytesRemaining                      0x20000080   Data           4  heap_4.o(.data)
    xMinimumEverFreeBytesRemaining           0x20000084   Data           4  heap_4.o(.data)
    xNumberOfSuccessfulAllocations           0x20000088   Data           4  heap_4.o(.data)
    xNumberOfSuccessfulFrees                 0x2000008c   Data           4  heap_4.o(.data)
    xBlockAllocatedBit                       0x20000090   Data           4  heap_4.o(.data)
    xStart                                   0x20000094   Data           8  heap_4.o(.data)
    .data                                    0x2000009c   Section       12  port.o(.data)
    ucMaxSysCallPriority                     0x2000009c   Data           1  port.o(.data)
    uxCriticalNesting                        0x200000a0   Data           4  port.o(.data)
    ulMaxPRIGROUPValue                       0x200000a4   Data           4  port.o(.data)
    .data                                    0x200000a8   Section       12  bsp_key.o(.data)
    key_state                                0x200000a8   Data           1  bsp_key.o(.data)
    key_press_time                           0x200000ac   Data           4  bsp_key.o(.data)
    .data                                    0x200000b4   Section        4  bsp_key.o(.data)
    .data                                    0x200000b8   Section       28  bsp_uart.o(.data)
    g_crc_sum                                0x200000b8   Data           1  bsp_uart.o(.data)
    g_uart_mutex                             0x200000bc   Data           4  bsp_uart.o(.data)
    g_circular_buffer_irq_thread             0x200000c0   Data           4  bsp_uart.o(.data)
    g_data_count                             0x200000c4   Data           4  bsp_uart.o(.data)
    g_frame_state                            0x200000c8   Data           4  bsp_uart.o(.data)
    .data                                    0x200000d4   Section        4  app_control.o(.data)
    .data                                    0x200000d8   Section        4  stdout.o(.data)
    .data                                    0x200000dc   Section        4  mvars.o(.data)
    .data                                    0x200000e0   Section        4  mvars.o(.data)
    .bss                                     0x200000e4   Section      288  tim.o(.bss)
    .bss                                     0x20000204   Section      168  usart.o(.bss)
    .bss                                     0x200002ac   Section       72  stm32f4xx_hal_timebase_tim.o(.bss)
    .bss                                     0x200002f4   Section       64  queue.o(.bss)
    .bss                                     0x20000334   Section     1220  tasks.o(.bss)
    pxReadyTasksLists                        0x20000334   Data        1120  tasks.o(.bss)
    xDelayedTaskList1                        0x20000794   Data          20  tasks.o(.bss)
    xDelayedTaskList2                        0x200007a8   Data          20  tasks.o(.bss)
    xPendingReadyList                        0x200007bc   Data          20  tasks.o(.bss)
    xTasksWaitingTermination                 0x200007d0   Data          20  tasks.o(.bss)
    xSuspendedTaskList                       0x200007e4   Data          20  tasks.o(.bss)
    .bss                                     0x200007f8   Section      280  timers.o(.bss)
    xStaticTimerQueue                        0x200007f8   Data          80  timers.o(.bss)
    ucStaticTimerQueueStorage                0x20000848   Data         160  timers.o(.bss)
    xActiveTimerList1                        0x200008e8   Data          20  timers.o(.bss)
    xActiveTimerList2                        0x200008fc   Data          20  timers.o(.bss)
    .bss                                     0x20000910   Section     1720  cmsis_os2.o(.bss)
    Idle_TCB                                 0x20000910   Data          92  cmsis_os2.o(.bss)
    Idle_Stack                               0x2000096c   Data         512  cmsis_os2.o(.bss)
    Timer_TCB                                0x20000b6c   Data          92  cmsis_os2.o(.bss)
    Timer_Stack                              0x20000bc8   Data        1024  cmsis_os2.o(.bss)
    .bss                                     0x20000fc8   Section    15360  heap_4.o(.bss)
    ucHeap                                   0x20000fc8   Data       15360  heap_4.o(.bss)
    .bss                                     0x20004bc8   Section       60  bsp_uart.o(.bss)
    g_data_buff                              0x20004bc8   Data          60  bsp_uart.o(.bss)
    .bss                                     0x20004c04   Section     1208  segger_rtt.o(.bss)
    _acUpBuffer                              0x20004cac   Data        1024  segger_rtt.o(.bss)
    _acDownBuffer                            0x200050ac   Data          16  segger_rtt.o(.bss)
    HEAP                                     0x200050c0   Section     1024  startup_stm32f411xe.o(HEAP)
    STACK                                    0x200054c0   Section     2048  startup_stm32f411xe.o(STACK)

    Global Symbols

    Symbol Name                              Value     Ov Type        Size  Object(Section)

    BuildAttributes$$THM_ISAv4$E$P$D$K$B$S$7EM$VFPi3$EXTD16$VFPS$VFMA$PE$A:L22UL41UL21$X:L11$S22US41US21$IEEE1$IW$USESV6$~STKCKD$USESV7$~SHL$OSPACE$ROPI$EBA8$MICROLIB$REQ8$PRES8$EABIv2 0x00000000   Number         0  anon$$obj.o ABSOLUTE
    __ARM_use_no_argv                        0x00000000   Number         0  main.o ABSOLUTE
    _printf_a                                0x00000000   Number         0  stubs.o ABSOLUTE
    _printf_c                                0x00000000   Number         0  stubs.o ABSOLUTE
    _printf_charcount                        0x00000000   Number         0  stubs.o ABSOLUTE
    _printf_d                                0x00000000   Number         0  stubs.o ABSOLUTE
    _printf_e                                0x00000000   Number         0  stubs.o ABSOLUTE
    _printf_f                                0x00000000   Number         0  stubs.o ABSOLUTE
    _printf_flags                            0x00000000   Number         0  stubs.o ABSOLUTE
    _printf_fp_dec                           0x00000000   Number         0  stubs.o ABSOLUTE
    _printf_fp_hex                           0x00000000   Number         0  stubs.o ABSOLUTE
    _printf_g                                0x00000000   Number         0  stubs.o ABSOLUTE
    _printf_i                                0x00000000   Number         0  stubs.o ABSOLUTE
    _printf_int_dec                          0x00000000   Number         0  stubs.o ABSOLUTE
    _printf_l                                0x00000000   Number         0  stubs.o ABSOLUTE
    _printf_lc                               0x00000000   Number         0  stubs.o ABSOLUTE
    _printf_ll                               0x00000000   Number         0  stubs.o ABSOLUTE
    _printf_lld                              0x00000000   Number         0  stubs.o ABSOLUTE
    _printf_lli                              0x00000000   Number         0  stubs.o ABSOLUTE
    _printf_llo                              0x00000000   Number         0  stubs.o ABSOLUTE
    _printf_llu                              0x00000000   Number         0  stubs.o ABSOLUTE
    _printf_llx                              0x00000000   Number         0  stubs.o ABSOLUTE
    _printf_longlong_dec                     0x00000000   Number         0  stubs.o ABSOLUTE
    _printf_longlong_hex                     0x00000000   Number         0  stubs.o ABSOLUTE
    _printf_longlong_oct                     0x00000000   Number         0  stubs.o ABSOLUTE
    _printf_ls                               0x00000000   Number         0  stubs.o ABSOLUTE
    _printf_mbtowc                           0x00000000   Number         0  stubs.o ABSOLUTE
    _printf_n                                0x00000000   Number         0  stubs.o ABSOLUTE
    _printf_o                                0x00000000   Number         0  stubs.o ABSOLUTE
    _printf_p                                0x00000000   Number         0  stubs.o ABSOLUTE
    _printf_percent                          0x00000000   Number         0  stubs.o ABSOLUTE
    _printf_pre_padding                      0x00000000   Number         0  stubs.o ABSOLUTE
    _printf_return_value                     0x00000000   Number         0  stubs.o ABSOLUTE
    _printf_s                                0x00000000   Number         0  stubs.o ABSOLUTE
    _printf_sizespec                         0x00000000   Number         0  stubs.o ABSOLUTE
    _printf_str                              0x00000000   Number         0  stubs.o ABSOLUTE
    _printf_truncate_signed                  0x00000000   Number         0  stubs.o ABSOLUTE
    _printf_truncate_unsigned                0x00000000   Number         0  stubs.o ABSOLUTE
    _printf_u                                0x00000000   Number         0  stubs.o ABSOLUTE
    _printf_wc                               0x00000000   Number         0  stubs.o ABSOLUTE
    _printf_wctomb                           0x00000000   Number         0  stubs.o ABSOLUTE
    _printf_widthprec                        0x00000000   Number         0  stubs.o ABSOLUTE
    _printf_x                                0x00000000   Number         0  stubs.o ABSOLUTE
    __cpp_initialize__aeabi_                  - Undefined Weak Reference
    __cxa_finalize                            - Undefined Weak Reference
    __decompress                              - Undefined Weak Reference
    _clock_init                               - Undefined Weak Reference
    _microlib_exit                            - Undefined Weak Reference
    __Vectors_Size                           0x00000198   Number         0  startup_stm32f411xe.o ABSOLUTE
    __Vectors                                0x08000000   Data           4  startup_stm32f411xe.o(RESET)
    __Vectors_End                            0x08000198   Data           0  startup_stm32f411xe.o(RESET)
    __main                                   0x08000199   Thumb Code     0  entry.o(.ARM.Collect$$$$00000000)
    _main_stk                                0x08000199   Thumb Code     0  entry2.o(.ARM.Collect$$$$00000001)
    _main_scatterload                        0x0800019d   Thumb Code     0  entry5.o(.ARM.Collect$$$$00000004)
    __main_after_scatterload                 0x080001a1   Thumb Code     0  entry5.o(.ARM.Collect$$$$00000004)
    _main_clock                              0x080001a1   Thumb Code     0  entry7b.o(.ARM.Collect$$$$00000008)
    _main_cpp_init                           0x080001a1   Thumb Code     0  entry8b.o(.ARM.Collect$$$$0000000A)
    _main_init                               0x080001a1   Thumb Code     0  entry9a.o(.ARM.Collect$$$$0000000B)
    __rt_final_cpp                           0x080001a9   Thumb Code     0  entry10a.o(.ARM.Collect$$$$0000000D)
    __rt_final_exit                          0x080001a9   Thumb Code     0  entry11a.o(.ARM.Collect$$$$0000000F)
    SVC_Handler                              0x080001ad   Thumb Code    28  port.o(.emb_text)
    __asm___6_port_c_39a90d8d__prvStartFirstTask 0x080001cd   Thumb Code    36  port.o(.emb_text)
    __asm___6_port_c_39a90d8d__prvEnableVFP  0x080001f5   Thumb Code    16  port.o(.emb_text)
    PendSV_Handler                           0x08000209   Thumb Code    88  port.o(.emb_text)
    vPortGetIPSR                             0x08000265   Thumb Code     6  port.o(.emb_text)
    Reset_Handler                            0x0800026d   Thumb Code     8  startup_stm32f411xe.o(.text)
    ADC_IRQHandler                           0x08000287   Thumb Code     0  startup_stm32f411xe.o(.text)
    DMA1_Stream0_IRQHandler                  0x08000287   Thumb Code     0  startup_stm32f411xe.o(.text)
    DMA1_Stream1_IRQHandler                  0x08000287   Thumb Code     0  startup_stm32f411xe.o(.text)
    DMA1_Stream2_IRQHandler                  0x08000287   Thumb Code     0  startup_stm32f411xe.o(.text)
    DMA1_Stream3_IRQHandler                  0x08000287   Thumb Code     0  startup_stm32f411xe.o(.text)
    DMA1_Stream4_IRQHandler                  0x08000287   Thumb Code     0  startup_stm32f411xe.o(.text)
    DMA1_Stream5_IRQHandler                  0x08000287   Thumb Code     0  startup_stm32f411xe.o(.text)
    DMA1_Stream6_IRQHandler                  0x08000287   Thumb Code     0  startup_stm32f411xe.o(.text)
    DMA1_Stream7_IRQHandler                  0x08000287   Thumb Code     0  startup_stm32f411xe.o(.text)
    DMA2_Stream0_IRQHandler                  0x08000287   Thumb Code     0  startup_stm32f411xe.o(.text)
    DMA2_Stream1_IRQHandler                  0x08000287   Thumb Code     0  startup_stm32f411xe.o(.text)
    DMA2_Stream3_IRQHandler                  0x08000287   Thumb Code     0  startup_stm32f411xe.o(.text)
    DMA2_Stream4_IRQHandler                  0x08000287   Thumb Code     0  startup_stm32f411xe.o(.text)
    DMA2_Stream5_IRQHandler                  0x08000287   Thumb Code     0  startup_stm32f411xe.o(.text)
    DMA2_Stream6_IRQHandler                  0x08000287   Thumb Code     0  startup_stm32f411xe.o(.text)
    DMA2_Stream7_IRQHandler                  0x08000287   Thumb Code     0  startup_stm32f411xe.o(.text)
    EXTI0_IRQHandler                         0x08000287   Thumb Code     0  startup_stm32f411xe.o(.text)
    EXTI15_10_IRQHandler                     0x08000287   Thumb Code     0  startup_stm32f411xe.o(.text)
    EXTI1_IRQHandler                         0x08000287   Thumb Code     0  startup_stm32f411xe.o(.text)
    EXTI2_IRQHandler                         0x08000287   Thumb Code     0  startup_stm32f411xe.o(.text)
    EXTI3_IRQHandler                         0x08000287   Thumb Code     0  startup_stm32f411xe.o(.text)
    EXTI4_IRQHandler                         0x08000287   Thumb Code     0  startup_stm32f411xe.o(.text)
    EXTI9_5_IRQHandler                       0x08000287   Thumb Code     0  startup_stm32f411xe.o(.text)
    FLASH_IRQHandler                         0x08000287   Thumb Code     0  startup_stm32f411xe.o(.text)
    FPU_IRQHandler                           0x08000287   Thumb Code     0  startup_stm32f411xe.o(.text)
    I2C1_ER_IRQHandler                       0x08000287   Thumb Code     0  startup_stm32f411xe.o(.text)
    I2C1_EV_IRQHandler                       0x08000287   Thumb Code     0  startup_stm32f411xe.o(.text)
    I2C2_ER_IRQHandler                       0x08000287   Thumb Code     0  startup_stm32f411xe.o(.text)
    I2C2_EV_IRQHandler                       0x08000287   Thumb Code     0  startup_stm32f411xe.o(.text)
    I2C3_ER_IRQHandler                       0x08000287   Thumb Code     0  startup_stm32f411xe.o(.text)
    I2C3_EV_IRQHandler                       0x08000287   Thumb Code     0  startup_stm32f411xe.o(.text)
    OTG_FS_IRQHandler                        0x08000287   Thumb Code     0  startup_stm32f411xe.o(.text)
    OTG_FS_WKUP_IRQHandler                   0x08000287   Thumb Code     0  startup_stm32f411xe.o(.text)
    PVD_IRQHandler                           0x08000287   Thumb Code     0  startup_stm32f411xe.o(.text)
    RCC_IRQHandler                           0x08000287   Thumb Code     0  startup_stm32f411xe.o(.text)
    RTC_Alarm_IRQHandler                     0x08000287   Thumb Code     0  startup_stm32f411xe.o(.text)
    RTC_WKUP_IRQHandler                      0x08000287   Thumb Code     0  startup_stm32f411xe.o(.text)
    SDIO_IRQHandler                          0x08000287   Thumb Code     0  startup_stm32f411xe.o(.text)
    SPI1_IRQHandler                          0x08000287   Thumb Code     0  startup_stm32f411xe.o(.text)
    SPI2_IRQHandler                          0x08000287   Thumb Code     0  startup_stm32f411xe.o(.text)
    SPI3_IRQHandler                          0x08000287   Thumb Code     0  startup_stm32f411xe.o(.text)
    SPI4_IRQHandler                          0x08000287   Thumb Code     0  startup_stm32f411xe.o(.text)
    SPI5_IRQHandler                          0x08000287   Thumb Code     0  startup_stm32f411xe.o(.text)
    TAMP_STAMP_IRQHandler                    0x08000287   Thumb Code     0  startup_stm32f411xe.o(.text)
    TIM1_BRK_TIM9_IRQHandler                 0x08000287   Thumb Code     0  startup_stm32f411xe.o(.text)
    TIM1_CC_IRQHandler                       0x08000287   Thumb Code     0  startup_stm32f411xe.o(.text)
    TIM1_UP_TIM10_IRQHandler                 0x08000287   Thumb Code     0  startup_stm32f411xe.o(.text)
    TIM2_IRQHandler                          0x08000287   Thumb Code     0  startup_stm32f411xe.o(.text)
    TIM4_IRQHandler                          0x08000287   Thumb Code     0  startup_stm32f411xe.o(.text)
    TIM5_IRQHandler                          0x08000287   Thumb Code     0  startup_stm32f411xe.o(.text)
    USART2_IRQHandler                        0x08000287   Thumb Code     0  startup_stm32f411xe.o(.text)
    USART6_IRQHandler                        0x08000287   Thumb Code     0  startup_stm32f411xe.o(.text)
    WWDG_IRQHandler                          0x08000287   Thumb Code     0  startup_stm32f411xe.o(.text)
    __aeabi_uldivmod                         0x08000291   Thumb Code    98  uldiv.o(.text)
    __aeabi_memcpy                           0x080002f3   Thumb Code    36  memcpya.o(.text)
    __aeabi_memcpy4                          0x080002f3   Thumb Code     0  memcpya.o(.text)
    __aeabi_memcpy8                          0x080002f3   Thumb Code     0  memcpya.o(.text)
    __aeabi_memset                           0x08000317   Thumb Code    14  memseta.o(.text)
    __aeabi_memset4                          0x08000317   Thumb Code     0  memseta.o(.text)
    __aeabi_memset8                          0x08000317   Thumb Code     0  memseta.o(.text)
    __aeabi_memclr                           0x08000325   Thumb Code     4  memseta.o(.text)
    __aeabi_memclr4                          0x08000325   Thumb Code     0  memseta.o(.text)
    __aeabi_memclr8                          0x08000325   Thumb Code     0  memseta.o(.text)
    memset                                   0x08000329   Thumb Code    18  memseta.o(.text)
    strcpy                                   0x0800033b   Thumb Code    18  strcpy.o(.text)
    __aeabi_uidiv                            0x0800034d   Thumb Code     0  uidiv.o(.text)
    __aeabi_uidivmod                         0x0800034d   Thumb Code    44  uidiv.o(.text)
    __aeabi_llsl                             0x08000379   Thumb Code    30  llshl.o(.text)
    _ll_shift_l                              0x08000379   Thumb Code     0  llshl.o(.text)
    __aeabi_llsr                             0x08000397   Thumb Code    32  llushr.o(.text)
    _ll_ushift_r                             0x08000397   Thumb Code     0  llushr.o(.text)
    __scatterload                            0x080003b9   Thumb Code    28  init.o(.text)
    __scatterload_rt2                        0x080003b9   Thumb Code     0  init.o(.text)
    BusFault_Handler                         0x080003dd   Thumb Code     2  stm32f4xx_it.o(i.BusFault_Handler)
    DMA2_Stream2_IRQHandler                  0x080003e1   Thumb Code     6  stm32f4xx_it.o(i.DMA2_Stream2_IRQHandler)
    DebugMon_Handler                         0x08000491   Thumb Code     2  stm32f4xx_it.o(i.DebugMon_Handler)
    Error_Handler                            0x08000493   Thumb Code     4  main.o(i.Error_Handler)
    HAL_DMA_Abort                            0x08000497   Thumb Code   146  stm32f4xx_hal_dma.o(i.HAL_DMA_Abort)
    HAL_DMA_Abort_IT                         0x08000529   Thumb Code    36  stm32f4xx_hal_dma.o(i.HAL_DMA_Abort_IT)
    HAL_DMA_IRQHandler                       0x0800054d   Thumb Code   412  stm32f4xx_hal_dma.o(i.HAL_DMA_IRQHandler)
    HAL_DMA_Init                             0x080006ed   Thumb Code   206  stm32f4xx_hal_dma.o(i.HAL_DMA_Init)
    HAL_DMA_Start_IT                         0x080007c1   Thumb Code   110  stm32f4xx_hal_dma.o(i.HAL_DMA_Start_IT)
    HAL_GPIO_Init                            0x08000831   Thumb Code   446  stm32f4xx_hal_gpio.o(i.HAL_GPIO_Init)
    HAL_GPIO_ReadPin                         0x08000a11   Thumb Code    10  stm32f4xx_hal_gpio.o(i.HAL_GPIO_ReadPin)
    HAL_GPIO_TogglePin                       0x08000a1b   Thumb Code    16  stm32f4xx_hal_gpio.o(i.HAL_GPIO_TogglePin)
    HAL_GPIO_WritePin                        0x08000a2b   Thumb Code    10  stm32f4xx_hal_gpio.o(i.HAL_GPIO_WritePin)
    HAL_GetTick                              0x08000a35   Thumb Code     6  stm32f4xx_hal.o(i.HAL_GetTick)
    HAL_IncTick                              0x08000a41   Thumb Code    12  stm32f4xx_hal.o(i.HAL_IncTick)
    HAL_Init                                 0x08000a51   Thumb Code    48  stm32f4xx_hal.o(i.HAL_Init)
    HAL_InitTick                             0x08000a85   Thumb Code   132  stm32f4xx_hal_timebase_tim.o(i.HAL_InitTick)
    HAL_MspInit                              0x08000b1d   Thumb Code    52  stm32f4xx_hal_msp.o(i.HAL_MspInit)
    HAL_NVIC_EnableIRQ                       0x08000b55   Thumb Code    26  stm32f4xx_hal_cortex.o(i.HAL_NVIC_EnableIRQ)
    HAL_NVIC_SetPriority                     0x08000b71   Thumb Code    60  stm32f4xx_hal_cortex.o(i.HAL_NVIC_SetPriority)
    HAL_NVIC_SetPriorityGrouping             0x08000bb1   Thumb Code    26  stm32f4xx_hal_cortex.o(i.HAL_NVIC_SetPriorityGrouping)
    HAL_RCC_ClockConfig                      0x08000bd5   Thumb Code   288  stm32f4xx_hal_rcc.o(i.HAL_RCC_ClockConfig)
    HAL_RCC_GetClockConfig                   0x08000d09   Thumb Code    54  stm32f4xx_hal_rcc.o(i.HAL_RCC_GetClockConfig)
    HAL_RCC_GetPCLK1Freq                     0x08000d49   Thumb Code    20  stm32f4xx_hal_rcc.o(i.HAL_RCC_GetPCLK1Freq)
    HAL_RCC_GetPCLK2Freq                     0x08000d69   Thumb Code    20  stm32f4xx_hal_rcc.o(i.HAL_RCC_GetPCLK2Freq)
    HAL_RCC_GetSysClockFreq                  0x08000d89   Thumb Code    88  stm32f4xx_hal_rcc.o(i.HAL_RCC_GetSysClockFreq)
    HAL_RCC_OscConfig                        0x08000ded   Thumb Code   856  stm32f4xx_hal_rcc.o(i.HAL_RCC_OscConfig)
    HAL_TIMEx_BreakCallback                  0x08001159   Thumb Code     2  stm32f4xx_hal_tim_ex.o(i.HAL_TIMEx_BreakCallback)
    HAL_TIMEx_CommutCallback                 0x0800115b   Thumb Code     2  stm32f4xx_hal_tim_ex.o(i.HAL_TIMEx_CommutCallback)
    HAL_TIMEx_MasterConfigSynchronization    0x0800115d   Thumb Code   104  stm32f4xx_hal_tim_ex.o(i.HAL_TIMEx_MasterConfigSynchronization)
    HAL_TIM_Base_Init                        0x080011d9   Thumb Code    90  stm32f4xx_hal_tim.o(i.HAL_TIM_Base_Init)
    HAL_TIM_Base_MspInit                     0x08001235   Thumb Code   120  tim.o(i.HAL_TIM_Base_MspInit)
    HAL_TIM_Base_Start                       0x080012c1   Thumb Code    78  stm32f4xx_hal_tim.o(i.HAL_TIM_Base_Start)
    HAL_TIM_Base_Start_IT                    0x08001325   Thumb Code    88  stm32f4xx_hal_tim.o(i.HAL_TIM_Base_Start_IT)
    HAL_TIM_Base_Stop                        0x08001391   Thumb Code    38  stm32f4xx_hal_tim.o(i.HAL_TIM_Base_Stop)
    HAL_TIM_ConfigClockSource                0x080013b7   Thumb Code   220  stm32f4xx_hal_tim.o(i.HAL_TIM_ConfigClockSource)
    HAL_TIM_IC_CaptureCallback               0x08001493   Thumb Code     2  stm32f4xx_hal_tim.o(i.HAL_TIM_IC_CaptureCallback)
    HAL_TIM_IRQHandler                       0x08001495   Thumb Code   304  stm32f4xx_hal_tim.o(i.HAL_TIM_IRQHandler)
    HAL_TIM_MspPostInit                      0x080015c5   Thumb Code   108  tim.o(i.HAL_TIM_MspPostInit)
    HAL_TIM_OC_DelayElapsedCallback          0x08001645   Thumb Code     2  stm32f4xx_hal_tim.o(i.HAL_TIM_OC_DelayElapsedCallback)
    HAL_TIM_PWM_ConfigChannel                0x08001647   Thumb Code   204  stm32f4xx_hal_tim.o(i.HAL_TIM_PWM_ConfigChannel)
    HAL_TIM_PWM_Init                         0x08001713   Thumb Code    90  stm32f4xx_hal_tim.o(i.HAL_TIM_PWM_Init)
    HAL_TIM_PWM_MspInit                      0x0800176d   Thumb Code     2  stm32f4xx_hal_tim.o(i.HAL_TIM_PWM_MspInit)
    HAL_TIM_PWM_PulseFinishedCallback        0x0800176f   Thumb Code     2  stm32f4xx_hal_tim.o(i.HAL_TIM_PWM_PulseFinishedCallback)
    HAL_TIM_PWM_Start                        0x08001771   Thumb Code   156  stm32f4xx_hal_tim.o(i.HAL_TIM_PWM_Start)
    HAL_TIM_PWM_Stop                         0x08001821   Thumb Code   108  stm32f4xx_hal_tim.o(i.HAL_TIM_PWM_Stop)
    HAL_TIM_PeriodElapsedCallback            0x08001891   Thumb Code   110  main.o(i.HAL_TIM_PeriodElapsedCallback)
    HAL_TIM_TriggerCallback                  0x08001911   Thumb Code     2  stm32f4xx_hal_tim.o(i.HAL_TIM_TriggerCallback)
    HAL_UARTEx_ReceiveToIdle_DMA             0x08001913   Thumb Code    74  stm32f4xx_hal_uart.o(i.HAL_UARTEx_ReceiveToIdle_DMA)
    HAL_UARTEx_RxEventCallback               0x0800195d   Thumb Code    62  bsp_uart.o(i.HAL_UARTEx_RxEventCallback)
    HAL_UART_ErrorCallback                   0x080019a9   Thumb Code     2  stm32f4xx_hal_uart.o(i.HAL_UART_ErrorCallback)
    HAL_UART_IRQHandler                      0x080019ad   Thumb Code   636  stm32f4xx_hal_uart.o(i.HAL_UART_IRQHandler)
    HAL_UART_Init                            0x08001c2d   Thumb Code   100  stm32f4xx_hal_uart.o(i.HAL_UART_Init)
    HAL_UART_MspInit                         0x08001c91   Thumb Code   158  usart.o(i.HAL_UART_MspInit)
    HAL_UART_RxCpltCallback                  0x08001d45   Thumb Code     2  bsp_uart.o(i.HAL_UART_RxCpltCallback)
    HAL_UART_RxHalfCpltCallback              0x08001d47   Thumb Code     2  stm32f4xx_hal_uart.o(i.HAL_UART_RxHalfCpltCallback)
    HAL_UART_TxCpltCallback                  0x08001d49   Thumb Code     2  stm32f4xx_hal_uart.o(i.HAL_UART_TxCpltCallback)
    HardFault_Handler                        0x08001d4b   Thumb Code     2  stm32f4xx_it.o(i.HardFault_Handler)
    Hard_Init                                0x08001d4d   Thumb Code   120  main.o(i.Hard_Init)
    MX_DMA_Init                              0x08001ddd   Thumb Code    40  dma.o(i.MX_DMA_Init)
    MX_FREERTOS_Init                         0x08001e09   Thumb Code    18  freertos.o(i.MX_FREERTOS_Init)
    MX_GPIO_Init                             0x08001e29   Thumb Code   252  gpio.o(i.MX_GPIO_Init)
    MX_TIM11_Init                            0x08001f35   Thumb Code    44  tim.o(i.MX_TIM11_Init)
    MX_TIM4_Init                             0x08001f69   Thumb Code   146  tim.o(i.MX_TIM4_Init)
    MX_TIM5_Init                             0x08002005   Thumb Code   146  tim.o(i.MX_TIM5_Init)
    MX_TIM9_Init                             0x080020a1   Thumb Code    68  tim.o(i.MX_TIM9_Init)
    MX_USART1_UART_Init                      0x080020ed   Thumb Code    48  usart.o(i.MX_USART1_UART_Init)
    MemManage_Handler                        0x08002125   Thumb Code     2  stm32f4xx_it.o(i.MemManage_Handler)
    NMI_Handler                              0x08002127   Thumb Code     2  stm32f4xx_it.o(i.NMI_Handler)
    OLED_Clear                               0x08002129   Thumb Code    38  oled.o(i.OLED_Clear)
    OLED_I2C_Init                            0x08002151   Thumb Code    28  oled.o(i.OLED_I2C_Init)
    OLED_I2C_SendByte                        0x08002171   Thumb Code   120  oled.o(i.OLED_I2C_SendByte)
    OLED_I2C_Start                           0x080021ed   Thumb Code    76  oled.o(i.OLED_I2C_Start)
    OLED_I2C_Stop                            0x0800223d   Thumb Code    60  oled.o(i.OLED_I2C_Stop)
    OLED_Init                                0x0800227d   Thumb Code   152  oled.o(i.OLED_Init)
    OLED_SetCursor                           0x08002315   Thumb Code    34  oled.o(i.OLED_SetCursor)
    OLED_WriteCommand                        0x08002337   Thumb Code    34  oled.o(i.OLED_WriteCommand)
    OLED_WriteData                           0x08002359   Thumb Code    34  oled.o(i.OLED_WriteData)
    SEGGER_RTT_PutChar                       0x0800237d   Thumb Code    90  segger_rtt.o(i.SEGGER_RTT_PutChar)
    StartDefaultTask                         0x080023dd   Thumb Code    76  freertos.o(i.StartDefaultTask)
    SysTick_Handler                          0x08002459   Thumb Code    26  cmsis_os2.o(i.SysTick_Handler)
    SystemClock_Config                       0x08002475   Thumb Code   136  main.o(i.SystemClock_Config)
    SystemInit                               0x08002505   Thumb Code    12  system_stm32f4xx.o(i.SystemInit)
    TIM1_TRG_COM_TIM11_IRQHandler            0x08002515   Thumb Code     6  stm32f4xx_it.o(i.TIM1_TRG_COM_TIM11_IRQHandler)
    TIM3_IRQHandler                          0x08002521   Thumb Code     6  stm32f4xx_it.o(i.TIM3_IRQHandler)
    TIM_Base_SetConfig                       0x0800252d   Thumb Code   130  stm32f4xx_hal_tim.o(i.TIM_Base_SetConfig)
    TIM_CCxChannelCmd                        0x080025cd   Thumb Code    26  stm32f4xx_hal_tim.o(i.TIM_CCxChannelCmd)
    TIM_ETR_SetConfig                        0x080025e7   Thumb Code    20  stm32f4xx_hal_tim.o(i.TIM_ETR_SetConfig)
    TIM_OC2_SetConfig                        0x0800265d   Thumb Code    84  stm32f4xx_hal_tim.o(i.TIM_OC2_SetConfig)
    UART_Start_Receive_DMA                   0x08002acd   Thumb Code   146  stm32f4xx_hal_uart.o(i.UART_Start_Receive_DMA)
    USART1_IRQHandler                        0x08002b6d   Thumb Code     6  stm32f4xx_it.o(i.USART1_IRQHandler)
    Uart_consume_func                        0x08002b79   Thumb Code   180  bsp_uart.o(i.Uart_consume_func)
    Uart_produce_func                        0x08002c35   Thumb Code    96  bsp_uart.o(i.Uart_produce_func)
    UsageFault_Handler                       0x08002ca1   Thumb Code     2  stm32f4xx_it.o(i.UsageFault_Handler)
    __0printf$1                              0x08002d0d   Thumb Code    22  printf1.o(i.__0printf$1)
    __1printf$1                              0x08002d0d   Thumb Code     0  printf1.o(i.__0printf$1)
    __2printf                                0x08002d0d   Thumb Code     0  printf1.o(i.__0printf$1)
    __scatterload_copy                       0x08002d4d   Thumb Code    14  handlers.o(i.__scatterload_copy)
    __scatterload_null                       0x08002d5b   Thumb Code     2  handlers.o(i.__scatterload_null)
    __scatterload_zeroinit                   0x08002d5d   Thumb Code    14  handlers.o(i.__scatterload_zeroinit)
    buffer_is_empty                          0x08002ec1   Thumb Code    22  mid_circular_buffer.o(i.buffer_is_empty)
    buffer_pop                               0x08002ed7   Thumb Code    52  mid_circular_buffer.o(i.buffer_pop)
    buffer_tail_move                         0x08002f0b   Thumb Code    16  mid_circular_buffer.o(i.buffer_tail_move)
    creat_pid_controller                     0x08002f1b   Thumb Code    58  mid_pid.o(i.creat_pid_controller)
    creat_step_motor                         0x08002f55   Thumb Code    54  bsp_step_motor.o(i.creat_step_motor)
    create_circular_buffer                   0x08002f8b   Thumb Code    26  mid_circular_buffer.o(i.create_circular_buffer)
    display_sensor_func                      0x08002fa5   Thumb Code    22  app_control.o(i.display_sensor_func)
    fputc                                    0x08002fc1   Thumb Code    16  main.o(i.fputc)
    key_read_func                            0x08002fd1   Thumb Code    90  bsp_key.o(i.key_read_func)
    main                                     0x08003135   Thumb Code    54  main.o(i.main)
    malloc                                   0x0800316d   Thumb Code    92  malloc.o(i.malloc)
    osDelay                                  0x080031d9   Thumb Code    26  cmsis_os2.o(i.osDelay)
    osKernelInitialize                       0x080031f5   Thumb Code    32  cmsis_os2.o(i.osKernelInitialize)
    osKernelStart                            0x08003219   Thumb Code    48  cmsis_os2.o(i.osKernelStart)
    osThreadNew                              0x08003251   Thumb Code   138  cmsis_os2.o(i.osThreadNew)
    pid_compute                              0x080032db   Thumb Code   138  mid_pid.o(i.pid_compute)
    pvPortMalloc                             0x08003b11   Thumb Code   216  heap_4.o(i.pvPortMalloc)
    pvTaskIncrementMutexHeldCount            0x08003bed   Thumb Code    18  tasks.o(i.pvTaskIncrementMutexHeldCount)
    pxPortInitialiseStack                    0x08003c05   Thumb Code    40  port.o(i.pxPortInitialiseStack)
    set_step_speed                           0x08003c31   Thumb Code     8  bsp_step_motor.o(i.set_step_speed)
    step_motor_run                           0x08003c39   Thumb Code   174  bsp_step_motor.o(i.step_motor_run)
    ulTaskNotifyTake                         0x08003cfd   Thumb Code    96  tasks.o(i.ulTaskNotifyTake)
    uxListRemove                             0x08003d65   Thumb Code    38  list.o(i.uxListRemove)
    vApplicationGetIdleTaskMemory            0x08003d8d   Thumb Code    16  cmsis_os2.o(i.vApplicationGetIdleTaskMemory)
    vApplicationGetTimerTaskMemory           0x08003da1   Thumb Code    18  cmsis_os2.o(i.vApplicationGetTimerTaskMemory)
    vDelay_us                                0x08003db9   Thumb Code    38  delay.o(i.vDelay_us)
    vListInitialise                          0x08003de5   Thumb Code    22  list.o(i.vListInitialise)
    vListInitialiseItem                      0x08003dfb   Thumb Code     6  list.o(i.vListInitialiseItem)
    vListInsert                              0x08003e01   Thumb Code    48  list.o(i.vListInsert)
    vListInsertEnd                           0x08003e31   Thumb Code    24  list.o(i.vListInsertEnd)
    vPortEnterCritical                       0x08003e49   Thumb Code    54  port.o(i.vPortEnterCritical)
    vPortExitCritical                        0x08003e89   Thumb Code    34  port.o(i.vPortExitCritical)
    vPortFree                                0x08003eb1   Thumb Code    94  heap_4.o(i.vPortFree)
    vPortSetupTimerInterrupt                 0x08003f15   Thumb Code    32  port.o(i.vPortSetupTimerInterrupt)
    vPortValidateInterruptPriority           0x08003f39   Thumb Code    74  port.o(i.vPortValidateInterruptPriority)
    vQueueAddToRegistry                      0x08003f8d   Thumb Code    34  queue.o(i.vQueueAddToRegistry)
    vQueueWaitForMessageRestricted           0x08003fb5   Thumb Code    68  queue.o(i.vQueueWaitForMessageRestricted)
    vTaskDelay                               0x08003ff9   Thumb Code    66  tasks.o(i.vTaskDelay)
    vTaskDelete                              0x08004045   Thumb Code   130  tasks.o(i.vTaskDelete)
    vTaskInternalSetTimeOutState             0x080040d5   Thumb Code    12  tasks.o(i.vTaskInternalSetTimeOutState)
    vTaskMissedYield                         0x080040e5   Thumb Code     8  tasks.o(i.vTaskMissedYield)
    vTaskPlaceOnEventList                    0x080040f1   Thumb Code    44  tasks.o(i.vTaskPlaceOnEventList)
    vTaskPlaceOnEventListRestricted          0x08004121   Thumb Code    52  tasks.o(i.vTaskPlaceOnEventListRestricted)
    vTaskPriorityDisinheritAfterTimeout      0x08004159   Thumb Code   134  tasks.o(i.vTaskPriorityDisinheritAfterTimeout)
    vTaskStartScheduler                      0x080041e9   Thumb Code   118  tasks.o(i.vTaskStartScheduler)
    vTaskSuspendAll                          0x08004271   Thumb Code    10  tasks.o(i.vTaskSuspendAll)
    vTaskSwitchContext                       0x08004281   Thumb Code    90  tasks.o(i.vTaskSwitchContext)
    xPortStartScheduler                      0x080042e5   Thumb Code   222  port.o(i.xPortStartScheduler)
    xPortSysTickHandler                      0x080043d9   Thumb Code    38  port.o(i.xPortSysTickHandler)
    xQueueCreateMutex                        0x08004405   Thumb Code    22  queue.o(i.xQueueCreateMutex)
    xQueueGenericCreate                      0x0800441b   Thumb Code    66  queue.o(i.xQueueGenericCreate)
    xQueueGenericCreateStatic                0x0800445d   Thumb Code   102  queue.o(i.xQueueGenericCreateStatic)
    xQueueGenericReset                       0x080044c5   Thumb Code   132  queue.o(i.xQueueGenericReset)
    xQueueGenericSend                        0x0800454d   Thumb Code   346  queue.o(i.xQueueGenericSend)
    xQueueGenericSendFromISR                 0x080046ad   Thumb Code   190  queue.o(i.xQueueGenericSendFromISR)
    xQueueReceive                            0x0800476d   Thumb Code   308  queue.o(i.xQueueReceive)
    xQueueSemaphoreTake                      0x080048a5   Thumb Code   372  queue.o(i.xQueueSemaphoreTake)
    xTaskCheckForTimeOut                     0x08004a1d   Thumb Code   112  tasks.o(i.xTaskCheckForTimeOut)
    xTaskCreate                              0x08004a91   Thumb Code    90  tasks.o(i.xTaskCreate)
    xTaskCreateStatic                        0x08004aeb   Thumb Code    86  tasks.o(i.xTaskCreateStatic)
    xTaskGenericNotify                       0x08004b41   Thumb Code   210  tasks.o(i.xTaskGenericNotify)
    xTaskGenericNotifyFromISR                0x08004c21   Thumb Code   246  tasks.o(i.xTaskGenericNotifyFromISR)
    xTaskGetSchedulerState                   0x08004d25   Thumb Code    22  tasks.o(i.xTaskGetSchedulerState)
    xTaskGetTickCount                        0x08004d41   Thumb Code     6  tasks.o(i.xTaskGetTickCount)
    xTaskIncrementTick                       0x08004d4d   Thumb Code   192  tasks.o(i.xTaskIncrementTick)
    xTaskNotifyWait                          0x08004e15   Thumb Code   130  tasks.o(i.xTaskNotifyWait)
    xTaskPriorityDisinherit                  0x08004ea1   Thumb Code   118  tasks.o(i.xTaskPriorityDisinherit)
    xTaskPriorityInherit                     0x08004f21   Thumb Code   112  tasks.o(i.xTaskPriorityInherit)
    xTaskRemoveFromEventList                 0x08004f99   Thumb Code    98  tasks.o(i.xTaskRemoveFromEventList)
    xTaskResumeAll                           0x08005009   Thumb Code   182  tasks.o(i.xTaskResumeAll)
    xTimerCreateTimerTask                    0x080050cd   Thumb Code    78  timers.o(i.xTimerCreateTimerTask)
    xTimerGenericCommand                     0x0800512d   Thumb Code    98  timers.o(i.xTimerGenericCommand)
    start_Task_attributes                    0x08005194   Data          36  freertos.o(.constdata)
    AHBPrescTable                            0x080051c0   Data          16  system_stm32f4xx.o(.constdata)
    APBPrescTable                            0x080051d0   Data           8  system_stm32f4xx.o(.constdata)
    Task_Key_Read_attributes                 0x080051d8   Data          36  bsp_key.o(.constdata)
    Uart_produce_Task_attributes             0x080051fc   Data          36  bsp_uart.o(.constdata)
    Uart_consume_Task_attributes             0x08005220   Data          36  bsp_uart.o(.constdata)
    Task_Display_attributes                  0x08005244   Data          36  app_control.o(.constdata)
    Region$$Table$$Base                      0x080052bc   Number         0  anon$$obj.o(Region$$Table)
    Region$$Table$$Limit                     0x080052dc   Number         0  anon$$obj.o(Region$$Table)
    g_step_motor_x_inst                      0x20000000   Data           4  main.o(.data)
    g_step_motor_y_inst                      0x20000004   Data           4  main.o(.data)
    g_x_pid_controller                       0x20000008   Data           4  main.o(.data)
    g_y_pid_controller                       0x2000000c   Data           4  main.o(.data)
    num                                      0x20000010   Data           4  main.o(.data)
    start_TaskHandle                         0x20000014   Data           4  freertos.o(.data)
    uwTickFreq                               0x20000018   Data           1  stm32f4xx_hal.o(.data)
    uwTickPrio                               0x2000001c   Data           4  stm32f4xx_hal.o(.data)
    uwTick                                   0x20000020   Data           4  stm32f4xx_hal.o(.data)
    SystemCoreClock                          0x20000024   Data           4  system_stm32f4xx.o(.data)
    pxCurrentTCB                             0x20000028   Data           4  tasks.o(.data)
    key_queue                                0x200000b0   Data           4  bsp_key.o(.data)
    Key_Read_Handle                          0x200000b4   Data           4  bsp_key.o(.data)
    target_location                          0x200000b9   Data           2  bsp_uart.o(.data)
    Uart_produce_TaskHandle                  0x200000cc   Data           4  bsp_uart.o(.data)
    Uart_consume_TaskHandle                  0x200000d0   Data           4  bsp_uart.o(.data)
    Sensor_DisplayHandle                     0x200000d4   Data           4  app_control.o(.data)
    __stdout                                 0x200000d8   Data           4  stdout.o(.data)
    __microlib_freelist                      0x200000dc   Data           4  mvars.o(.data)
    __microlib_freelist_initialised          0x200000e0   Data           4  mvars.o(.data)
    htim4                                    0x200000e4   Data          72  tim.o(.bss)
    htim5                                    0x2000012c   Data          72  tim.o(.bss)
    htim9                                    0x20000174   Data          72  tim.o(.bss)
    htim11                                   0x200001bc   Data          72  tim.o(.bss)
    huart1                                   0x20000204   Data          72  usart.o(.bss)
    hdma_usart1_rx                           0x2000024c   Data          96  usart.o(.bss)
    htim3                                    0x200002ac   Data          72  stm32f4xx_hal_timebase_tim.o(.bss)
    xQueueRegistry                           0x200002f4   Data          64  queue.o(.bss)
    _SEGGER_RTT                              0x20004c04   Data         168  segger_rtt.o(.bss)
    __heap_base                              0x200050c0   Data           0  startup_stm32f411xe.o(HEAP)
    __heap_limit                             0x200054c0   Data           0  startup_stm32f411xe.o(HEAP)
    __initial_sp                             0x20005cc0   Data           0  startup_stm32f411xe.o(STACK)



==============================================================================

Memory Map of the image

  Image Entry point : 0x08000199

  Load Region LR_IROM1 (Base: 0x08000000, Size: 0x000053c0, Max: 0x00080000, ABSOLUTE)

    Execution Region ER_IROM1 (Exec base: 0x08000000, Load base: 0x08000000, Size: 0x000052dc, Max: 0x00080000, ABSOLUTE)

    Exec Addr    Load Addr    Size         Type   Attr      Idx    E Section Name        Object

    0x08000000   0x08000000   0x00000198   Data   RO            3    RESET               startup_stm32f411xe.o
    0x08000198   0x08000198   0x00000000   Code   RO         5672  * .ARM.Collect$$$$00000000  mc_w.l(entry.o)
    0x08000198   0x08000198   0x00000004   Code   RO         5978    .ARM.Collect$$$$00000001  mc_w.l(entry2.o)
    0x0800019c   0x0800019c   0x00000004   Code   RO         5981    .ARM.Collect$$$$00000004  mc_w.l(entry5.o)
    0x080001a0   0x080001a0   0x00000000   Code   RO         5983    .ARM.Collect$$$$00000008  mc_w.l(entry7b.o)
    0x080001a0   0x080001a0   0x00000000   Code   RO         5985    .ARM.Collect$$$$0000000A  mc_w.l(entry8b.o)
    0x080001a0   0x080001a0   0x00000008   Code   RO         5986    .ARM.Collect$$$$0000000B  mc_w.l(entry9a.o)
    0x080001a8   0x080001a8   0x00000000   Code   RO         5988    .ARM.Collect$$$$0000000D  mc_w.l(entry10a.o)
    0x080001a8   0x080001a8   0x00000000   Code   RO         5990    .ARM.Collect$$$$0000000F  mc_w.l(entry11a.o)
    0x080001a8   0x080001a8   0x00000004   Code   RO         5979    .ARM.Collect$$$$00002712  mc_w.l(entry2.o)
    0x080001ac   0x080001ac   0x000000be   Code   RO         4885    .emb_text           port.o
    0x0800026a   0x0800026a   0x00000002   PAD
    0x0800026c   0x0800026c   0x00000024   Code   RO            4    .text               startup_stm32f411xe.o
    0x08000290   0x08000290   0x00000062   Code   RO         5675    .text               mc_w.l(uldiv.o)
    0x080002f2   0x080002f2   0x00000024   Code   RO         5677    .text               mc_w.l(memcpya.o)
    0x08000316   0x08000316   0x00000024   Code   RO         5681    .text               mc_w.l(memseta.o)
    0x0800033a   0x0800033a   0x00000012   Code   RO         5685    .text               mc_w.l(strcpy.o)
    0x0800034c   0x0800034c   0x0000002c   Code   RO         5993    .text               mc_w.l(uidiv.o)
    0x08000378   0x08000378   0x0000001e   Code   RO         5995    .text               mc_w.l(llshl.o)
    0x08000396   0x08000396   0x00000020   Code   RO         5997    .text               mc_w.l(llushr.o)
    0x080003b6   0x080003b6   0x00000002   PAD
    0x080003b8   0x080003b8   0x00000024   Code   RO         6012    .text               mc_w.l(init.o)
    0x080003dc   0x080003dc   0x00000002   Code   RO          466    i.BusFault_Handler  stm32f4xx_it.o
    0x080003de   0x080003de   0x00000002   PAD
    0x080003e0   0x080003e0   0x0000000c   Code   RO          467    i.DMA2_Stream2_IRQHandler  stm32f4xx_it.o
    0x080003ec   0x080003ec   0x00000028   Code   RO         2097    i.DMA_CalcBaseAndBitshift  stm32f4xx_hal_dma.o
    0x08000414   0x08000414   0x00000054   Code   RO         2098    i.DMA_CheckFifoParam  stm32f4xx_hal_dma.o
    0x08000468   0x08000468   0x00000028   Code   RO         2099    i.DMA_SetConfig     stm32f4xx_hal_dma.o
    0x08000490   0x08000490   0x00000002   Code   RO          468    i.DebugMon_Handler  stm32f4xx_it.o
    0x08000492   0x08000492   0x00000004   Code   RO           13    i.Error_Handler     main.o
    0x08000496   0x08000496   0x00000092   Code   RO         2100    i.HAL_DMA_Abort     stm32f4xx_hal_dma.o
    0x08000528   0x08000528   0x00000024   Code   RO         2101    i.HAL_DMA_Abort_IT  stm32f4xx_hal_dma.o
    0x0800054c   0x0800054c   0x000001a0   Code   RO         2105    i.HAL_DMA_IRQHandler  stm32f4xx_hal_dma.o
    0x080006ec   0x080006ec   0x000000d4   Code   RO         2106    i.HAL_DMA_Init      stm32f4xx_hal_dma.o
    0x080007c0   0x080007c0   0x0000006e   Code   RO         2110    i.HAL_DMA_Start_IT  stm32f4xx_hal_dma.o
    0x0800082e   0x0800082e   0x00000002   PAD
    0x08000830   0x08000830   0x000001e0   Code   RO         1993    i.HAL_GPIO_Init     stm32f4xx_hal_gpio.o
    0x08000a10   0x08000a10   0x0000000a   Code   RO         1995    i.HAL_GPIO_ReadPin  stm32f4xx_hal_gpio.o
    0x08000a1a   0x08000a1a   0x00000010   Code   RO         1996    i.HAL_GPIO_TogglePin  stm32f4xx_hal_gpio.o
    0x08000a2a   0x08000a2a   0x0000000a   Code   RO         1997    i.HAL_GPIO_WritePin  stm32f4xx_hal_gpio.o
    0x08000a34   0x08000a34   0x0000000c   Code   RO         2567    i.HAL_GetTick       stm32f4xx_hal.o
    0x08000a40   0x08000a40   0x00000010   Code   RO         2573    i.HAL_IncTick       stm32f4xx_hal.o
    0x08000a50   0x08000a50   0x00000034   Code   RO         2574    i.HAL_Init          stm32f4xx_hal.o
    0x08000a84   0x08000a84   0x00000098   Code   RO          572    i.HAL_InitTick      stm32f4xx_hal_timebase_tim.o
    0x08000b1c   0x08000b1c   0x00000038   Code   RO          548    i.HAL_MspInit       stm32f4xx_hal_msp.o
    0x08000b54   0x08000b54   0x0000001a   Code   RO         2409    i.HAL_NVIC_EnableIRQ  stm32f4xx_hal_cortex.o
    0x08000b6e   0x08000b6e   0x00000002   PAD
    0x08000b70   0x08000b70   0x00000040   Code   RO         2415    i.HAL_NVIC_SetPriority  stm32f4xx_hal_cortex.o
    0x08000bb0   0x08000bb0   0x00000024   Code   RO         2416    i.HAL_NVIC_SetPriorityGrouping  stm32f4xx_hal_cortex.o
    0x08000bd4   0x08000bd4   0x00000134   Code   RO         1585    i.HAL_RCC_ClockConfig  stm32f4xx_hal_rcc.o
    0x08000d08   0x08000d08   0x00000040   Code   RO         1589    i.HAL_RCC_GetClockConfig  stm32f4xx_hal_rcc.o
    0x08000d48   0x08000d48   0x00000020   Code   RO         1592    i.HAL_RCC_GetPCLK1Freq  stm32f4xx_hal_rcc.o
    0x08000d68   0x08000d68   0x00000020   Code   RO         1593    i.HAL_RCC_GetPCLK2Freq  stm32f4xx_hal_rcc.o
    0x08000d88   0x08000d88   0x00000064   Code   RO         1594    i.HAL_RCC_GetSysClockFreq  stm32f4xx_hal_rcc.o
    0x08000dec   0x08000dec   0x0000036c   Code   RO         1597    i.HAL_RCC_OscConfig  stm32f4xx_hal_rcc.o
    0x08001158   0x08001158   0x00000002   Code   RO         1317    i.HAL_TIMEx_BreakCallback  stm32f4xx_hal_tim_ex.o
    0x0800115a   0x0800115a   0x00000002   Code   RO         1318    i.HAL_TIMEx_CommutCallback  stm32f4xx_hal_tim_ex.o
    0x0800115c   0x0800115c   0x0000007c   Code   RO         1336    i.HAL_TIMEx_MasterConfigSynchronization  stm32f4xx_hal_tim_ex.o
    0x080011d8   0x080011d8   0x0000005a   Code   RO          613    i.HAL_TIM_Base_Init  stm32f4xx_hal_tim.o
    0x08001232   0x08001232   0x00000002   PAD
    0x08001234   0x08001234   0x0000008c   Code   RO          359    i.HAL_TIM_Base_MspInit  tim.o
    0x080012c0   0x080012c0   0x00000064   Code   RO          616    i.HAL_TIM_Base_Start  stm32f4xx_hal_tim.o
    0x08001324   0x08001324   0x0000006c   Code   RO          618    i.HAL_TIM_Base_Start_IT  stm32f4xx_hal_tim.o
    0x08001390   0x08001390   0x00000026   Code   RO          619    i.HAL_TIM_Base_Stop  stm32f4xx_hal_tim.o
    0x080013b6   0x080013b6   0x000000dc   Code   RO          622    i.HAL_TIM_ConfigClockSource  stm32f4xx_hal_tim.o
    0x08001492   0x08001492   0x00000002   Code   RO          647    i.HAL_TIM_IC_CaptureCallback  stm32f4xx_hal_tim.o
    0x08001494   0x08001494   0x00000130   Code   RO          661    i.HAL_TIM_IRQHandler  stm32f4xx_hal_tim.o
    0x080015c4   0x080015c4   0x00000080   Code   RO          360    i.HAL_TIM_MspPostInit  tim.o
    0x08001644   0x08001644   0x00000002   Code   RO          664    i.HAL_TIM_OC_DelayElapsedCallback  stm32f4xx_hal_tim.o
    0x08001646   0x08001646   0x000000cc   Code   RO          685    i.HAL_TIM_PWM_ConfigChannel  stm32f4xx_hal_tim.o
    0x08001712   0x08001712   0x0000005a   Code   RO          688    i.HAL_TIM_PWM_Init  stm32f4xx_hal_tim.o
    0x0800176c   0x0800176c   0x00000002   Code   RO          690    i.HAL_TIM_PWM_MspInit  stm32f4xx_hal_tim.o
    0x0800176e   0x0800176e   0x00000002   Code   RO          691    i.HAL_TIM_PWM_PulseFinishedCallback  stm32f4xx_hal_tim.o
    0x08001770   0x08001770   0x000000b0   Code   RO          693    i.HAL_TIM_PWM_Start  stm32f4xx_hal_tim.o
    0x08001820   0x08001820   0x00000070   Code   RO          696    i.HAL_TIM_PWM_Stop  stm32f4xx_hal_tim.o
    0x08001890   0x08001890   0x00000080   Code   RO           14    i.HAL_TIM_PeriodElapsedCallback  main.o
    0x08001910   0x08001910   0x00000002   Code   RO          704    i.HAL_TIM_TriggerCallback  stm32f4xx_hal_tim.o
    0x08001912   0x08001912   0x0000004a   Code   RO         2822    i.HAL_UARTEx_ReceiveToIdle_DMA  stm32f4xx_hal_uart.o
    0x0800195c   0x0800195c   0x0000004c   Code   RO         5049    i.HAL_UARTEx_RxEventCallback  bsp_uart.o
    0x080019a8   0x080019a8   0x00000002   Code   RO         2838    i.HAL_UART_ErrorCallback  stm32f4xx_hal_uart.o
    0x080019aa   0x080019aa   0x00000002   PAD
    0x080019ac   0x080019ac   0x00000280   Code   RO         2841    i.HAL_UART_IRQHandler  stm32f4xx_hal_uart.o
    0x08001c2c   0x08001c2c   0x00000064   Code   RO         2842    i.HAL_UART_Init     stm32f4xx_hal_uart.o
    0x08001c90   0x08001c90   0x000000b4   Code   RO          425    i.HAL_UART_MspInit  usart.o
    0x08001d44   0x08001d44   0x00000002   Code   RO         5050    i.HAL_UART_RxCpltCallback  bsp_uart.o
    0x08001d46   0x08001d46   0x00000002   Code   RO         2849    i.HAL_UART_RxHalfCpltCallback  stm32f4xx_hal_uart.o
    0x08001d48   0x08001d48   0x00000002   Code   RO         2853    i.HAL_UART_TxCpltCallback  stm32f4xx_hal_uart.o
    0x08001d4a   0x08001d4a   0x00000002   Code   RO          469    i.HardFault_Handler  stm32f4xx_it.o
    0x08001d4c   0x08001d4c   0x00000090   Code   RO           15    i.Hard_Init         main.o
    0x08001ddc   0x08001ddc   0x0000002c   Code   RO          334    i.MX_DMA_Init       dma.o
    0x08001e08   0x08001e08   0x00000020   Code   RO          277    i.MX_FREERTOS_Init  freertos.o
    0x08001e28   0x08001e28   0x0000010c   Code   RO          253    i.MX_GPIO_Init      gpio.o
    0x08001f34   0x08001f34   0x00000034   Code   RO          361    i.MX_TIM11_Init     tim.o
    0x08001f68   0x08001f68   0x0000009c   Code   RO          362    i.MX_TIM4_Init      tim.o
    0x08002004   0x08002004   0x0000009c   Code   RO          363    i.MX_TIM5_Init      tim.o
    0x080020a0   0x080020a0   0x0000004c   Code   RO          364    i.MX_TIM9_Init      tim.o
    0x080020ec   0x080020ec   0x00000038   Code   RO          426    i.MX_USART1_UART_Init  usart.o
    0x08002124   0x08002124   0x00000002   Code   RO          470    i.MemManage_Handler  stm32f4xx_it.o
    0x08002126   0x08002126   0x00000002   Code   RO          471    i.NMI_Handler       stm32f4xx_it.o
    0x08002128   0x08002128   0x00000026   Code   RO         5114    i.OLED_Clear        oled.o
    0x0800214e   0x0800214e   0x00000002   PAD
    0x08002150   0x08002150   0x00000020   Code   RO         5115    i.OLED_I2C_Init     oled.o
    0x08002170   0x08002170   0x0000007c   Code   RO         5116    i.OLED_I2C_SendByte  oled.o
    0x080021ec   0x080021ec   0x00000050   Code   RO         5117    i.OLED_I2C_Start    oled.o
    0x0800223c   0x0800223c   0x00000040   Code   RO         5118    i.OLED_I2C_Stop     oled.o
    0x0800227c   0x0800227c   0x00000098   Code   RO         5119    i.OLED_Init         oled.o
    0x08002314   0x08002314   0x00000022   Code   RO         5121    i.OLED_SetCursor    oled.o
    0x08002336   0x08002336   0x00000022   Code   RO         5129    i.OLED_WriteCommand  oled.o
    0x08002358   0x08002358   0x00000022   Code   RO         5130    i.OLED_WriteData    oled.o
    0x0800237a   0x0800237a   0x00000002   PAD
    0x0800237c   0x0800237c   0x00000060   Code   RO         5363    i.SEGGER_RTT_PutChar  segger_rtt.o
    0x080023dc   0x080023dc   0x0000007c   Code   RO          278    i.StartDefaultTask  freertos.o
    0x08002458   0x08002458   0x0000001a   Code   RO         4320    i.SysTick_Handler   cmsis_os2.o
    0x08002472   0x08002472   0x00000002   PAD
    0x08002474   0x08002474   0x00000090   Code   RO           16    i.SystemClock_Config  main.o
    0x08002504   0x08002504   0x00000010   Code   RO         3176    i.SystemInit        system_stm32f4xx.o
    0x08002514   0x08002514   0x0000000c   Code   RO          472    i.TIM1_TRG_COM_TIM11_IRQHandler  stm32f4xx_it.o
    0x08002520   0x08002520   0x0000000c   Code   RO          473    i.TIM3_IRQHandler   stm32f4xx_it.o
    0x0800252c   0x0800252c   0x000000a0   Code   RO          706    i.TIM_Base_SetConfig  stm32f4xx_hal_tim.o
    0x080025cc   0x080025cc   0x0000001a   Code   RO          707    i.TIM_CCxChannelCmd  stm32f4xx_hal_tim.o
    0x080025e6   0x080025e6   0x00000014   Code   RO          717    i.TIM_ETR_SetConfig  stm32f4xx_hal_tim.o
    0x080025fa   0x080025fa   0x00000010   Code   RO          718    i.TIM_ITRx_SetConfig  stm32f4xx_hal_tim.o
    0x0800260a   0x0800260a   0x00000002   PAD
    0x0800260c   0x0800260c   0x00000050   Code   RO          719    i.TIM_OC1_SetConfig  stm32f4xx_hal_tim.o
    0x0800265c   0x0800265c   0x00000058   Code   RO          720    i.TIM_OC2_SetConfig  stm32f4xx_hal_tim.o
    0x080026b4   0x080026b4   0x00000058   Code   RO          721    i.TIM_OC3_SetConfig  stm32f4xx_hal_tim.o
    0x0800270c   0x0800270c   0x00000044   Code   RO          722    i.TIM_OC4_SetConfig  stm32f4xx_hal_tim.o
    0x08002750   0x08002750   0x00000022   Code   RO          724    i.TIM_TI1_ConfigInputStage  stm32f4xx_hal_tim.o
    0x08002772   0x08002772   0x00000024   Code   RO          726    i.TIM_TI2_ConfigInputStage  stm32f4xx_hal_tim.o
    0x08002796   0x08002796   0x0000000e   Code   RO         2855    i.UART_DMAAbortOnError  stm32f4xx_hal_uart.o
    0x080027a4   0x080027a4   0x0000004a   Code   RO         2856    i.UART_DMAError     stm32f4xx_hal_uart.o
    0x080027ee   0x080027ee   0x00000086   Code   RO         2857    i.UART_DMAReceiveCplt  stm32f4xx_hal_uart.o
    0x08002874   0x08002874   0x0000001e   Code   RO         2859    i.UART_DMARxHalfCplt  stm32f4xx_hal_uart.o
    0x08002892   0x08002892   0x0000004e   Code   RO         2865    i.UART_EndRxTransfer  stm32f4xx_hal_uart.o
    0x080028e0   0x080028e0   0x0000001c   Code   RO         2866    i.UART_EndTxTransfer  stm32f4xx_hal_uart.o
    0x080028fc   0x080028fc   0x000000c2   Code   RO         2867    i.UART_Receive_IT   stm32f4xx_hal_uart.o
    0x080029be   0x080029be   0x00000002   PAD
    0x080029c0   0x080029c0   0x0000010c   Code   RO         2868    i.UART_SetConfig    stm32f4xx_hal_uart.o
    0x08002acc   0x08002acc   0x000000a0   Code   RO         2869    i.UART_Start_Receive_DMA  stm32f4xx_hal_uart.o
    0x08002b6c   0x08002b6c   0x0000000c   Code   RO          474    i.USART1_IRQHandler  stm32f4xx_it.o
    0x08002b78   0x08002b78   0x000000bc   Code   RO         5051    i.Uart_consume_func  bsp_uart.o
    0x08002c34   0x08002c34   0x0000006c   Code   RO         5052    i.Uart_produce_func  bsp_uart.o
    0x08002ca0   0x08002ca0   0x00000002   Code   RO          475    i.UsageFault_Handler  stm32f4xx_it.o
    0x08002ca2   0x08002ca2   0x00000002   PAD
    0x08002ca4   0x08002ca4   0x00000068   Code   RO         5384    i._DoInit           segger_rtt.o
    0x08002d0c   0x08002d0c   0x00000020   Code   RO         5734    i.__0printf$1       mc_w.l(printf1.o)
    0x08002d2c   0x08002d2c   0x00000020   Code   RO         2422    i.__NVIC_SetPriority  stm32f4xx_hal_cortex.o
    0x08002d4c   0x08002d4c   0x0000000e   Code   RO         6020    i.__scatterload_copy  mc_w.l(handlers.o)
    0x08002d5a   0x08002d5a   0x00000002   Code   RO         6021    i.__scatterload_null  mc_w.l(handlers.o)
    0x08002d5c   0x08002d5c   0x0000000e   Code   RO         6022    i.__scatterload_zeroinit  mc_w.l(handlers.o)
    0x08002d6a   0x08002d6a   0x00000002   PAD
    0x08002d6c   0x08002d6c   0x00000154   Code   RO         5741    i._printf_core      mc_w.l(printf1.o)
    0x08002ec0   0x08002ec0   0x00000016   Code   RO         5284    i.buffer_is_empty   mid_circular_buffer.o
    0x08002ed6   0x08002ed6   0x00000034   Code   RO         5286    i.buffer_pop        mid_circular_buffer.o
    0x08002f0a   0x08002f0a   0x00000010   Code   RO         5288    i.buffer_tail_move  mid_circular_buffer.o
    0x08002f1a   0x08002f1a   0x0000003a   Code   RO         5334    i.creat_pid_controller  mid_pid.o
    0x08002f54   0x08002f54   0x00000036   Code   RO         5238    i.creat_step_motor  bsp_step_motor.o
    0x08002f8a   0x08002f8a   0x0000001a   Code   RO         5289    i.create_circular_buffer  mid_circular_buffer.o
    0x08002fa4   0x08002fa4   0x0000001c   Code   RO         5625    i.display_sensor_func  app_control.o
    0x08002fc0   0x08002fc0   0x00000010   Code   RO           17    i.fputc             main.o
    0x08002fd0   0x08002fd0   0x000000b4   Code   RO         4995    i.key_read_func     bsp_key.o
    0x08003084   0x08003084   0x000000b0   Code   RO         4996    i.key_scan_press_status  bsp_key.o
    0x08003134   0x08003134   0x00000036   Code   RO           18    i.main              main.o
    0x0800316a   0x0800316a   0x00000002   PAD
    0x0800316c   0x0800316c   0x0000006c   Code   RO         5951    i.malloc            mc_w.l(malloc.o)
    0x080031d8   0x080031d8   0x0000001a   Code   RO         4322    i.osDelay           cmsis_os2.o
    0x080031f2   0x080031f2   0x00000002   PAD
    0x080031f4   0x080031f4   0x00000024   Code   RO         4336    i.osKernelInitialize  cmsis_os2.o
    0x08003218   0x08003218   0x00000038   Code   RO         4339    i.osKernelStart     cmsis_os2.o
    0x08003250   0x08003250   0x0000008a   Code   RO         4381    i.osThreadNew       cmsis_os2.o
    0x080032da   0x080032da   0x0000008a   Code   RO         5335    i.pid_compute       mid_pid.o
    0x08003364   0x08003364   0x0000005c   Code   RO         3784    i.prvAddCurrentTaskToDelayedList  tasks.o
    0x080033c0   0x080033c0   0x000000d0   Code   RO         3785    i.prvAddNewTaskToReadyList  tasks.o
    0x08003490   0x08003490   0x00000058   Code   RO         4149    i.prvCheckForValidListAndQueue  timers.o
    0x080034e8   0x080034e8   0x00000026   Code   RO         3381    i.prvCopyDataFromQueue  queue.o
    0x0800350e   0x0800350e   0x0000006c   Code   RO         3382    i.prvCopyDataToQueue  queue.o
    0x0800357a   0x0800357a   0x00000034   Code   RO         3786    i.prvDeleteTCB      tasks.o
    0x080035ae   0x080035ae   0x00000002   PAD
    0x080035b0   0x080035b0   0x0000004c   Code   RO         4830    i.prvHeapInit       heap_4.o
    0x080035fc   0x080035fc   0x00000060   Code   RO         3787    i.prvIdleTask       tasks.o
    0x0800365c   0x0800365c   0x00000016   Code   RO         3383    i.prvInitialiseMutex  queue.o
    0x08003672   0x08003672   0x00000002   PAD
    0x08003674   0x08003674   0x00000022   Code   RO         3384    i.prvInitialiseNewQueue  queue.o
    0x08003696   0x08003696   0x00000002   PAD
    0x08003698   0x08003698   0x000000b0   Code   RO         3788    i.prvInitialiseNewTask  tasks.o
    0x08003748   0x08003748   0x0000004c   Code   RO         4831    i.prvInsertBlockIntoFreeList  heap_4.o
    0x08003794   0x08003794   0x00000038   Code   RO         4151    i.prvInsertTimerInActiveList  timers.o
    0x080037cc   0x080037cc   0x0000001c   Code   RO         3385    i.prvIsQueueEmpty   queue.o
    0x080037e8   0x080037e8   0x000000fc   Code   RO         4152    i.prvProcessReceivedCommands  timers.o
    0x080038e4   0x080038e4   0x000000c0   Code   RO         4153    i.prvProcessTimerOrBlockTask  timers.o
    0x080039a4   0x080039a4   0x00000020   Code   RO         3790    i.prvResetNextTaskUnblockTime  tasks.o
    0x080039c4   0x080039c4   0x00000028   Code   RO         4154    i.prvSampleTimeNow  timers.o
    0x080039ec   0x080039ec   0x0000006c   Code   RO         4155    i.prvSwitchTimerLists  timers.o
    0x08003a58   0x08003a58   0x00000028   Code   RO         4886    i.prvTaskExitError  port.o
    0x08003a80   0x08003a80   0x00000024   Code   RO         4156    i.prvTimerTask      timers.o
    0x08003aa4   0x08003aa4   0x0000006a   Code   RO         3386    i.prvUnlockQueue    queue.o
    0x08003b0e   0x08003b0e   0x00000002   PAD
    0x08003b10   0x08003b10   0x000000dc   Code   RO         4832    i.pvPortMalloc      heap_4.o
    0x08003bec   0x08003bec   0x00000018   Code   RO         3793    i.pvTaskIncrementMutexHeldCount  tasks.o
    0x08003c04   0x08003c04   0x0000002c   Code   RO         4887    i.pxPortInitialiseStack  port.o
    0x08003c30   0x08003c30   0x00000008   Code   RO         5239    i.set_step_speed    bsp_step_motor.o
    0x08003c38   0x08003c38   0x000000c4   Code   RO         5240    i.step_motor_run    bsp_step_motor.o
    0x08003cfc   0x08003cfc   0x00000068   Code   RO         3794    i.ulTaskNotifyTake  tasks.o
    0x08003d64   0x08003d64   0x00000026   Code   RO         3341    i.uxListRemove      list.o
    0x08003d8a   0x08003d8a   0x00000002   PAD
    0x08003d8c   0x08003d8c   0x00000014   Code   RO         4393    i.vApplicationGetIdleTaskMemory  cmsis_os2.o
    0x08003da0   0x08003da0   0x00000018   Code   RO         4394    i.vApplicationGetTimerTaskMemory  cmsis_os2.o
    0x08003db8   0x08003db8   0x0000002c   Code   RO         4966    i.vDelay_us         delay.o
    0x08003de4   0x08003de4   0x00000016   Code   RO         3342    i.vListInitialise   list.o
    0x08003dfa   0x08003dfa   0x00000006   Code   RO         3343    i.vListInitialiseItem  list.o
    0x08003e00   0x08003e00   0x00000030   Code   RO         3344    i.vListInsert       list.o
    0x08003e30   0x08003e30   0x00000018   Code   RO         3345    i.vListInsertEnd    list.o
    0x08003e48   0x08003e48   0x00000040   Code   RO         4889    i.vPortEnterCritical  port.o
    0x08003e88   0x08003e88   0x00000028   Code   RO         4890    i.vPortExitCritical  port.o
    0x08003eb0   0x08003eb0   0x00000064   Code   RO         4833    i.vPortFree         heap_4.o
    0x08003f14   0x08003f14   0x00000024   Code   RO         4891    i.vPortSetupTimerInterrupt  port.o
    0x08003f38   0x08003f38   0x00000054   Code   RO         4892    i.vPortValidateInterruptPriority  port.o
    0x08003f8c   0x08003f8c   0x00000028   Code   RO         3392    i.vQueueAddToRegistry  queue.o
    0x08003fb4   0x08003fb4   0x00000044   Code   RO         3396    i.vQueueWaitForMessageRestricted  queue.o
    0x08003ff8   0x08003ff8   0x0000004c   Code   RO         3803    i.vTaskDelay        tasks.o
    0x08004044   0x08004044   0x00000090   Code   RO         3805    i.vTaskDelete       tasks.o
    0x080040d4   0x080040d4   0x00000010   Code   RO         3808    i.vTaskInternalSetTimeOutState  tasks.o
    0x080040e4   0x080040e4   0x0000000c   Code   RO         3809    i.vTaskMissedYield  tasks.o
    0x080040f0   0x080040f0   0x00000030   Code   RO         3811    i.vTaskPlaceOnEventList  tasks.o
    0x08004120   0x08004120   0x00000038   Code   RO         3812    i.vTaskPlaceOnEventListRestricted  tasks.o
    0x08004158   0x08004158   0x00000090   Code   RO         3814    i.vTaskPriorityDisinheritAfterTimeout  tasks.o
    0x080041e8   0x080041e8   0x00000088   Code   RO         3820    i.vTaskStartScheduler  tasks.o
    0x08004270   0x08004270   0x00000010   Code   RO         3822    i.vTaskSuspendAll   tasks.o
    0x08004280   0x08004280   0x00000064   Code   RO         3823    i.vTaskSwitchContext  tasks.o
    0x080042e4   0x080042e4   0x000000f4   Code   RO         4893    i.xPortStartScheduler  port.o
    0x080043d8   0x080043d8   0x0000002c   Code   RO         4894    i.xPortSysTickHandler  port.o
    0x08004404   0x08004404   0x00000016   Code   RO         3399    i.xQueueCreateMutex  queue.o
    0x0800441a   0x0800441a   0x00000042   Code   RO         3401    i.xQueueGenericCreate  queue.o
    0x0800445c   0x0800445c   0x00000066   Code   RO         3402    i.xQueueGenericCreateStatic  queue.o
    0x080044c2   0x080044c2   0x00000002   PAD
    0x080044c4   0x080044c4   0x00000088   Code   RO         3403    i.xQueueGenericReset  queue.o
    0x0800454c   0x0800454c   0x00000160   Code   RO         3404    i.xQueueGenericSend  queue.o
    0x080046ac   0x080046ac   0x000000be   Code   RO         3405    i.xQueueGenericSendFromISR  queue.o
    0x0800476a   0x0800476a   0x00000002   PAD
    0x0800476c   0x0800476c   0x00000138   Code   RO         3414    i.xQueueReceive     queue.o
    0x080048a4   0x080048a4   0x00000178   Code   RO         3416    i.xQueueSemaphoreTake  queue.o
    0x08004a1c   0x08004a1c   0x00000074   Code   RO         3825    i.xTaskCheckForTimeOut  tasks.o
    0x08004a90   0x08004a90   0x0000005a   Code   RO         3826    i.xTaskCreate       tasks.o
    0x08004aea   0x08004aea   0x00000056   Code   RO         3827    i.xTaskCreateStatic  tasks.o
    0x08004b40   0x08004b40   0x000000e0   Code   RO         3828    i.xTaskGenericNotify  tasks.o
    0x08004c20   0x08004c20   0x00000104   Code   RO         3829    i.xTaskGenericNotifyFromISR  tasks.o
    0x08004d24   0x08004d24   0x0000001c   Code   RO         3831    i.xTaskGetSchedulerState  tasks.o
    0x08004d40   0x08004d40   0x0000000c   Code   RO         3832    i.xTaskGetTickCount  tasks.o
    0x08004d4c   0x08004d4c   0x000000c8   Code   RO         3834    i.xTaskIncrementTick  tasks.o
    0x08004e14   0x08004e14   0x0000008c   Code   RO         3836    i.xTaskNotifyWait   tasks.o
    0x08004ea0   0x08004ea0   0x00000080   Code   RO         3837    i.xTaskPriorityDisinherit  tasks.o
    0x08004f20   0x08004f20   0x00000078   Code   RO         3838    i.xTaskPriorityInherit  tasks.o
    0x08004f98   0x08004f98   0x00000070   Code   RO         3839    i.xTaskRemoveFromEventList  tasks.o
    0x08005008   0x08005008   0x000000c4   Code   RO         3840    i.xTaskResumeAll    tasks.o
    0x080050cc   0x080050cc   0x00000060   Code   RO         4165    i.xTimerCreateTimerTask  timers.o
    0x0800512c   0x0800512c   0x00000068   Code   RO         4166    i.xTimerGenericCommand  timers.o
    0x08005194   0x08005194   0x00000024   Data   RO          279    .constdata          freertos.o
    0x080051b8   0x080051b8   0x00000008   Data   RO         2112    .constdata          stm32f4xx_hal_dma.o
    0x080051c0   0x080051c0   0x00000010   Data   RO         3177    .constdata          system_stm32f4xx.o
    0x080051d0   0x080051d0   0x00000008   Data   RO         3178    .constdata          system_stm32f4xx.o
    0x080051d8   0x080051d8   0x00000024   Data   RO         4997    .constdata          bsp_key.o
    0x080051fc   0x080051fc   0x00000024   Data   RO         5054    .constdata          bsp_uart.o
    0x08005220   0x08005220   0x00000024   Data   RO         5055    .constdata          bsp_uart.o
    0x08005244   0x08005244   0x00000024   Data   RO         5627    .constdata          app_control.o
    0x08005268   0x08005268   0x0000000b   Data   RO          280    .conststring        freertos.o
    0x08005273   0x08005273   0x00000001   PAD
    0x08005274   0x08005274   0x0000000e   Data   RO         4998    .conststring        bsp_key.o
    0x08005282   0x08005282   0x00000002   PAD
    0x08005284   0x08005284   0x00000012   Data   RO         5056    .conststring        bsp_uart.o
    0x08005296   0x08005296   0x00000002   PAD
    0x08005298   0x08005298   0x00000012   Data   RO         5057    .conststring        bsp_uart.o
    0x080052aa   0x080052aa   0x00000002   PAD
    0x080052ac   0x080052ac   0x0000000d   Data   RO         5629    .conststring        app_control.o
    0x080052b9   0x080052b9   0x00000003   PAD
    0x080052bc   0x080052bc   0x00000020   Data   RO         6018    Region$$Table       anon$$obj.o


    Execution Region RW_IRAM1 (Exec base: 0x20000000, Load base: 0x080052dc, Size: 0x00005cc0, Max: 0x00020000, ABSOLUTE)

    Exec Addr    Load Addr    Size         Type   Attr      Idx    E Section Name        Object

    0x20000000   0x080052dc   0x00000014   Data   RW           19    .data               main.o
    0x20000014   0x080052f0   0x00000004   Data   RW          281    .data               freertos.o
    0x20000018   0x080052f4   0x0000000c   Data   RW         2581    .data               stm32f4xx_hal.o
    0x20000024   0x08005300   0x00000004   Data   RW         3179    .data               system_stm32f4xx.o
    0x20000028   0x08005304   0x0000003c   Data   RW         3843    .data               tasks.o
    0x20000064   0x08005340   0x00000014   Data   RW         4174    .data               timers.o
    0x20000078   0x08005354   0x00000004   Data   RW         4396    .data               cmsis_os2.o
    0x2000007c   0x08005358   0x00000020   Data   RW         4839    .data               heap_4.o
    0x2000009c   0x08005378   0x0000000c   Data   RW         4895    .data               port.o
    0x200000a8   0x08005384   0x0000000c   Data   RW         4999    .data               bsp_key.o
    0x200000b4   0x08005390   0x00000004   Data   RW         5000    .data               bsp_key.o
    0x200000b8   0x08005394   0x0000001c   Data   RW         5058    .data               bsp_uart.o
    0x200000d4   0x080053b0   0x00000004   Data   RW         5631    .data               app_control.o
    0x200000d8   0x080053b4   0x00000004   Data   RW         5992    .data               mc_w.l(stdout.o)
    0x200000dc   0x080053b8   0x00000004   Data   RW         5999    .data               mc_w.l(mvars.o)
    0x200000e0   0x080053bc   0x00000004   Data   RW         6000    .data               mc_w.l(mvars.o)
    0x200000e4        -       0x00000120   Zero   RW          365    .bss                tim.o
    0x20000204        -       0x000000a8   Zero   RW          427    .bss                usart.o
    0x200002ac        -       0x00000048   Zero   RW          575    .bss                stm32f4xx_hal_timebase_tim.o
    0x200002f4        -       0x00000040   Zero   RW         3418    .bss                queue.o
    0x20000334        -       0x000004c4   Zero   RW         3842    .bss                tasks.o
    0x200007f8        -       0x00000118   Zero   RW         4173    .bss                timers.o
    0x20000910        -       0x000006b8   Zero   RW         4395    .bss                cmsis_os2.o
    0x20000fc8        -       0x00003c00   Zero   RW         4838    .bss                heap_4.o
    0x20004bc8        -       0x0000003c   Zero   RW         5053    .bss                bsp_uart.o
    0x20004c04        -       0x000004b8   Zero   RW         5389    .bss                segger_rtt.o
    0x200050bc   0x080053c0   0x00000004   PAD
    0x200050c0        -       0x00000400   Zero   RW            2    HEAP                startup_stm32f411xe.o
    0x200054c0        -       0x00000800   Zero   RW            1    STACK               startup_stm32f411xe.o


==============================================================================

Image component sizes


      Code (inc. data)   RO Data    RW Data    ZI Data      Debug   Object Name

        28          6         49          4          0       1836   app_control.o
       356        126         50         16          0       3453   bsp_key.o
       258         22          0          0          0       3005   bsp_step_motor.o
       374         34        108         28         60       5683   bsp_uart.o
       326         22          0          4       1720      63511   cmsis_os2.o
        44          6          0          0          0       1024   delay.o
        44          4          0          0          0        922   dma.o
         0          0          0          0          0      19836   event_groups.o
       156         62         47          4          0       2231   freertos.o
       268         16          0          0          0       1167   gpio.o
       472         24          0         32      15360       5311   heap_4.o
       138          0          0          0          0       3990   list.o
       490         50          0         20          0     445256   main.o
       116          0          0          0          0       3658   mid_circular_buffer.o
       196          0          0          0          0       2197   mid_pid.o
       592         16          0          0          0       6409   oled.o
       786         82          0         12          0      12377   port.o
      2000         24          0          0         64      22804   queue.o
       200         34          0          0       1208       7055   segger_rtt.o
        36          8        408          0       3072        908   startup_stm32f411xe.o
        80         14          0         12          0       8382   stm32f4xx_hal.o
       158         14          0          0          0      33402   stm32f4xx_hal_cortex.o
      1084         16          8          0          0       8006   stm32f4xx_hal_dma.o
       516         34          0          0          0       3832   stm32f4xx_hal_gpio.o
        56          4          0          0          0       1014   stm32f4xx_hal_msp.o
      1412         86          0          0          0       6425   stm32f4xx_hal_rcc.o
      2068        116          0          0          0      20806   stm32f4xx_hal_tim.o
       128         20          0          0          0       2777   stm32f4xx_hal_tim_ex.o
       152         20          0          0         72       1699   stm32f4xx_hal_timebase_tim.o
      1800         28          0          0          0      13387   stm32f4xx_hal_uart.o
        60         24          0          0          0       5421   stm32f4xx_it.o
         0          0          0          0          0        408   stream_buffer.o
        16          4         24          4          0       1343   system_stm32f4xx.o
      3244        264          0         60       1220      37605   tasks.o
       708         76          0          0        288       5069   tim.o
       972         80          0         20        280      30831   timers.o
       236         30          0          0        168       2097   usart.o

    ----------------------------------------------------------------------
     19612       1366        736        216      23516     795137   Object Totals
         0          0         32          0          0          0   (incl. Generated)
        42          0         10          0          4          0   (incl. Padding)

    ----------------------------------------------------------------------

      Code (inc. data)   RO Data    RW Data    ZI Data      Debug   Library Member Name

         0          0          0          0          0          0   entry.o
         0          0          0          0          0          0   entry10a.o
         0          0          0          0          0          0   entry11a.o
         8          4          0          0          0          0   entry2.o
         4          0          0          0          0          0   entry5.o
         0          0          0          0          0          0   entry7b.o
         0          0          0          0          0          0   entry8b.o
         8          4          0          0          0          0   entry9a.o
        30          0          0          0          0          0   handlers.o
        36          8          0          0          0         68   init.o
        30          0          0          0          0         68   llshl.o
        32          0          0          0          0         68   llushr.o
       108         16          0          0          0         84   malloc.o
        36          0          0          0          0         68   memcpya.o
        36          0          0          0          0        108   memseta.o
         0          0          0          8          0          0   mvars.o
       372         14          0          0          0        184   printf1.o
         0          0          0          4          0          0   stdout.o
        18          0          0          0          0         68   strcpy.o
        44          0          0          0          0         80   uidiv.o
        98          0          0          0          0         92   uldiv.o

    ----------------------------------------------------------------------
       864         46          0         12          0        888   Library Totals
         4          0          0          0          0          0   (incl. Padding)

    ----------------------------------------------------------------------

      Code (inc. data)   RO Data    RW Data    ZI Data      Debug   Library Name

       860         46          0         12          0        888   mc_w.l

    ----------------------------------------------------------------------
       864         46          0         12          0        888   Library Totals

    ----------------------------------------------------------------------

==============================================================================


      Code (inc. data)   RO Data    RW Data    ZI Data      Debug   

     20476       1412        736        228      23516     775813   Grand Totals
     20476       1412        736        228      23516     775813   ELF Image Totals
     20476       1412        736        228          0          0   ROM Totals

==============================================================================

    Total RO  Size (Code + RO Data)                21212 (  20.71kB)
    Total RW  Size (RW Data + ZI Data)             23744 (  23.19kB)
    Total ROM Size (Code + RO Data + RW Data)      21440 (  20.94kB)

==============================================================================

