<html>
<body>
<pre>
<h1>µVision Build Log</h1>
<h2>Tool Versions:</h2>
IDE-Version: ¦ÌVision V5.40.0.0
Copyright (C) 2024 ARM Ltd and ARM Germany GmbH. All rights reserved.
License Information: lin paul, IBOCE, LIC=CZLZX-HWZLS-AR0XW-QS8TG-HFE8D-SYIKQ
 
Tool Versions:
Toolchain:       MDK-ARM Plus  Version: 5.40.0.3
Toolchain Path:  E:\Software\keil 5\ARM\ARMCC\Bin
C Compiler:      Armcc.exe V5.06 update 5 (build 528)
Assembler:       Armasm.exe V5.06 update 5 (build 528)
Linker/Locator:  ArmLink.exe V5.06 update 5 (build 528)
Library Manager: ArmAr.exe V5.06 update 5 (build 528)
Hex Converter:   FromElf.exe V5.06 update 5 (build 528)
CPU DLL:         SARMCM3.DLL V5.40.0.3
Dialog DLL:      DCM.DLL V1.17.5.0
Target DLL:      Segger\JL2CM3.dll V2.99.44.0
Dialog DLL:      TCM.DLL V1.56.4.0
 
<h2>Project:</h2>
E:\WorkSpace\STM32MXSpace\Curriculum\Intelligent_System_Curriculum\Core_board\01_Software\00_stm32\Core_Board\MDK-ARM\Core_Board.uvprojx
Project File Date:  05/20/2025

<h2>Output:</h2>
*** Using Compiler 'V5.06 update 5 (build 528)', folder: 'E:\Software\keil 5\ARM\ARMCC\Bin'
Rebuild target 'Core_Board'
assembling startup_stm32f411xe.s...
compiling stm32f4xx_hal_timebase_tim.c...
compiling stm32f4xx_hal_msp.c...
compiling stm32f4xx_hal_flash.c...
compiling stm32f4xx_hal_flash_ramfunc.c...
compiling usart.c...
compiling stm32f4xx_hal_flash_ex.c...
compiling freertos.c...
compiling stm32f4xx_hal_gpio.c...
compiling tim.c...
compiling stm32f4xx_hal_rcc_ex.c...
compiling stm32f4xx_hal_tim_ex.c...
compiling stm32f4xx_it.c...
compiling gpio.c...
compiling croutine.c...
compiling list.c...
compiling stm32f4xx_hal_tim.c...
compiling event_groups.c...
compiling stream_buffer.c...
compiling queue.c...
compiling timers.c...
compiling stm32f4xx_hal_rcc.c...
compiling tasks.c...
compiling heap_4.c...
compiling port.c...
compiling mid_pid.c...
compiling main.c...
compiling SEGGER_RTT.c...
compiling SEGGER_RTT_printf.c...
compiling stm32f4xx_hal.c...
compiling stm32f4xx_hal_cortex.c...
compiling stm32f4xx_hal_pwr.c...
compiling stm32f4xx_hal_dma.c...
compiling stm32f4xx_hal_dma_ex.c...
compiling stm32f4xx_hal_exti.c...
compiling Delay.c...
compiling system_stm32f4xx.c...
compiling stm32f4xx_hal_pwr_ex.c...
compiling bsp_step_motor.c...
compiling OLED.c...
compiling bsp_key.c...
compiling stm32f4xx_hal_uart.c...
compiling cmsis_os2.c...
compiling app_control.c...
linking...
Program Size: Code=16380 RO-data=2192 RW-data=172 ZI-data=21220  
FromELF: creating hex file...
"Core_Board\Core_Board.axf" - 0 Error(s), 0 Warning(s).

<h2>Software Packages used:</h2>

Package Vendor: ARM
                https://www.keil.com/pack/ARM.CMSIS.6.1.0.pack
                ARM::CMSIS@6.1.0
                CMSIS (Common Microcontroller Software Interface Standard)
   * Component: CORE Version: 6.1.0

Package Vendor: Keil
                https://www.keil.com/pack/Keil.STM32F4xx_DFP.2.17.0.pack
                Keil::STM32F4xx_DFP@2.17.0
                STMicroelectronics STM32F4 Series Device Support, Drivers and Examples

<h2>Collection of Component include folders:</h2>
  ./RTE/_Core_Board
  E:/Software/keil 5/ARM/PACK/ARM/CMSIS/6.1.0/CMSIS/Core/Include
  E:/Software/keil 5/ARM/PACK/Keil/STM32F4xx_DFP/2.17.0/Drivers/CMSIS/Device/ST/STM32F4xx/Include

<h2>Collection of Component Files used:</h2>

   * Component: ARM::CMSIS:CORE@6.1.0
      Include file:  CMSIS/Core/Include/tz_context.h
Build Time Elapsed:  00:00:07
</pre>
</body>
</html>
