Component: Arm Compiler for Embedded 6.22 Tool: armlink [5ee90200]

==============================================================================

Section Cross References

    dl_adc12.o(.ARM.exidx.text.DL_ADC12_setClockConfig) refers to dl_adc12.o(.text.DL_ADC12_setClockConfig) for [Anonymous Symbol]
    dl_adc12.o(.ARM.exidx.text.DL_ADC12_getClockConfig) refers to dl_adc12.o(.text.DL_ADC12_getClockConfig) for [Anonymous Symbol]
    dl_aes.o(.ARM.exidx.text.DL_AES_setKey) refers to dl_aes.o(.text.DL_AES_setKey) for [Anonymous Symbol]
    dl_aes.o(.ARM.exidx.text.DL_AES_setKeyAligned) refers to dl_aes.o(.text.DL_AES_setKeyAligned) for [Anonymous Symbol]
    dl_aes.o(.ARM.exidx.text.DL_AES_loadDataIn) refers to dl_aes.o(.text.DL_AES_loadDataIn) for [Anonymous Symbol]
    dl_aes.o(.ARM.exidx.text.DL_AES_loadDataInAligned) refers to dl_aes.o(.text.DL_AES_loadDataInAligned) for [Anonymous Symbol]
    dl_aes.o(.ARM.exidx.text.DL_AES_getDataOut) refers to dl_aes.o(.text.DL_AES_getDataOut) for [Anonymous Symbol]
    dl_aes.o(.ARM.exidx.text.DL_AES_getDataOutAligned) refers to dl_aes.o(.text.DL_AES_getDataOutAligned) for [Anonymous Symbol]
    dl_aes.o(.ARM.exidx.text.DL_AES_loadXORDataIn) refers to dl_aes.o(.text.DL_AES_loadXORDataIn) for [Anonymous Symbol]
    dl_aes.o(.ARM.exidx.text.DL_AES_loadXORDataInAligned) refers to dl_aes.o(.text.DL_AES_loadXORDataInAligned) for [Anonymous Symbol]
    dl_aes.o(.ARM.exidx.text.DL_AES_loadXORDataInWithoutTrigger) refers to dl_aes.o(.text.DL_AES_loadXORDataInWithoutTrigger) for [Anonymous Symbol]
    dl_aes.o(.ARM.exidx.text.DL_AES_loadXORDataInWithoutTriggerAligned) refers to dl_aes.o(.text.DL_AES_loadXORDataInWithoutTriggerAligned) for [Anonymous Symbol]
    dl_aes.o(.ARM.exidx.text.DL_AES_xorData) refers to dl_aes.o(.text.DL_AES_xorData) for [Anonymous Symbol]
    dl_aes.o(.ARM.exidx.text.DL_AES_xorDataAligned) refers to dl_aes.o(.text.DL_AES_xorDataAligned) for [Anonymous Symbol]
    dl_aes.o(.ARM.exidx.text.DL_AES_saveConfiguration) refers to dl_aes.o(.text.DL_AES_saveConfiguration) for [Anonymous Symbol]
    dl_aes.o(.ARM.exidx.text.DL_AES_restoreConfiguration) refers to dl_aes.o(.text.DL_AES_restoreConfiguration) for [Anonymous Symbol]
    dl_common.o(.ARM.exidx.text.DL_Common_delayCycles) refers to dl_common.o(.text.DL_Common_delayCycles) for [Anonymous Symbol]
    dl_crc.o(.ARM.exidx.text.DL_CRC_calculateBlock32) refers to dl_crc.o(.text.DL_CRC_calculateBlock32) for [Anonymous Symbol]
    dl_crc.o(.ARM.exidx.text.DL_CRC_calculateMemoryRange32) refers to dl_crc.o(.text.DL_CRC_calculateMemoryRange32) for [Anonymous Symbol]
    dl_crc.o(.ARM.exidx.text.DL_CRC_calculateBlock16) refers to dl_crc.o(.text.DL_CRC_calculateBlock16) for [Anonymous Symbol]
    dl_crc.o(.ARM.exidx.text.DL_CRC_calculateMemoryRange16) refers to dl_crc.o(.text.DL_CRC_calculateMemoryRange16) for [Anonymous Symbol]
    dl_dac12.o(.ARM.exidx.text.DL_DAC12_init) refers to dl_dac12.o(.text.DL_DAC12_init) for [Anonymous Symbol]
    dl_dac12.o(.ARM.exidx.text.DL_DAC12_outputBlocking8) refers to dl_dac12.o(.text.DL_DAC12_outputBlocking8) for [Anonymous Symbol]
    dl_dac12.o(.ARM.exidx.text.DL_DAC12_outputBlocking12) refers to dl_dac12.o(.text.DL_DAC12_outputBlocking12) for [Anonymous Symbol]
    dl_dac12.o(.ARM.exidx.text.DL_DAC12_fillFIFO8) refers to dl_dac12.o(.text.DL_DAC12_fillFIFO8) for [Anonymous Symbol]
    dl_dac12.o(.ARM.exidx.text.DL_DAC12_fillFIFO12) refers to dl_dac12.o(.text.DL_DAC12_fillFIFO12) for [Anonymous Symbol]
    dl_dac12.o(.ARM.exidx.text.DL_DAC12_performSelfCalibrationBlocking) refers to dl_dac12.o(.text.DL_DAC12_performSelfCalibrationBlocking) for [Anonymous Symbol]
    dl_dma.o(.ARM.exidx.text.DL_DMA_initChannel) refers to dl_dma.o(.text.DL_DMA_initChannel) for [Anonymous Symbol]
    dl_flashctl.o(.ARM.exidx.text.DL_FlashCTL_eraseMemory) refers to dl_flashctl.o(.text.DL_FlashCTL_eraseMemory) for [Anonymous Symbol]
    dl_flashctl.o(.text.DL_FlashCTL_eraseMemoryFromRAM) refers to dl_flashctl.o(.ramfunc) for DL_FlashCTL_executeCommandFromRAM
    dl_flashctl.o(.ARM.exidx.text.DL_FlashCTL_eraseMemoryFromRAM) refers to dl_flashctl.o(.text.DL_FlashCTL_eraseMemoryFromRAM) for [Anonymous Symbol]
    dl_flashctl.o(.ARM.exidx.ramfunc) refers to dl_flashctl.o(.ramfunc) for [Anonymous Symbol]
    dl_flashctl.o(.text.DL_FlashCTL_massErase) refers to dl_flashctl.o(.text.DL_FlashCTL_unprotectSector) for DL_FlashCTL_unprotectSector
    dl_flashctl.o(.ARM.exidx.text.DL_FlashCTL_massErase) refers to dl_flashctl.o(.text.DL_FlashCTL_massErase) for [Anonymous Symbol]
    dl_flashctl.o(.ARM.exidx.text.DL_FlashCTL_unprotectMainMemory) refers to dl_flashctl.o(.text.DL_FlashCTL_unprotectMainMemory) for [Anonymous Symbol]
    dl_flashctl.o(.ARM.exidx.text.DL_FlashCTL_protectNonMainMemory) refers to dl_flashctl.o(.text.DL_FlashCTL_protectNonMainMemory) for [Anonymous Symbol]
[...]
    Removing main.o(.bss.Magnet_flag), (1 bytes).
    Removing main.o(.ARM.use_no_argv), (4 bytes).
    Removing ti_msp_dl_config.o(.text), (0 bytes).
    Removing ti_msp_dl_config.o(.ARM.exidx.text.SYSCFG_DL_init), (8 bytes).
    Removing ti_msp_dl_config.o(.ARM.exidx.text.SYSCFG_DL_initPower), (8 bytes).
    Removing ti_msp_dl_config.o(.ARM.exidx.text.SYSCFG_DL_GPIO_init), (8 bytes).
    Removing ti_msp_dl_config.o(.ARM.exidx.text.SYSCFG_DL_SYSCTL_init), (8 bytes).
    Removing ti_msp_dl_config.o(.ARM.exidx.text.SYSCFG_DL_PWM_0_init), (8 bytes).
    Removing ti_msp_dl_config.o(.ARM.exidx.text.SYSCFG_DL_PWM_1_init), (8 bytes).
    Removing ti_msp_dl_config.o(.ARM.exidx.text.SYSCFG_DL_PWM_2_init), (8 bytes).
    Removing ti_msp_dl_config.o(.ARM.exidx.text.SYSCFG_DL_TIMG_0_init), (8 bytes).
    Removing ti_msp_dl_config.o(.ARM.exidx.text.SYSCFG_DL_UART_0_init), (8 bytes).
    Removing ti_msp_dl_config.o(.text.SYSCFG_DL_saveConfiguration), (40 bytes).
    Removing ti_msp_dl_config.o(.ARM.exidx.text.SYSCFG_DL_saveConfiguration), (8 bytes).
    Removing ti_msp_dl_config.o(.text.SYSCFG_DL_restoreConfiguration), (48 bytes).
    Removing ti_msp_dl_config.o(.ARM.exidx.text.SYSCFG_DL_restoreConfiguration), (8 bytes).
    Removing btn.o(.text), (0 bytes).
    Removing btn.o(.text.Read_BTN_IO), (36 bytes).
    Removing btn.o(.ARM.exidx.text.Read_BTN_IO), (8 bytes).
    Removing btn.o(.ARM.exidx.text.Read_BTN_State), (8 bytes).
    Removing oled.o(.text), (0 bytes).
    Removing oled.o(.text.delay_us), (256 bytes).
    Removing oled.o(.ARM.exidx.text.delay_us), (8 bytes).
    Removing oled.o(.ARM.exidx.text.delay_ms), (8 bytes).
    Removing oled.o(.text.OLED_I2C_Init), (24 bytes).
    Removing oled.o(.ARM.exidx.text.OLED_I2C_Init), (8 bytes).
    Removing oled.o(.ARM.exidx.text.OLED_I2C_Start), (8 bytes).
    Removing oled.o(.text.OLED_I2C_Stop), (172 bytes).
    Removing oled.o(.ARM.exidx.text.OLED_I2C_Stop), (8 bytes).
    Removing oled.o(.ARM.exidx.text.OLED_I2C_SendByte), (8 bytes).
    Removing oled.o(.ARM.exidx.text.OLED_WriteCommand), (8 bytes).
    Removing oled.o(.ARM.exidx.text.OLED_WriteData), (8 bytes).
    Removing oled.o(.text.OLED_SetCursor), (30 bytes).
    Removing oled.o(.ARM.exidx.text.OLED_SetCursor), (8 bytes).
    Removing oled.o(.text.OLED_Set_Pos), (32 bytes).
    Removing oled.o(.ARM.exidx.text.OLED_Set_Pos), (8 bytes).
    Removing oled.o(.ARM.exidx.text.OLED_Clear), (8 bytes).
    Removing oled.o(.ARM.exidx.text.OLED_ShowChar), (8 bytes).
    Removing oled.o(.ARM.exidx.text.OLED_ShowString), (8 bytes).
    Removing oled.o(.text.OLED_Pow), (60 bytes).
    Removing oled.o(.ARM.exidx.text.OLED_Pow), (8 bytes).
    Removing oled.o(.ARM.exidx.text.OLED_ShowNum), (8 bytes).
    Removing oled.o(.text.OLED_ShowSignedNum), (180 bytes).
    Removing oled.o(.ARM.exidx.text.OLED_ShowSignedNum), (8 bytes).
    Removing oled.o(.text.OLED_ShowHexNum), (132 bytes).
    Removing oled.o(.ARM.exidx.text.OLED_ShowHexNum), (8 bytes).
    Removing oled.o(.text.OLED_ShowBinNum), (130 bytes).
    Removing oled.o(.ARM.exidx.text.OLED_ShowBinNum), (8 bytes).
    Removing oled.o(.ARM.exidx.text.OLED_Init), (8 bytes).
    Removing camera_uart.o(.text), (0 bytes).
    Removing camera_uart.o(.ARM.exidx.text.Openmv_Receive_Data), (8 bytes).
    Removing step_motor.o(.text), (0 bytes).
    Removing step_motor.o(.ARM.exidx.text.motor_run), (8 bytes).
    Removing step_motor.o(.ARM.exidx.text.set_relax), (8 bytes).
    Removing pid.o(.text), (0 bytes).
    Removing pid.o(.text.my_abs), (8 bytes).
    Removing pid.o(.ARM.exidx.text.my_abs), (8 bytes).
    Removing pid.o(.ARM.exidx.text.X_PID), (8 bytes).
    Removing pid.o(.ARM.exidx.text.Y_PID), (8 bytes).

697 unused section(s) (total 25005 bytes) removed from the image.

==============================================================================

Image Symbol Table

    Local Symbols

    Symbol Name                              Value     Ov Type        Size  Object(Section)

    ../clib/angel/boardlib.s                 0x00000000   Number         0  boardinit1.o ABSOLUTE
    ../clib/angel/boardlib.s                 0x00000000   Number         0  boardinit2.o ABSOLUTE
    ../clib/angel/boardlib.s                 0x00000000   Number         0  boardinit3.o ABSOLUTE
    ../clib/angel/boardlib.s                 0x00000000   Number         0  boardshut.o ABSOLUTE
    ../clib/angel/handlers.s                 0x00000000   Number         0  __scatter_copy.o ABSOLUTE
    ../clib/angel/handlers.s                 0x00000000   Number         0  __scatter_zi.o ABSOLUTE
    ../clib/angel/kernel.s                   0x00000000   Number         0  __rtentry.o ABSOLUTE
    ../clib/angel/kernel.s                   0x00000000   Number         0  __rtentry2.o ABSOLUTE
    ../clib/angel/kernel.s                   0x00000000   Number         0  __rtentry4.o ABSOLUTE
    ../clib/angel/kernel.s                   0x00000000   Number         0  rtexit.o ABSOLUTE
    ../clib/angel/kernel.s                   0x00000000   Number         0  rtexit2.o ABSOLUTE
    ../clib/angel/rt.s                       0x00000000   Number         0  aeabi_idiv0.o ABSOLUTE
    ../clib/angel/rt.s                       0x00000000   Number         0  aeabi_idiv0_sigfpe.o ABSOLUTE
    ../clib/angel/rt.s                       0x00000000   Number         0  rt_div0.o ABSOLUTE
    ../clib/angel/rt.s                       0x00000000   Number         0  rt_raise.o ABSOLUTE
    ../clib/angel/scatterp.s                 0x00000000   Number         0  __scatter.o ABSOLUTE
    ../clib/angel/startup.s                  0x00000000   Number         0  __main.o ABSOLUTE
    ../clib/angel/sys.s                      0x00000000   Number         0  sys_stackheap_outer.o ABSOLUTE
    ../clib/angel/sys.s                      0x00000000   Number         0  libspace.o ABSOLUTE
    ../clib/angel/sys.s                      0x00000000   Number         0  tempstk.o ABSOLUTE
    ../clib/angel/sys.s                      0x00000000   Number         0  use_no_semi.o ABSOLUTE
    ../clib/angel/sys.s                      0x00000000   Number         0  indicate_semi.o ABSOLUTE
    ../clib/angel/sysapp.c                   0x00000000   Number         0  sys_exit.o ABSOLUTE
    ../clib/angel/sysapp.c                   0x00000000   Number         0  sys_exit_hlt.o ABSOLUTE
    ../clib/angel/sysapp.c                   0x00000000   Number         0  sys_wrch.o ABSOLUTE
    ../clib/angel/sysapp.c                   0x00000000   Number         0  sys_wrch_hlt.o ABSOLUTE
    ../clib/angel/sysapp.c                   0x00000000   Number         0  sys_command.o ABSOLUTE
    ../clib/angel/sysapp.c                   0x00000000   Number         0  sys_command_hlt.o ABSOLUTE
    ../clib/armsys.c                         0x00000000   Number         0  argv_veneer.o ABSOLUTE
    ../clib/armsys.c                         0x00000000   Number         0  _get_argv_nomalloc.o ABSOLUTE
    ../clib/armsys.c                         0x00000000   Number         0  no_argv.o ABSOLUTE
    ../clib/division.s                       0x00000000   Number         0  aeabi_sdivfast.o ABSOLUTE
    ../clib/division.s                       0x00000000   Number         0  aeabi_sdivfast_div0.o ABSOLUTE
    ../clib/heapalloc.c                      0x00000000   Number         0  hrguard.o ABSOLUTE
    ../clib/heapaux.c                        0x00000000   Number         0  heapauxi.o ABSOLUTE
    ../clib/libinit.s                        0x00000000   Number         0  libinit.o ABSOLUTE
    ../clib/libinit.s                        0x00000000   Number         0  libinit2.o ABSOLUTE
    ../clib/libinit.s                        0x00000000   Number         0  libshutdown.o ABSOLUTE
    ../clib/libinit.s                        0x00000000   Number         0  libshutdown2.o ABSOLUTE
    ../clib/signal.c                         0x00000000   Number         0  defsig_fpe_outer.o ABSOLUTE
    ../clib/signal.c                         0x00000000   Number         0  defsig_fpe_formal.o ABSOLUTE
    ../clib/signal.c                         0x00000000   Number         0  defsig_exit.o ABSOLUTE
    ../clib/signal.c                         0x00000000   Number         0  defsig_fpe_inner.o ABSOLUTE
    ../clib/signal.c                         0x00000000   Number         0  __raise.o ABSOLUTE
    ../clib/signal.c                         0x00000000   Number         0  defsig_general.o ABSOLUTE
    ../clib/signal.c                         0x00000000   Number         0  defsig_abrt_inner.o ABSOLUTE
    ../clib/signal.c                         0x00000000   Number         0  defsig_rtred_inner.o ABSOLUTE
    ../clib/signal.c                         0x00000000   Number         0  defsig_rtmem_inner.o ABSOLUTE
    ../clib/signal.c                         0x00000000   Number         0  defsig_rtmem_outer.o ABSOLUTE
    ../clib/signal.c                         0x00000000   Number         0  defsig_rtmem_formal.o ABSOLUTE
    ../clib/signal.c                         0x00000000   Number         0  defsig_stak_inner.o ABSOLUTE
    ../clib/signal.c                         0x00000000   Number         0  defsig_pvfn_inner.o ABSOLUTE
    ../clib/signal.c                         0x00000000   Number         0  defsig_cppl_inner.o ABSOLUTE
    ../clib/signal.c                         0x00000000   Number         0  defsig_segv_inner.o ABSOLUTE
    ../clib/signal.c                         0x00000000   Number         0  defsig_other.o ABSOLUTE
    ../clib/signal.s                         0x00000000   Number         0  defsig.o ABSOLUTE
    ../clib/stdlib.c                         0x00000000   Number         0  exit.o ABSOLUTE
    ../fplib/cfplib/cmp.c                    0x00000000   Number         0  fcmp.o ABSOLUTE
    ../fplib/cfplib/cmpret.c                 0x00000000   Number         0  cmpret.o ABSOLUTE
    ../fplib/cfplib/fcmpin.c                 0x00000000   Number         0  fcmpin.o ABSOLUTE
    ../fplib/cfplib/ffix.c                   0x00000000   Number         0  ffixi.o ABSOLUTE
    ../fplib/cfplib/ffix.c                   0x00000000   Number         0  ffixui.o ABSOLUTE
    ../fplib/cfplib/fflt.c                   0x00000000   Number         0  fflti.o ABSOLUTE
    ../fplib/cfplib/fpinit.c                 0x00000000   Number         0  fpinit.o ABSOLUTE
    ../fplib/cfplib/nan2.c                   0x00000000   Number         0  fnan2.o ABSOLUTE
    ../fplib/cfplib/retnan.c                 0x00000000   Number         0  retnan.o ABSOLUTE
    ../fplib/faddsub6m.s                     0x00000000   Number         0  faddsub.o ABSOLUTE
    ../fplib/feqf6m.s                        0x00000000   Number         0  feqf.o ABSOLUTE
    ../fplib/fgeqf6m.s                       0x00000000   Number         0  fgef.o ABSOLUTE
    ../fplib/fleqf6m.s                       0x00000000   Number         0  flef.o ABSOLUTE
    ../fplib/fmul6m.s                        0x00000000   Number         0  fmul.o ABSOLUTE
    ../fplib/usenofp.s                       0x00000000   Number         0  usenofp.o ABSOLUTE
    BTN.c                                    0x00000000   Number         0  btn.o ABSOLUTE
    Camera_UART.c                            0x00000000   Number         0  camera_uart.o ABSOLUTE
    dc.s                                     0x00000000   Number         0  dc.o ABSOLUTE
    dl_adc12.c                               0x00000000   Number         0  dl_adc12.o ABSOLUTE
    dl_aes.c                                 0x00000000   Number         0  dl_aes.o ABSOLUTE
    dl_aesadv.c                              0x00000000   Number         0  dl_aesadv.o ABSOLUTE
    dl_common.c                              0x00000000   Number         0  dl_common.o ABSOLUTE
    dl_crc.c                                 0x00000000   Number         0  dl_crc.o ABSOLUTE
    dl_crcp.c                                0x00000000   Number         0  dl_crcp.o ABSOLUTE
    dl_dac12.c                               0x00000000   Number         0  dl_dac12.o ABSOLUTE
    dl_dma.c                                 0x00000000   Number         0  dl_dma.o ABSOLUTE
    dl_flashctl.c                            0x00000000   Number         0  dl_flashctl.o ABSOLUTE
    dl_i2c.c                                 0x00000000   Number         0  dl_i2c.o ABSOLUTE
    dl_interrupt.c                           0x00000000   Number         0  dl_interrupt.o ABSOLUTE
    dl_keystorectl.c                         0x00000000   Number         0  dl_keystorectl.o ABSOLUTE
    dl_lcd.c                                 0x00000000   Number         0  dl_lcd.o ABSOLUTE
    dl_lfss.c                                0x00000000   Number         0  dl_lfss.o ABSOLUTE
    dl_mathacl.c                             0x00000000   Number         0  dl_mathacl.o ABSOLUTE
    dl_mcan.c                                0x00000000   Number         0  dl_mcan.o ABSOLUTE
    dl_opa.c                                 0x00000000   Number         0  dl_opa.o ABSOLUTE
    dl_rtc_common.c                          0x00000000   Number         0  dl_rtc_common.o ABSOLUTE
    dl_spi.c                                 0x00000000   Number         0  dl_spi.o ABSOLUTE
    dl_sysctl_mspm0g1x0x_g3x0x.c             0x00000000   Number         0  dl_sysctl_mspm0g1x0x_g3x0x.o ABSOLUTE
    dl_timer.c                               0x00000000   Number         0  dl_timer.o ABSOLUTE
    dl_trng.c                                0x00000000   Number         0  dl_trng.o ABSOLUTE
    dl_uart.c                                0x00000000   Number         0  dl_uart.o ABSOLUTE
    dl_vref.c                                0x00000000   Number         0  dl_vref.o ABSOLUTE
    main.c                                   0x00000000   Number         0  main.o ABSOLUTE
    oled.c                                   0x00000000   Number         0  oled.o ABSOLUTE
    pid.c                                    0x00000000   Number         0  pid.o ABSOLUTE
    startup_mspm0g350x_uvision.s             0x00000000   Number         0  startup_mspm0g350x_uvision.o ABSOLUTE
    step_motor.c                             0x00000000   Number         0  step_motor.o ABSOLUTE
    ti_msp_dl_config.c                       0x00000000   Number         0  ti_msp_dl_config.o ABSOLUTE
    RESET                                    0x00000000   Section      192  startup_mspm0g350x_uvision.o(RESET)
    !!!main                                  0x000000c0   Section        8  __main.o(!!!main)
    !!!scatter                               0x000000c8   Section       84  __scatter.o(!!!scatter)
    !!handler_copy                           0x00000120   Section       26  __scatter_copy.o(!!handler_copy)
    !!handler_null                           0x00000140   Section        2  __scatter.o(!!handler_null)
    !!handler_zi                             0x00000148   Section       28  __scatter_zi.o(!!handler_zi)
    .ARM.Collect$$libinit$$00000000          0x00000164   Section        2  libinit.o(.ARM.Collect$$libinit$$00000000)
    .ARM.Collect$$libinit$$00000002          0x00000166   Section        0  libinit2.o(.ARM.Collect$$libinit$$00000002)
    .ARM.Collect$$libinit$$00000004          0x00000166   Section        0  libinit2.o(.ARM.Collect$$libinit$$00000004)
    .ARM.Collect$$libinit$$00000006          0x00000166   Section        0  libinit2.o(.ARM.Collect$$libinit$$00000006)
    .ARM.Collect$$libinit$$0000000C          0x00000166   Section        0  libinit2.o(.ARM.Collect$$libinit$$0000000C)
    .ARM.Collect$$libinit$$0000000E          0x00000166   Section        0  libinit2.o(.ARM.Collect$$libinit$$0000000E)
    .ARM.Collect$$libinit$$00000010          0x00000166   Section        0  libinit2.o(.ARM.Collect$$libinit$$00000010)
    .ARM.Collect$$libinit$$00000013          0x00000166   Section        0  libinit2.o(.ARM.Collect$$libinit$$00000013)
    .ARM.Collect$$libinit$$00000015          0x00000166   Section        0  libinit2.o(.ARM.Collect$$libinit$$00000015)
    .ARM.Collect$$libinit$$00000017          0x00000166   Section        0  libinit2.o(.ARM.Collect$$libinit$$00000017)
    .ARM.Collect$$libinit$$00000019          0x00000166   Section        0  libinit2.o(.ARM.Collect$$libinit$$00000019)
    .ARM.Collect$$libinit$$0000001B          0x00000166   Section        0  libinit2.o(.ARM.Collect$$libinit$$0000001B)
    .ARM.Collect$$libinit$$0000001D          0x00000166   Section        0  libinit2.o(.ARM.Collect$$libinit$$0000001D)
    .ARM.Collect$$libinit$$0000001F          0x00000166   Section        0  libinit2.o(.ARM.Collect$$libinit$$0000001F)
    .ARM.Collect$$libinit$$00000021          0x00000166   Section        0  libinit2.o(.ARM.Collect$$libinit$$00000021)
    .ARM.Collect$$libinit$$00000023          0x00000166   Section        0  libinit2.o(.ARM.Collect$$libinit$$00000023)
    .ARM.Collect$$libinit$$00000025          0x00000166   Section        0  libinit2.o(.ARM.Collect$$libinit$$00000025)
    .ARM.Collect$$libinit$$00000027          0x00000166   Section        0  libinit2.o(.ARM.Collect$$libinit$$00000027)
    .ARM.Collect$$libinit$$0000002E          0x00000166   Section        0  libinit2.o(.ARM.Collect$$libinit$$0000002E)
    .ARM.Collect$$libinit$$00000030          0x00000166   Section        0  libinit2.o(.ARM.Collect$$libinit$$00000030)
    .ARM.Collect$$libinit$$00000032          0x00000166   Section        0  libinit2.o(.ARM.Collect$$libinit$$00000032)
    .ARM.Collect$$libinit$$00000034          0x00000166   Section        0  libinit2.o(.ARM.Collect$$libinit$$00000034)
    .ARM.Collect$$libinit$$00000035          0x00000166   Section        2  libinit2.o(.ARM.Collect$$libinit$$00000035)
    .ARM.Collect$$libshutdown$$00000000      0x00000168   Section        2  libshutdown.o(.ARM.Collect$$libshutdown$$00000000)
    .ARM.Collect$$libshutdown$$00000002      0x0000016a   Section        0  libshutdown2.o(.ARM.Collect$$libshutdown$$00000002)
    .ARM.Collect$$libshutdown$$00000004      0x0000016a   Section        0  libshutdown2.o(.ARM.Collect$$libshutdown$$00000004)
    .ARM.Collect$$libshutdown$$00000007      0x0000016a   Section        0  libshutdown2.o(.ARM.Collect$$libshutdown$$00000007)
    .ARM.Collect$$libshutdown$$0000000A      0x0000016a   Section        0  libshutdown2.o(.ARM.Collect$$libshutdown$$0000000A)
    .ARM.Collect$$libshutdown$$0000000C      0x0000016a   Section        0  libshutdown2.o(.ARM.Collect$$libshutdown$$0000000C)
    .ARM.Collect$$libshutdown$$0000000F      0x0000016a   Section        0  libshutdown2.o(.ARM.Collect$$libshutdown$$0000000F)
    .ARM.Collect$$libshutdown$$00000010      0x0000016a   Section        2  libshutdown2.o(.ARM.Collect$$libshutdown$$00000010)
    .ARM.Collect$$rtentry$$00000000          0x0000016c   Section        0  __rtentry.o(.ARM.Collect$$rtentry$$00000000)
    .ARM.Collect$$rtentry$$00000002          0x0000016c   Section        0  __rtentry2.o(.ARM.Collect$$rtentry$$00000002)
    .ARM.Collect$$rtentry$$00000004          0x0000016c   Section        6  __rtentry4.o(.ARM.Collect$$rtentry$$00000004)
    .ARM.Collect$$rtentry$$00000009          0x00000172   Section        0  __rtentry2.o(.ARM.Collect$$rtentry$$00000009)
    .ARM.Collect$$rtentry$$0000000A          0x00000172   Section        4  __rtentry2.o(.ARM.Collect$$rtentry$$0000000A)
    .ARM.Collect$$rtentry$$0000000C          0x00000176   Section        0  __rtentry2.o(.ARM.Collect$$rtentry$$0000000C)
    .ARM.Collect$$rtentry$$0000000D          0x00000176   Section        8  __rtentry2.o(.ARM.Collect$$rtentry$$0000000D)
    .ARM.Collect$$rtexit$$00000000           0x0000017e   Section        2  rtexit.o(.ARM.Collect$$rtexit$$00000000)
    .ARM.Collect$$rtexit$$00000002           0x00000180   Section        0  rtexit2.o(.ARM.Collect$$rtexit$$00000002)
    .ARM.Collect$$rtexit$$00000003           0x00000180   Section        4  rtexit2.o(.ARM.Collect$$rtexit$$00000003)
    .ARM.Collect$$rtexit$$00000004           0x00000184   Section        6  rtexit2.o(.ARM.Collect$$rtexit$$00000004)
    .text                                    0x0000018c   Section       44  startup_mspm0g350x_uvision.o(.text)
    .text                                    0x000001b8   Section      504  aeabi_sdivfast.o(.text)
    .text                                    0x000003b0   Section        0  heapauxi.o(.text)
    .text                                    0x000003b6   Section        0  ffixi.o(.text)
    .text                                    0x00000402   Section        0  ffixui.o(.text)
    .text                                    0x00000432   Section        0  fflti.o(.text)
    .text                                    0x00000490   Section        0  fcmpin.o(.text)
    .text                                    0x000004f4   Section       62  sys_stackheap_outer.o(.text)
    .text                                    0x00000532   Section        0  exit.o(.text)
    .text                                    0x00000542   Section        0  cmpret.o(.text)
    .text                                    0x00000570   Section        0  fnan2.o(.text)
    .text                                    0x00000580   Section        8  libspace.o(.text)
    .text                                    0x00000588   Section        0  retnan.o(.text)
    .text                                    0x000005e8   Section        0  sys_exit.o(.text)
    .text                                    0x000005f4   Section        2  use_no_semi.o(.text)
    [Anonymous Symbol]                       0x000005f6   Section        0  dl_common.o(.text.DL_Common_delayCycles)
    .text                                    0x000005f6   Section        0  indicate_semi.o(.text)
    [Anonymous Symbol]                       0x00000600   Section        0  dl_sysctl_mspm0g1x0x_g3x0x.o(.text.DL_SYSCTL_configSYSPLL)
    __arm_cp.0_0                             0x000006dc   Number         4  dl_sysctl_mspm0g1x0x_g3x0x.o(.text.DL_SYSCTL_configSYSPLL)
    __arm_cp.0_2                             0x000006e0   Number         4  dl_sysctl_mspm0g1x0x_g3x0x.o(.text.DL_SYSCTL_configSYSPLL)
    __arm_cp.0_3                             0x000006e4   Number         4  dl_sysctl_mspm0g1x0x_g3x0x.o(.text.DL_SYSCTL_configSYSPLL)
    __arm_cp.0_4                             0x000006e8   Number         4  dl_sysctl_mspm0g1x0x_g3x0x.o(.text.DL_SYSCTL_configSYSPLL)
    [Anonymous Symbol]                       0x000006ec   Section        0  dl_sysctl_mspm0g1x0x_g3x0x.o(.text.DL_SYSCTL_setHFCLKSourceHFXTParams)
    __arm_cp.7_0                             0x00000750   Number         4  dl_sysctl_mspm0g1x0x_g3x0x.o(.text.DL_SYSCTL_setHFCLKSourceHFXTParams)
    [Anonymous Symbol]                       0x00000754   Section        0  dl_sysctl_mspm0g1x0x_g3x0x.o(.text.DL_SYSCTL_switchMCLKfromSYSOSCtoHSCLK)
    __arm_cp.4_0                             0x0000079c   Number         4  dl_sysctl_mspm0g1x0x_g3x0x.o(.text.DL_SYSCTL_switchMCLKfromSYSOSCtoHSCLK)
    __arm_cp.4_1                             0x000007a0   Number         4  dl_sysctl_mspm0g1x0x_g3x0x.o(.text.DL_SYSCTL_switchMCLKfromSYSOSCtoHSCLK)
    [Anonymous Symbol]                       0x000007a4   Section        0  dl_timer.o(.text.DL_Timer_initPWMMode)
    __arm_cp.11_0                            0x00000860   Number         4  dl_timer.o(.text.DL_Timer_initPWMMode)
    __arm_cp.11_4                            0x00000864   Number         4  dl_timer.o(.text.DL_Timer_initPWMMode)
    __arm_cp.11_5                            0x00000868   Number         4  dl_timer.o(.text.DL_Timer_initPWMMode)
    __arm_cp.11_6                            0x0000086c   Number         4  dl_timer.o(.text.DL_Timer_initPWMMode)
    __arm_cp.11_7                            0x00000870   Number         4  dl_timer.o(.text.DL_Timer_initPWMMode)
    __arm_cp.11_9                            0x00000874   Number         4  dl_timer.o(.text.DL_Timer_initPWMMode)
    [Anonymous Symbol]                       0x00000878   Section        0  dl_timer.o(.text.DL_Timer_initTimerMode)
    __arm_cp.2_0                             0x00000958   Number         4  dl_timer.o(.text.DL_Timer_initTimerMode)
    __arm_cp.2_2                             0x0000095c   Number         4  dl_timer.o(.text.DL_Timer_initTimerMode)
    __arm_cp.2_3                             0x00000960   Number         4  dl_timer.o(.text.DL_Timer_initTimerMode)
    [Anonymous Symbol]                       0x00000964   Section        0  dl_timer.o(.text.DL_Timer_setCaptCompUpdateMethod)
    __arm_cp.26_0                            0x0000097c   Number         4  dl_timer.o(.text.DL_Timer_setCaptCompUpdateMethod)
    [Anonymous Symbol]                       0x00000980   Section        0  dl_timer.o(.text.DL_Timer_setCaptureCompareOutCtl)
    __arm_cp.13_0                            0x00000994   Number         4  dl_timer.o(.text.DL_Timer_setCaptureCompareOutCtl)
    [Anonymous Symbol]                       0x00000998   Section        0  dl_timer.o(.text.DL_Timer_setCaptureCompareValue)
    __arm_cp.3_0                             0x000009a4   Number         4  dl_timer.o(.text.DL_Timer_setCaptureCompareValue)
    [Anonymous Symbol]                       0x000009a8   Section        0  dl_timer.o(.text.DL_Timer_setClockConfig)
    __arm_cp.0_0                             0x000009c0   Number         4  dl_timer.o(.text.DL_Timer_setClockConfig)
    [Anonymous Symbol]                       0x000009c4   Section        0  dl_uart.o(.text.DL_UART_init)
    __arm_cp.0_0                             0x00000a04   Number         4  dl_uart.o(.text.DL_UART_init)
    __arm_cp.0_1                             0x00000a08   Number         4  dl_uart.o(.text.DL_UART_init)
    [Anonymous Symbol]                       0x00000a0c   Section        0  dl_uart.o(.text.DL_UART_setClockConfig)
    [Anonymous Symbol]                       0x00000a1e   Section        0  oled.o(.text.OLED_Clear)
    [Anonymous Symbol]                       0x00000b34   Section        0  oled.o(.text.OLED_I2C_SendByte)
    [Anonymous Symbol]                       0x00000c5c   Section        0  oled.o(.text.OLED_I2C_Start)
    __arm_cp.3_1                             0x00000d2c   Number         4  oled.o(.text.OLED_I2C_Start)
    [Anonymous Symbol]                       0x00000d30   Section        0  oled.o(.text.OLED_Init)
    __arm_cp.18_0                            0x00000dd0   Number         4  oled.o(.text.OLED_Init)
    __arm_cp.18_1                            0x00000dd4   Number         4  oled.o(.text.OLED_Init)
    [Anonymous Symbol]                       0x00000dd8   Section        0  oled.o(.text.OLED_ShowChar)
    __arm_cp.11_0                            0x00000e94   Number         4  oled.o(.text.OLED_ShowChar)
    __arm_cp.11_1                            0x00000e98   Number         4  oled.o(.text.OLED_ShowChar)
    [Anonymous Symbol]                       0x00000e9c   Section        0  oled.o(.text.OLED_ShowNum)
    __arm_cp.14_0                            0x00000f28   Number         4  oled.o(.text.OLED_ShowNum)
    [Anonymous Symbol]                       0x00000f2c   Section        0  oled.o(.text.OLED_ShowString)
    [Anonymous Symbol]                       0x00000f58   Section        0  oled.o(.text.OLED_WriteCommand)
    __arm_cp.6_0                             0x00001010   Number         4  oled.o(.text.OLED_WriteCommand)
    __arm_cp.6_1                             0x00001014   Number         4  oled.o(.text.OLED_WriteCommand)
    __arm_cp.6_2                             0x00001018   Number         4  oled.o(.text.OLED_WriteCommand)
    [Anonymous Symbol]                       0x0000101c   Section        0  oled.o(.text.OLED_WriteData)
    __arm_cp.7_0                             0x000010d4   Number         4  oled.o(.text.OLED_WriteData)
    __arm_cp.7_1                             0x000010d8   Number         4  oled.o(.text.OLED_WriteData)
    __arm_cp.7_2                             0x000010dc   Number         4  oled.o(.text.OLED_WriteData)
    [Anonymous Symbol]                       0x000010e0   Section        0  camera_uart.o(.text.Openmv_Receive_Data)
    __arm_cp.0_0                             0x00001134   Number         4  camera_uart.o(.text.Openmv_Receive_Data)
    __arm_cp.0_1                             0x00001138   Number         4  camera_uart.o(.text.Openmv_Receive_Data)
    __arm_cp.0_2                             0x0000113c   Number         4  camera_uart.o(.text.Openmv_Receive_Data)
    __arm_cp.0_3                             0x00001140   Number         4  camera_uart.o(.text.Openmv_Receive_Data)
    __arm_cp.0_4                             0x00001144   Number         4  camera_uart.o(.text.Openmv_Receive_Data)
    __arm_cp.0_5                             0x00001148   Number         4  camera_uart.o(.text.Openmv_Receive_Data)
    __arm_cp.0_6                             0x0000114c   Number         4  camera_uart.o(.text.Openmv_Receive_Data)
    [Anonymous Symbol]                       0x00001150   Section        0  btn.o(.text.Read_BTN_State)
    __arm_cp.1_0                             0x0000119c   Number         4  btn.o(.text.Read_BTN_State)
    __arm_cp.1_1                             0x000011a0   Number         4  btn.o(.text.Read_BTN_State)
    [Anonymous Symbol]                       0x000011a4   Section        0  ti_msp_dl_config.o(.text.SYSCFG_DL_GPIO_init)
    __arm_cp.2_0                             0x0000121c   Number         4  ti_msp_dl_config.o(.text.SYSCFG_DL_GPIO_init)
    __arm_cp.2_1                             0x00001220   Number         4  ti_msp_dl_config.o(.text.SYSCFG_DL_GPIO_init)
    __arm_cp.2_2                             0x00001224   Number         4  ti_msp_dl_config.o(.text.SYSCFG_DL_GPIO_init)
    __arm_cp.2_3                             0x00001228   Number         4  ti_msp_dl_config.o(.text.SYSCFG_DL_GPIO_init)
    __arm_cp.2_4                             0x0000122c   Number         4  ti_msp_dl_config.o(.text.SYSCFG_DL_GPIO_init)
    __arm_cp.2_5                             0x00001230   Number         4  ti_msp_dl_config.o(.text.SYSCFG_DL_GPIO_init)
    __arm_cp.2_6                             0x00001234   Number         4  ti_msp_dl_config.o(.text.SYSCFG_DL_GPIO_init)
    __arm_cp.2_7                             0x00001238   Number         4  ti_msp_dl_config.o(.text.SYSCFG_DL_GPIO_init)
    [Anonymous Symbol]                       0x0000123c   Section        0  ti_msp_dl_config.o(.text.SYSCFG_DL_PWM_0_init)
    __arm_cp.4_0                             0x00001284   Number         4  ti_msp_dl_config.o(.text.SYSCFG_DL_PWM_0_init)
    __arm_cp.4_1                             0x00001288   Number         4  ti_msp_dl_config.o(.text.SYSCFG_DL_PWM_0_init)
    __arm_cp.4_2                             0x0000128c   Number         4  ti_msp_dl_config.o(.text.SYSCFG_DL_PWM_0_init)
    __arm_cp.4_3                             0x00001290   Number         4  ti_msp_dl_config.o(.text.SYSCFG_DL_PWM_0_init)
    [Anonymous Symbol]                       0x00001294   Section        0  ti_msp_dl_config.o(.text.SYSCFG_DL_PWM_1_init)
    __arm_cp.5_0                             0x00001300   Number         4  ti_msp_dl_config.o(.text.SYSCFG_DL_PWM_1_init)
    __arm_cp.5_1                             0x00001304   Number         4  ti_msp_dl_config.o(.text.SYSCFG_DL_PWM_1_init)
    __arm_cp.5_2                             0x00001308   Number         4  ti_msp_dl_config.o(.text.SYSCFG_DL_PWM_1_init)
    __arm_cp.5_3                             0x0000130c   Number         4  ti_msp_dl_config.o(.text.SYSCFG_DL_PWM_1_init)
    [Anonymous Symbol]                       0x00001310   Section        0  ti_msp_dl_config.o(.text.SYSCFG_DL_PWM_2_init)
    __arm_cp.6_0                             0x00001358   Number         4  ti_msp_dl_config.o(.text.SYSCFG_DL_PWM_2_init)
    __arm_cp.6_1                             0x0000135c   Number         4  ti_msp_dl_config.o(.text.SYSCFG_DL_PWM_2_init)
    __arm_cp.6_2                             0x00001360   Number         4  ti_msp_dl_config.o(.text.SYSCFG_DL_PWM_2_init)
    __arm_cp.6_3                             0x00001364   Number         4  ti_msp_dl_config.o(.text.SYSCFG_DL_PWM_2_init)
    [Anonymous Symbol]                       0x00001368   Section        0  ti_msp_dl_config.o(.text.SYSCFG_DL_SYSCTL_init)
    __arm_cp.3_0                             0x000013c8   Number         4  ti_msp_dl_config.o(.text.SYSCFG_DL_SYSCTL_init)
    __arm_cp.3_1                             0x000013cc   Number         4  ti_msp_dl_config.o(.text.SYSCFG_DL_SYSCTL_init)
    __arm_cp.3_2                             0x000013d0   Number         4  ti_msp_dl_config.o(.text.SYSCFG_DL_SYSCTL_init)
    [Anonymous Symbol]                       0x000013d4   Section        0  ti_msp_dl_config.o(.text.SYSCFG_DL_TIMG_0_init)
    __arm_cp.7_0                             0x00001408   Number         4  ti_msp_dl_config.o(.text.SYSCFG_DL_TIMG_0_init)
    __arm_cp.7_1                             0x0000140c   Number         4  ti_msp_dl_config.o(.text.SYSCFG_DL_TIMG_0_init)
    __arm_cp.7_2                             0x00001410   Number         4  ti_msp_dl_config.o(.text.SYSCFG_DL_TIMG_0_init)
    __arm_cp.7_3                             0x00001414   Number         4  ti_msp_dl_config.o(.text.SYSCFG_DL_TIMG_0_init)
    __arm_cp.7_4                             0x00001418   Number         4  ti_msp_dl_config.o(.text.SYSCFG_DL_TIMG_0_init)
    __arm_cp.7_5                             0x0000141c   Number         4  ti_msp_dl_config.o(.text.SYSCFG_DL_TIMG_0_init)
    [Anonymous Symbol]                       0x00001420   Section        0  ti_msp_dl_config.o(.text.SYSCFG_DL_UART_0_init)
    __arm_cp.8_0                             0x000014a4   Number         4  ti_msp_dl_config.o(.text.SYSCFG_DL_UART_0_init)
    __arm_cp.8_1                             0x000014a8   Number         4  ti_msp_dl_config.o(.text.SYSCFG_DL_UART_0_init)
    __arm_cp.8_2                             0x000014ac   Number         4  ti_msp_dl_config.o(.text.SYSCFG_DL_UART_0_init)
    __arm_cp.8_3                             0x000014b0   Number         4  ti_msp_dl_config.o(.text.SYSCFG_DL_UART_0_init)
    __arm_cp.8_4                             0x000014b4   Number         4  ti_msp_dl_config.o(.text.SYSCFG_DL_UART_0_init)
    __arm_cp.8_5                             0x000014b8   Number         4  ti_msp_dl_config.o(.text.SYSCFG_DL_UART_0_init)
    __arm_cp.8_6                             0x000014bc   Number         4  ti_msp_dl_config.o(.text.SYSCFG_DL_UART_0_init)
    [Anonymous Symbol]                       0x000014c0   Section        0  ti_msp_dl_config.o(.text.SYSCFG_DL_init)
    __arm_cp.0_0                             0x000014f0   Number         4  ti_msp_dl_config.o(.text.SYSCFG_DL_init)
    __arm_cp.0_1                             0x000014f4   Number         4  ti_msp_dl_config.o(.text.SYSCFG_DL_init)
    [Anonymous Symbol]                       0x000014f8   Section        0  ti_msp_dl_config.o(.text.SYSCFG_DL_initPower)
    __arm_cp.1_0                             0x00001534   Number         4  ti_msp_dl_config.o(.text.SYSCFG_DL_initPower)
    __arm_cp.1_1                             0x00001538   Number         4  ti_msp_dl_config.o(.text.SYSCFG_DL_initPower)
    __arm_cp.1_2                             0x0000153c   Number         4  ti_msp_dl_config.o(.text.SYSCFG_DL_initPower)
    __arm_cp.1_3                             0x00001540   Number         4  ti_msp_dl_config.o(.text.SYSCFG_DL_initPower)
    __arm_cp.1_4                             0x00001544   Number         4  ti_msp_dl_config.o(.text.SYSCFG_DL_initPower)
    __arm_cp.1_5                             0x00001548   Number         4  ti_msp_dl_config.o(.text.SYSCFG_DL_initPower)
    __arm_cp.1_6                             0x0000154c   Number         4  ti_msp_dl_config.o(.text.SYSCFG_DL_initPower)
    __arm_cp.1_7                             0x00001550   Number         4  ti_msp_dl_config.o(.text.SYSCFG_DL_initPower)
    __arm_cp.1_8                             0x00001554   Number         4  ti_msp_dl_config.o(.text.SYSCFG_DL_initPower)
    [Anonymous Symbol]                       0x00001558   Section        0  main.o(.text.TIMG0_IRQHandler)
    __arm_cp.1_0                             0x00001650   Number         4  main.o(.text.TIMG0_IRQHandler)
    __arm_cp.1_1                             0x00001654   Number         4  main.o(.text.TIMG0_IRQHandler)
    __arm_cp.1_2                             0x00001658   Number         4  main.o(.text.TIMG0_IRQHandler)
    __arm_cp.1_3                             0x0000165c   Number         4  main.o(.text.TIMG0_IRQHandler)
    __arm_cp.1_4                             0x00001660   Number         4  main.o(.text.TIMG0_IRQHandler)
    __arm_cp.1_5                             0x00001664   Number         4  main.o(.text.TIMG0_IRQHandler)
    __arm_cp.1_6                             0x00001668   Number         4  main.o(.text.TIMG0_IRQHandler)
    __arm_cp.1_7                             0x0000166c   Number         4  main.o(.text.TIMG0_IRQHandler)
    [Anonymous Symbol]                       0x00001670   Section        0  main.o(.text.UART0_IRQHandler)
    __arm_cp.3_0                             0x00001690   Number         4  main.o(.text.UART0_IRQHandler)
    __arm_cp.3_1                             0x00001694   Number         4  main.o(.text.UART0_IRQHandler)
    __arm_cp.3_2                             0x00001698   Number         4  main.o(.text.UART0_IRQHandler)
    [Anonymous Symbol]                       0x0000169c   Section        0  pid.o(.text.X_PID)
    __arm_cp.1_0                             0x00001730   Number         4  pid.o(.text.X_PID)
    __arm_cp.1_1                             0x00001734   Number         4  pid.o(.text.X_PID)
    __arm_cp.1_2                             0x00001738   Number         4  pid.o(.text.X_PID)
    [Anonymous Symbol]                       0x0000173c   Section        0  pid.o(.text.Y_PID)
    __arm_cp.2_1                             0x000017d0   Number         4  pid.o(.text.Y_PID)
    __arm_cp.2_2                             0x000017d4   Number         4  pid.o(.text.Y_PID)
    __arm_cp.2_3                             0x000017d8   Number         4  pid.o(.text.Y_PID)
    __arm_cp.2_4                             0x000017dc   Number         4  pid.o(.text.Y_PID)
    [Anonymous Symbol]                       0x000017e0   Section        0  oled.o(.text.delay_ms)
    __arm_cp.1_0                             0x000018d8   Number         4  oled.o(.text.delay_ms)
    [Anonymous Symbol]                       0x000018dc   Section        0  main.o(.text.main)
    __arm_cp.0_0                             0x00001a78   Number         4  main.o(.text.main)
    __arm_cp.0_1                             0x00001a7c   Number         4  main.o(.text.main)
    __arm_cp.0_2                             0x00001a80   Number         4  main.o(.text.main)
    __arm_cp.0_3                             0x00001a84   Number         4  main.o(.text.main)
    __arm_cp.0_4                             0x00001a88   Number         4  main.o(.text.main)
    __arm_cp.0_7                             0x00001a9c   Number         4  main.o(.text.main)
    __arm_cp.0_9                             0x00001aa0   Number         4  main.o(.text.main)
    __arm_cp.0_10                            0x00001aa4   Number         4  main.o(.text.main)
    __arm_cp.0_11                            0x00001aa8   Number         4  main.o(.text.main)
    __arm_cp.0_12                            0x00001aac   Number         4  main.o(.text.main)
    __arm_cp.0_13                            0x00001ab0   Number         4  main.o(.text.main)
    __arm_cp.0_14                            0x00001ab4   Number         4  main.o(.text.main)
    __arm_cp.0_15                            0x00001ab8   Number         4  main.o(.text.main)
    __arm_cp.0_16                            0x00001abc   Number         4  main.o(.text.main)
    __arm_cp.0_17                            0x00001ac0   Number         4  main.o(.text.main)
    __arm_cp.0_18                            0x00001ac4   Number         4  main.o(.text.main)
    [Anonymous Symbol]                       0x00001ac8   Section        0  step_motor.o(.text.motor_run)
    __arm_cp.0_1                             0x00001b6c   Number         4  step_motor.o(.text.motor_run)
    __arm_cp.0_3                             0x00001b70   Number         4  step_motor.o(.text.motor_run)
    __arm_cp.0_4                             0x00001b74   Number         4  step_motor.o(.text.motor_run)
    __arm_cp.0_5                             0x00001b78   Number         4  step_motor.o(.text.motor_run)
    __arm_cp.0_6                             0x00001b7c   Number         4  step_motor.o(.text.motor_run)
    __arm_cp.0_7                             0x00001b80   Number         4  step_motor.o(.text.motor_run)
    [Anonymous Symbol]                       0x00001b84   Section        0  step_motor.o(.text.set_relax)
    __arm_cp.1_0                             0x00001bcc   Number         4  step_motor.o(.text.set_relax)
    __arm_cp.1_1                             0x00001bd0   Number         4  step_motor.o(.text.set_relax)
    __arm_cp.1_2                             0x00001bd4   Number         4  step_motor.o(.text.set_relax)
    __arm_cp.1_3                             0x00001bd8   Number         4  step_motor.o(.text.set_relax)
    __arm_cp.1_4                             0x00001bdc   Number         4  step_motor.o(.text.set_relax)
    .text_divfast                            0x00001be0   Section      502  aeabi_sdivfast.o(.text_divfast)
    i._fgr                                   0x00001dd6   Section        0  fcmp.o(i._fgr)
    i._fls                                   0x00001dec   Section        0  fcmp.o(i._fls)
    x$fpl$fadd                               0x00001e04   Section      140  faddsub.o(x$fpl$fadd)
    _fadd1                                   0x00001e11   Thumb Code     0  faddsub.o(x$fpl$fadd)
    x$fpl$fgeqf                              0x00001e90   Section       84  fgef.o(x$fpl$fgeqf)
    x$fpl$fleqf                              0x00001ee4   Section       84  flef.o(x$fpl$fleqf)
    x$fpl$fmul                               0x00001f38   Section      176  fmul.o(x$fpl$fmul)
    x$fpl$fsub                               0x00001fe8   Section      208  faddsub.o(x$fpl$fsub)
    _fsub1                                   0x00001ff5   Thumb Code     0  faddsub.o(x$fpl$fsub)
    x$fpl$usenofp                            0x000020b8   Section        0  usenofp.o(x$fpl$usenofp)
    gPWM_0ClockConfig                        0x000026a8   Data           3  ti_msp_dl_config.o(.rodata.gPWM_0ClockConfig)
    [Anonymous Symbol]                       0x000026a8   Section        0  ti_msp_dl_config.o(.rodata.gPWM_0ClockConfig)
    gPWM_1ClockConfig                        0x000026ab   Data           3  ti_msp_dl_config.o(.rodata.gPWM_1ClockConfig)
    [Anonymous Symbol]                       0x000026ab   Section        0  ti_msp_dl_config.o(.rodata.gPWM_1ClockConfig)
    gPWM_2ClockConfig                        0x000026ae   Data           3  ti_msp_dl_config.o(.rodata.gPWM_2ClockConfig)
    [Anonymous Symbol]                       0x000026ae   Section        0  ti_msp_dl_config.o(.rodata.gPWM_2ClockConfig)
    gSYSPLLConfig                            0x000026b4   Data          40  ti_msp_dl_config.o(.rodata.gSYSPLLConfig)
    [Anonymous Symbol]                       0x000026b4   Section        0  ti_msp_dl_config.o(.rodata.gSYSPLLConfig)
    gTIMG_0ClockConfig                       0x000026dc   Data           3  ti_msp_dl_config.o(.rodata.gTIMG_0ClockConfig)
    [Anonymous Symbol]                       0x000026dc   Section        0  ti_msp_dl_config.o(.rodata.gTIMG_0ClockConfig)
    gTIMG_0TimerConfig                       0x000026e0   Data          20  ti_msp_dl_config.o(.rodata.gTIMG_0TimerConfig)
    [Anonymous Symbol]                       0x000026e0   Section        0  ti_msp_dl_config.o(.rodata.gTIMG_0TimerConfig)
    gUART_0ClockConfig                       0x000026f4   Data           2  ti_msp_dl_config.o(.rodata.gUART_0ClockConfig)
    [Anonymous Symbol]                       0x000026f4   Section        0  ti_msp_dl_config.o(.rodata.gUART_0ClockConfig)
    gUART_0Config                            0x000026f6   Data          10  ti_msp_dl_config.o(.rodata.gUART_0Config)
    [Anonymous Symbol]                       0x000026f6   Section        0  ti_msp_dl_config.o(.rodata.gUART_0Config)
    .bss                                     0x20200020   Section       96  libspace.o(.bss)
    Openmv_Receive_Data.RxBuffer             0x20200083   Data           3  camera_uart.o(.bss.Openmv_Receive_Data.RxBuffer)
    [Anonymous Symbol]                       0x20200083   Section        0  camera_uart.o(.bss.Openmv_Receive_Data.RxBuffer)
    Openmv_Receive_Data.RxCounter            0x20200086   Data           2  camera_uart.o(.bss.Openmv_Receive_Data.RxCounter)
    [Anonymous Symbol]                       0x20200086   Section        0  camera_uart.o(.bss.Openmv_Receive_Data.RxCounter)
    Openmv_Receive_Data.Rxstate              0x20200088   Data           1  camera_uart.o(.bss.Openmv_Receive_Data.Rxstate)
    [Anonymous Symbol]                       0x20200088   Section        0  camera_uart.o(.bss.Openmv_Receive_Data.Rxstate)
    Read_BTN_State.key_state                 0x20200089   Data           1  btn.o(.bss.Read_BTN_State.key_state)
    [Anonymous Symbol]                       0x20200089   Section        0  btn.o(.bss.Read_BTN_State.key_state)
    X_PID.error_last_pos                     0x2020008c   Data           4  pid.o(.bss.X_PID.error_last_pos)
    [Anonymous Symbol]                       0x2020008c   Section        0  pid.o(.bss.X_PID.error_last_pos)
    X_PID.error_sum_pos                      0x20200090   Data           4  pid.o(.bss.X_PID.error_sum_pos)
    [Anonymous Symbol]                       0x20200090   Section        0  pid.o(.bss.X_PID.error_sum_pos)
    Y_PID.error_last_pos                     0x20200094   Data           4  pid.o(.bss.Y_PID.error_last_pos)
    [Anonymous Symbol]                       0x20200094   Section        0  pid.o(.bss.Y_PID.error_last_pos)
    Y_PID.error_sum_pos                      0x20200098   Data           4  pid.o(.bss.Y_PID.error_sum_pos)
    [Anonymous Symbol]                       0x20200098   Section        0  pid.o(.bss.Y_PID.error_sum_pos)
    Heap_Mem                                 0x20200198   Data           0  startup_mspm0g350x_uvision.o(HEAP)
    Stack_Mem                                0x20200198   Data         256  startup_mspm0g350x_uvision.o(STACK)
    HEAP                                     0x20200198   Section        0  startup_mspm0g350x_uvision.o(HEAP)
    STACK                                    0x20200198   Section      256  startup_mspm0g350x_uvision.o(STACK)
    __initial_sp                             0x20200298   Data           0  startup_mspm0g350x_uvision.o(STACK)

    Global Symbols

    Symbol Name                              Value     Ov Type        Size  Object(Section)

    BuildAttributes$$THM_ISAv3M$S$PE$A:L22$X:L11$S22$IEEE1$IW$~IW$USESV6$~STKCKD$USESV7$~SHL$OTIME$ROPI$EBA8$UX$STANDARDLIB$REQ8$PRES8$EABIv2 0x00000000   Number         0  anon$$obj.o ABSOLUTE
    __Vectors                                0x00000000   Data           4  startup_mspm0g350x_uvision.o(RESET)
    __ARM_exceptions_init                     - Undefined Weak Reference
    __alloca_initialize                       - Undefined Weak Reference
    __arm_preinit_                            - Undefined Weak Reference
    __arm_relocate_pie_                       - Undefined Weak Reference
    __cpp_initialize__aeabi_                  - Undefined Weak Reference
    __cxa_finalize                            - Undefined Weak Reference
    __rt_locale                               - Undefined Weak Reference
    __sigvec_lookup                           - Undefined Weak Reference
    _atexit_init                              - Undefined Weak Reference
    _call_atexit_fns                          - Undefined Weak Reference
    _clock_init                               - Undefined Weak Reference
    _fp_trap_init                             - Undefined Weak Reference
    _fp_trap_shutdown                         - Undefined Weak Reference
    _get_lc_collate                           - Undefined Weak Reference
    _get_lc_ctype                             - Undefined Weak Reference
    _get_lc_monetary                          - Undefined Weak Reference
    _get_lc_numeric                           - Undefined Weak Reference
    _get_lc_time                              - Undefined Weak Reference
    _getenv_init                              - Undefined Weak Reference
    _handle_redirection                       - Undefined Weak Reference
    _init_alloc                               - Undefined Weak Reference
    _init_user_alloc                          - Undefined Weak Reference
    _initio                                   - Undefined Weak Reference
    _rand_init                                - Undefined Weak Reference
    _signal_finish                            - Undefined Weak Reference
    _signal_init                              - Undefined Weak Reference
    _terminate_alloc                          - Undefined Weak Reference
    _terminate_user_alloc                     - Undefined Weak Reference
    _terminateio                              - Undefined Weak Reference
    __Vectors_End                            0x000000c0   Data           0  startup_mspm0g350x_uvision.o(RESET)
    __Vectors_Size                           0x000000c0   Number         0  startup_mspm0g350x_uvision.o ABSOLUTE
    __main                                   0x000000c1   Thumb Code     8  __main.o(!!!main)
    __scatterload                            0x000000c9   Thumb Code     0  __scatter.o(!!!scatter)
    __scatterload_rt2                        0x000000c9   Thumb Code    74  __scatter.o(!!!scatter)
    __scatterload_rt2_thumb_only             0x000000c9   Thumb Code     0  __scatter.o(!!!scatter)
    __scatterload_loop                       0x000000d3   Thumb Code     0  __scatter.o(!!!scatter)
    __scatterload_copy                       0x00000121   Thumb Code    26  __scatter_copy.o(!!handler_copy)
    __scatterload_null                       0x00000141   Thumb Code     2  __scatter.o(!!handler_null)
    __scatterload_zeroinit                   0x00000149   Thumb Code    28  __scatter_zi.o(!!handler_zi)
    __rt_lib_init                            0x00000165   Thumb Code     0  libinit.o(.ARM.Collect$$libinit$$00000000)
    __rt_lib_init_alloca_1                   0x00000167   Thumb Code     0  libinit2.o(.ARM.Collect$$libinit$$00000030)
    __rt_lib_init_argv_1                     0x00000167   Thumb Code     0  libinit2.o(.ARM.Collect$$libinit$$0000002E)
    __rt_lib_init_atexit_1                   0x00000167   Thumb Code     0  libinit2.o(.ARM.Collect$$libinit$$0000001D)
    __rt_lib_init_clock_1                    0x00000167   Thumb Code     0  libinit2.o(.ARM.Collect$$libinit$$00000023)
    __rt_lib_init_cpp_1                      0x00000167   Thumb Code     0  libinit2.o(.ARM.Collect$$libinit$$00000034)
    __rt_lib_init_exceptions_1               0x00000167   Thumb Code     0  libinit2.o(.ARM.Collect$$libinit$$00000032)
    __rt_lib_init_fp_1                       0x00000167   Thumb Code     0  libinit2.o(.ARM.Collect$$libinit$$00000002)
    __rt_lib_init_fp_trap_1                  0x00000167   Thumb Code     0  libinit2.o(.ARM.Collect$$libinit$$00000021)
    __rt_lib_init_getenv_1                   0x00000167   Thumb Code     0  libinit2.o(.ARM.Collect$$libinit$$00000025)
    __rt_lib_init_heap_1                     0x00000167   Thumb Code     0  libinit2.o(.ARM.Collect$$libinit$$0000000C)
    __rt_lib_init_lc_collate_1               0x00000167   Thumb Code     0  libinit2.o(.ARM.Collect$$libinit$$00000013)
    __rt_lib_init_lc_ctype_1                 0x00000167   Thumb Code     0  libinit2.o(.ARM.Collect$$libinit$$00000015)
    __rt_lib_init_lc_monetary_1              0x00000167   Thumb Code     0  libinit2.o(.ARM.Collect$$libinit$$00000017)
    __rt_lib_init_lc_numeric_1               0x00000167   Thumb Code     0  libinit2.o(.ARM.Collect$$libinit$$00000019)
    __rt_lib_init_lc_time_1                  0x00000167   Thumb Code     0  libinit2.o(.ARM.Collect$$libinit$$0000001B)
    __rt_lib_init_preinit_1                  0x00000167   Thumb Code     0  libinit2.o(.ARM.Collect$$libinit$$00000006)
    __rt_lib_init_rand_1                     0x00000167   Thumb Code     0  libinit2.o(.ARM.Collect$$libinit$$00000010)
    __rt_lib_init_relocate_pie_1             0x00000167   Thumb Code     0  libinit2.o(.ARM.Collect$$libinit$$00000004)
    __rt_lib_init_return                     0x00000167   Thumb Code     0  libinit2.o(.ARM.Collect$$libinit$$00000035)
    __rt_lib_init_signal_1                   0x00000167   Thumb Code     0  libinit2.o(.ARM.Collect$$libinit$$0000001F)
    __rt_lib_init_stdio_1                    0x00000167   Thumb Code     0  libinit2.o(.ARM.Collect$$libinit$$00000027)
    __rt_lib_init_user_alloc_1               0x00000167   Thumb Code     0  libinit2.o(.ARM.Collect$$libinit$$0000000E)
    __rt_lib_shutdown                        0x00000169   Thumb Code     0  libshutdown.o(.ARM.Collect$$libshutdown$$00000000)
    __rt_lib_shutdown_cpp_1                  0x0000016b   Thumb Code     0  libshutdown2.o(.ARM.Collect$$libshutdown$$00000002)
    __rt_lib_shutdown_fp_trap_1              0x0000016b   Thumb Code     0  libshutdown2.o(.ARM.Collect$$libshutdown$$00000007)
    __rt_lib_shutdown_heap_1                 0x0000016b   Thumb Code     0  libshutdown2.o(.ARM.Collect$$libshutdown$$0000000F)
    __rt_lib_shutdown_return                 0x0000016b   Thumb Code     0  libshutdown2.o(.ARM.Collect$$libshutdown$$00000010)
    __rt_lib_shutdown_signal_1               0x0000016b   Thumb Code     0  libshutdown2.o(.ARM.Collect$$libshutdown$$0000000A)
    __rt_lib_shutdown_stdio_1                0x0000016b   Thumb Code     0  libshutdown2.o(.ARM.Collect$$libshutdown$$00000004)
    __rt_lib_shutdown_user_alloc_1           0x0000016b   Thumb Code     0  libshutdown2.o(.ARM.Collect$$libshutdown$$0000000C)
    __rt_entry                               0x0000016d   Thumb Code     0  __rtentry.o(.ARM.Collect$$rtentry$$00000000)
    __rt_entry_presh_1                       0x0000016d   Thumb Code     0  __rtentry2.o(.ARM.Collect$$rtentry$$00000002)
    __rt_entry_sh                            0x0000016d   Thumb Code     0  __rtentry4.o(.ARM.Collect$$rtentry$$00000004)
    __rt_entry_li                            0x00000173   Thumb Code     0  __rtentry2.o(.ARM.Collect$$rtentry$$0000000A)
    __rt_entry_postsh_1                      0x00000173   Thumb Code     0  __rtentry2.o(.ARM.Collect$$rtentry$$00000009)
    __rt_entry_main                          0x00000177   Thumb Code     0  __rtentry2.o(.ARM.Collect$$rtentry$$0000000D)
    __rt_entry_postli_1                      0x00000177   Thumb Code     0  __rtentry2.o(.ARM.Collect$$rtentry$$0000000C)
    __rt_exit                                0x0000017f   Thumb Code     0  rtexit.o(.ARM.Collect$$rtexit$$00000000)
    __rt_exit_ls                             0x00000181   Thumb Code     0  rtexit2.o(.ARM.Collect$$rtexit$$00000003)
    __rt_exit_prels_1                        0x00000181   Thumb Code     0  rtexit2.o(.ARM.Collect$$rtexit$$00000002)
    __rt_exit_exit                           0x00000185   Thumb Code     0  rtexit2.o(.ARM.Collect$$rtexit$$00000004)
    Reset_Handler                            0x0000018d   Thumb Code     4  startup_mspm0g350x_uvision.o(.text)
    NMI_Handler                              0x00000191   Thumb Code     2  startup_mspm0g350x_uvision.o(.text)
    HardFault_Handler                        0x00000193   Thumb Code     2  startup_mspm0g350x_uvision.o(.text)
    SVC_Handler                              0x00000195   Thumb Code     2  startup_mspm0g350x_uvision.o(.text)
    PendSV_Handler                           0x00000197   Thumb Code     2  startup_mspm0g350x_uvision.o(.text)
    SysTick_Handler                          0x00000199   Thumb Code     2  startup_mspm0g350x_uvision.o(.text)
    ADC0_IRQHandler                          0x0000019b   Thumb Code     0  startup_mspm0g350x_uvision.o(.text)
    ADC1_IRQHandler                          0x0000019b   Thumb Code     0  startup_mspm0g350x_uvision.o(.text)
    AES_IRQHandler                           0x0000019b   Thumb Code     0  startup_mspm0g350x_uvision.o(.text)
    CANFD0_IRQHandler                        0x0000019b   Thumb Code     0  startup_mspm0g350x_uvision.o(.text)
    DAC0_IRQHandler                          0x0000019b   Thumb Code     0  startup_mspm0g350x_uvision.o(.text)
    DMA_IRQHandler                           0x0000019b   Thumb Code     0  startup_mspm0g350x_uvision.o(.text)
    Default_Handler                          0x0000019b   Thumb Code     2  startup_mspm0g350x_uvision.o(.text)
    GROUP0_IRQHandler                        0x0000019b   Thumb Code     0  startup_mspm0g350x_uvision.o(.text)
    GROUP1_IRQHandler                        0x0000019b   Thumb Code     0  startup_mspm0g350x_uvision.o(.text)
    I2C0_IRQHandler                          0x0000019b   Thumb Code     0  startup_mspm0g350x_uvision.o(.text)
    I2C1_IRQHandler                          0x0000019b   Thumb Code     0  startup_mspm0g350x_uvision.o(.text)
    RTC_IRQHandler                           0x0000019b   Thumb Code     0  startup_mspm0g350x_uvision.o(.text)
    SPI0_IRQHandler                          0x0000019b   Thumb Code     0  startup_mspm0g350x_uvision.o(.text)
    SPI1_IRQHandler                          0x0000019b   Thumb Code     0  startup_mspm0g350x_uvision.o(.text)
    TIMA0_IRQHandler                         0x0000019b   Thumb Code     0  startup_mspm0g350x_uvision.o(.text)
    TIMA1_IRQHandler                         0x0000019b   Thumb Code     0  startup_mspm0g350x_uvision.o(.text)
    TIMG12_IRQHandler                        0x0000019b   Thumb Code     0  startup_mspm0g350x_uvision.o(.text)
    TIMG6_IRQHandler                         0x0000019b   Thumb Code     0  startup_mspm0g350x_uvision.o(.text)
    TIMG7_IRQHandler                         0x0000019b   Thumb Code     0  startup_mspm0g350x_uvision.o(.text)
    TIMG8_IRQHandler                         0x0000019b   Thumb Code     0  startup_mspm0g350x_uvision.o(.text)
    UART1_IRQHandler                         0x0000019b   Thumb Code     0  startup_mspm0g350x_uvision.o(.text)
    UART2_IRQHandler                         0x0000019b   Thumb Code     0  startup_mspm0g350x_uvision.o(.text)
    UART3_IRQHandler                         0x0000019b   Thumb Code     0  startup_mspm0g350x_uvision.o(.text)
    __user_initial_stackheap                 0x0000019d   Thumb Code    10  startup_mspm0g350x_uvision.o(.text)
    __aeabi_uidivmod                         0x000001b9   Thumb Code    28  aeabi_sdivfast.o(.text)
    __aeabi_idivmod                          0x000001d5   Thumb Code   472  aeabi_sdivfast.o(.text)
    __use_two_region_memory                  0x000003b1   Thumb Code     2  heapauxi.o(.text)
    __rt_heap_escrow$2region                 0x000003b3   Thumb Code     2  heapauxi.o(.text)
    __rt_heap_expand$2region                 0x000003b5   Thumb Code     2  heapauxi.o(.text)
    __aeabi_f2iz                             0x000003b7   Thumb Code     0  ffixi.o(.text)
    _ffix                                    0x000003b7   Thumb Code    76  ffixi.o(.text)
    __aeabi_f2uiz                            0x00000403   Thumb Code     0  ffixui.o(.text)
    _ffixu                                   0x00000403   Thumb Code    48  ffixui.o(.text)
    __aeabi_i2f_normalise                    0x00000433   Thumb Code    72  fflti.o(.text)
    __aeabi_i2f                              0x0000047b   Thumb Code    16  fflti.o(.text)
    _fflt                                    0x0000047b   Thumb Code     0  fflti.o(.text)
    __aeabi_ui2f                             0x0000048b   Thumb Code     6  fflti.o(.text)
    _ffltu                                   0x0000048b   Thumb Code     0  fflti.o(.text)
    __fpl_fcmp_InfNaN                        0x00000491   Thumb Code    96  fcmpin.o(.text)
    __user_setup_stackheap                   0x000004f5   Thumb Code    62  sys_stackheap_outer.o(.text)
    exit                                     0x00000533   Thumb Code    16  exit.o(.text)
    __fpl_cmpreturn                          0x00000543   Thumb Code    46  cmpret.o(.text)
    __fpl_fcheck_NaN2                        0x00000571   Thumb Code    10  fnan2.o(.text)
    __user_libspace                          0x00000581   Thumb Code     8  libspace.o(.text)
    __user_perproc_libspace                  0x00000581   Thumb Code     0  libspace.o(.text)
    __user_perthread_libspace                0x00000581   Thumb Code     0  libspace.o(.text)
    __fpl_return_NaN                         0x00000589   Thumb Code    94  retnan.o(.text)
    _sys_exit                                0x000005e9   Thumb Code     8  sys_exit.o(.text)
    __I$use$semihosting                      0x000005f5   Thumb Code     0  use_no_semi.o(.text)
    __use_no_semihosting_swi                 0x000005f5   Thumb Code     2  use_no_semi.o(.text)
    DL_Common_delayCycles                    0x000005f7   Thumb Code    10  dl_common.o(.text.DL_Common_delayCycles)
    __semihosting_library_function           0x000005f7   Thumb Code     0  indicate_semi.o(.text)
    DL_SYSCTL_configSYSPLL                   0x00000601   Thumb Code   220  dl_sysctl_mspm0g1x0x_g3x0x.o(.text.DL_SYSCTL_configSYSPLL)
    DL_SYSCTL_setHFCLKSourceHFXTParams       0x000006ed   Thumb Code   100  dl_sysctl_mspm0g1x0x_g3x0x.o(.text.DL_SYSCTL_setHFCLKSourceHFXTParams)
    DL_SYSCTL_switchMCLKfromSYSOSCtoHSCLK    0x00000755   Thumb Code    72  dl_sysctl_mspm0g1x0x_g3x0x.o(.text.DL_SYSCTL_switchMCLKfromSYSOSCtoHSCLK)
    DL_Timer_initPWMMode                     0x000007a5   Thumb Code   188  dl_timer.o(.text.DL_Timer_initPWMMode)
    DL_Timer_initTimerMode                   0x00000879   Thumb Code   224  dl_timer.o(.text.DL_Timer_initTimerMode)
    DL_Timer_setCaptCompUpdateMethod         0x00000965   Thumb Code    24  dl_timer.o(.text.DL_Timer_setCaptCompUpdateMethod)
    DL_Timer_setCaptureCompareOutCtl         0x00000981   Thumb Code    20  dl_timer.o(.text.DL_Timer_setCaptureCompareOutCtl)
    DL_Timer_setCaptureCompareValue          0x00000999   Thumb Code    12  dl_timer.o(.text.DL_Timer_setCaptureCompareValue)
    DL_Timer_setClockConfig                  0x000009a9   Thumb Code    24  dl_timer.o(.text.DL_Timer_setClockConfig)
    DL_UART_init                             0x000009c5   Thumb Code    64  dl_uart.o(.text.DL_UART_init)
    DL_UART_setClockConfig                   0x00000a0d   Thumb Code    18  dl_uart.o(.text.DL_UART_setClockConfig)
    OLED_Clear                               0x00000a1f   Thumb Code   276  oled.o(.text.OLED_Clear)
    OLED_I2C_SendByte                        0x00000b35   Thumb Code   296  oled.o(.text.OLED_I2C_SendByte)
    OLED_I2C_Start                           0x00000c5d   Thumb Code   208  oled.o(.text.OLED_I2C_Start)
    OLED_Init                                0x00000d31   Thumb Code   160  oled.o(.text.OLED_Init)
    OLED_ShowChar                            0x00000dd9   Thumb Code   188  oled.o(.text.OLED_ShowChar)
    OLED_ShowNum                             0x00000e9d   Thumb Code   140  oled.o(.text.OLED_ShowNum)
    OLED_ShowString                          0x00000f2d   Thumb Code    44  oled.o(.text.OLED_ShowString)
    OLED_WriteCommand                        0x00000f59   Thumb Code   184  oled.o(.text.OLED_WriteCommand)
    OLED_WriteData                           0x0000101d   Thumb Code   184  oled.o(.text.OLED_WriteData)
    Openmv_Receive_Data                      0x000010e1   Thumb Code    84  camera_uart.o(.text.Openmv_Receive_Data)
    Read_BTN_State                           0x00001151   Thumb Code    76  btn.o(.text.Read_BTN_State)
    SYSCFG_DL_GPIO_init                      0x000011a5   Thumb Code   120  ti_msp_dl_config.o(.text.SYSCFG_DL_GPIO_init)
    SYSCFG_DL_PWM_0_init                     0x0000123d   Thumb Code    72  ti_msp_dl_config.o(.text.SYSCFG_DL_PWM_0_init)
    SYSCFG_DL_PWM_1_init                     0x00001295   Thumb Code   108  ti_msp_dl_config.o(.text.SYSCFG_DL_PWM_1_init)
    SYSCFG_DL_PWM_2_init                     0x00001311   Thumb Code    72  ti_msp_dl_config.o(.text.SYSCFG_DL_PWM_2_init)
    SYSCFG_DL_SYSCTL_init                    0x00001369   Thumb Code    96  ti_msp_dl_config.o(.text.SYSCFG_DL_SYSCTL_init)
    SYSCFG_DL_TIMG_0_init                    0x000013d5   Thumb Code    52  ti_msp_dl_config.o(.text.SYSCFG_DL_TIMG_0_init)
    SYSCFG_DL_UART_0_init                    0x00001421   Thumb Code   132  ti_msp_dl_config.o(.text.SYSCFG_DL_UART_0_init)
    SYSCFG_DL_init                           0x000014c1   Thumb Code    48  ti_msp_dl_config.o(.text.SYSCFG_DL_init)
    SYSCFG_DL_initPower                      0x000014f9   Thumb Code    60  ti_msp_dl_config.o(.text.SYSCFG_DL_initPower)
    TIMG0_IRQHandler                         0x00001559   Thumb Code   248  main.o(.text.TIMG0_IRQHandler)
    UART0_IRQHandler                         0x00001671   Thumb Code    32  main.o(.text.UART0_IRQHandler)
    X_PID                                    0x0000169d   Thumb Code   148  pid.o(.text.X_PID)
    Y_PID                                    0x0000173d   Thumb Code   148  pid.o(.text.Y_PID)
    delay_ms                                 0x000017e1   Thumb Code   248  oled.o(.text.delay_ms)
    main                                     0x000018dd   Thumb Code   412  main.o(.text.main)
    motor_run                                0x00001ac9   Thumb Code   164  step_motor.o(.text.motor_run)
    set_relax                                0x00001b85   Thumb Code    72  step_motor.o(.text.set_relax)
    __aeabi_uidiv                            0x00001be1   Thumb Code    68  aeabi_sdivfast.o(.text_divfast)
    __aeabi_idiv                             0x00001c25   Thumb Code   434  aeabi_sdivfast.o(.text_divfast)
    __aeabi_fcmpgt                           0x00001dd7   Thumb Code     0  fcmp.o(i._fgr)
    _fgr                                     0x00001dd7   Thumb Code    22  fcmp.o(i._fgr)
    __aeabi_fcmplt                           0x00001ded   Thumb Code     0  fcmp.o(i._fls)
    _fls                                     0x00001ded   Thumb Code    22  fcmp.o(i._fls)
    __aeabi_fadd                             0x00001e05   Thumb Code     0  faddsub.o(x$fpl$fadd)
    _fadd                                    0x00001e05   Thumb Code   134  faddsub.o(x$fpl$fadd)
    _fcmpge                                  0x00001e91   Thumb Code    78  fgef.o(x$fpl$fgeqf)
    __aeabi_cfcmple                          0x00001ee5   Thumb Code     0  flef.o(x$fpl$fleqf)
    _fcmple                                  0x00001ee5   Thumb Code    78  flef.o(x$fpl$fleqf)
    __aeabi_fmul                             0x00001f39   Thumb Code     0  fmul.o(x$fpl$fmul)
    _fmul                                    0x00001f39   Thumb Code   172  fmul.o(x$fpl$fmul)
    __aeabi_fsub                             0x00001fe9   Thumb Code     0  faddsub.o(x$fpl$fsub)
    _fsub                                    0x00001fe9   Thumb Code   204  faddsub.o(x$fpl$fsub)
    OLED_F8x16                               0x000020b8   Data        1520  oled.o(.rodata.OLED_F8x16)
    __I$use$fp                               0x000020b8   Number         0  usenofp.o(x$fpl$usenofp)
    Region$$Table$$Base                      0x00002700   Number         0  anon$$obj.o(Region$$Table)
    Region$$Table$$Limit                     0x00002720   Number         0  anon$$obj.o(Region$$Table)
    X_point                                  0x20200000   Data           1  camera_uart.o(.data.X_point)
    Y_point                                  0x20200001   Data           1  camera_uart.o(.data.Y_point)
    gPWM_0Config                             0x20200004   Data           8  ti_msp_dl_config.o(.data.gPWM_0Config)
    gPWM_1Config                             0x2020000c   Data           8  ti_msp_dl_config.o(.data.gPWM_1Config)
    gPWM_2Config                             0x20200014   Data           8  ti_msp_dl_config.o(.data.gPWM_2Config)
    __libspace_start                         0x20200020   Data          96  libspace.o(.bss)
    Aim_Load                                 0x20200080   Data           1  main.o(.bss.Aim_Load)
    __temporary_stack_top$libspace           0x20200080   Data           0  libspace.o(.bss)
    Last_Magnet                              0x20200081   Data           1  main.o(.bss.Last_Magnet)
    Magnet                                   0x20200082   Data           1  main.o(.bss.Magnet)
    cnt                                      0x2020009c   Data           2  main.o(.bss.cnt)
    gPWM_0Backup                             0x202000a0   Data         120  ti_msp_dl_config.o(.bss.gPWM_0Backup)
    gPWM_1Backup                             0x20200118   Data         120  ti_msp_dl_config.o(.bss.gPWM_1Backup)
    key_val                                  0x20200190   Data           1  main.o(.bss.key_val)
    mode                                     0x20200191   Data           1  main.o(.bss.mode)
    num                                      0x20200192   Data           2  main.o(.bss.num)



==============================================================================

Memory Map of the image

  Image Entry point : 0x000000c1

  Load Region LR_IROM1 (Base: 0x00000000, Size: 0x00002740, Max: 0x00020000, ABSOLUTE)

    Execution Region ER_IROM1 (Exec base: 0x00000000, Load base: 0x00000000, Size: 0x00002720, Max: 0x00020000, ABSOLUTE)

    Exec Addr    Load Addr    Size         Type   Attr      Idx    E Section Name        Object

    0x00000000   0x00000000   0x000000c0   Data   RO          846    RESET               startup_mspm0g350x_uvision.o
    0x000000c0   0x000000c0   0x00000008   Code   RO          969  * !!!main             c_p.l(__main.o)
    0x000000c8   0x000000c8   0x00000054   Code   RO         1199    !!!scatter          c_p.l(__scatter.o)
    0x0000011c   0x0000011c   0x00000004   PAD
    0x00000120   0x00000120   0x0000001a   Code   RO         1203    !!handler_copy      c_p.l(__scatter_copy.o)
    0x0000013a   0x0000013a   0x00000006   PAD
    0x00000140   0x00000140   0x00000002   Code   RO         1200    !!handler_null      c_p.l(__scatter.o)
    0x00000142   0x00000142   0x00000006   PAD
    0x00000148   0x00000148   0x0000001c   Code   RO         1205    !!handler_zi        c_p.l(__scatter_zi.o)
    0x00000164   0x00000164   0x00000002   Code   RO         1054    .ARM.Collect$$libinit$$00000000  c_p.l(libinit.o)
    0x00000166   0x00000166   0x00000000   Code   RO         1072    .ARM.Collect$$libinit$$00000002  c_p.l(libinit2.o)
    0x00000166   0x00000166   0x00000000   Code   RO         1074    .ARM.Collect$$libinit$$00000004  c_p.l(libinit2.o)
    0x00000166   0x00000166   0x00000000   Code   RO         1076    .ARM.Collect$$libinit$$00000006  c_p.l(libinit2.o)
    0x00000166   0x00000166   0x00000000   Code   RO         1079    .ARM.Collect$$libinit$$0000000C  c_p.l(libinit2.o)
    0x00000166   0x00000166   0x00000000   Code   RO         1081    .ARM.Collect$$libinit$$0000000E  c_p.l(libinit2.o)
    0x00000166   0x00000166   0x00000000   Code   RO         1083    .ARM.Collect$$libinit$$00000010  c_p.l(libinit2.o)
    0x00000166   0x00000166   0x00000000   Code   RO         1086    .ARM.Collect$$libinit$$00000013  c_p.l(libinit2.o)
    0x00000166   0x00000166   0x00000000   Code   RO         1088    .ARM.Collect$$libinit$$00000015  c_p.l(libinit2.o)
    0x00000166   0x00000166   0x00000000   Code   RO         1090    .ARM.Collect$$libinit$$00000017  c_p.l(libinit2.o)
    0x00000166   0x00000166   0x00000000   Code   RO         1092    .ARM.Collect$$libinit$$00000019  c_p.l(libinit2.o)
    0x00000166   0x00000166   0x00000000   Code   RO         1094    .ARM.Collect$$libinit$$0000001B  c_p.l(libinit2.o)
    0x00000166   0x00000166   0x00000000   Code   RO         1096    .ARM.Collect$$libinit$$0000001D  c_p.l(libinit2.o)
    0x00000166   0x00000166   0x00000000   Code   RO         1098    .ARM.Collect$$libinit$$0000001F  c_p.l(libinit2.o)
    0x00000166   0x00000166   0x00000000   Code   RO         1100    .ARM.Collect$$libinit$$00000021  c_p.l(libinit2.o)
    0x00000166   0x00000166   0x00000000   Code   RO         1102    .ARM.Collect$$libinit$$00000023  c_p.l(libinit2.o)
    0x00000166   0x00000166   0x00000000   Code   RO         1104    .ARM.Collect$$libinit$$00000025  c_p.l(libinit2.o)
    0x00000166   0x00000166   0x00000000   Code   RO         1106    .ARM.Collect$$libinit$$00000027  c_p.l(libinit2.o)
    0x00000166   0x00000166   0x00000000   Code   RO         1110    .ARM.Collect$$libinit$$0000002E  c_p.l(libinit2.o)
    0x00000166   0x00000166   0x00000000   Code   RO         1112    .ARM.Collect$$libinit$$00000030  c_p.l(libinit2.o)
    0x00000166   0x00000166   0x00000000   Code   RO         1114    .ARM.Collect$$libinit$$00000032  c_p.l(libinit2.o)
    0x00000166   0x00000166   0x00000000   Code   RO         1116    .ARM.Collect$$libinit$$00000034  c_p.l(libinit2.o)
    0x00000166   0x00000166   0x00000002   Code   RO         1117    .ARM.Collect$$libinit$$00000035  c_p.l(libinit2.o)
    0x00000168   0x00000168   0x00000002   Code   RO         1154    .ARM.Collect$$libshutdown$$00000000  c_p.l(libshutdown.o)
    0x0000016a   0x0000016a   0x00000000   Code   RO         1182    .ARM.Collect$$libshutdown$$00000002  c_p.l(libshutdown2.o)
    0x0000016a   0x0000016a   0x00000000   Code   RO         1184    .ARM.Collect$$libshutdown$$00000004  c_p.l(libshutdown2.o)
    0x0000016a   0x0000016a   0x00000000   Code   RO         1187    .ARM.Collect$$libshutdown$$00000007  c_p.l(libshutdown2.o)
    0x0000016a   0x0000016a   0x00000000   Code   RO         1190    .ARM.Collect$$libshutdown$$0000000A  c_p.l(libshutdown2.o)
    0x0000016a   0x0000016a   0x00000000   Code   RO         1192    .ARM.Collect$$libshutdown$$0000000C  c_p.l(libshutdown2.o)
    0x0000016a   0x0000016a   0x00000000   Code   RO         1195    .ARM.Collect$$libshutdown$$0000000F  c_p.l(libshutdown2.o)
    0x0000016a   0x0000016a   0x00000002   Code   RO         1196    .ARM.Collect$$libshutdown$$00000010  c_p.l(libshutdown2.o)
    0x0000016c   0x0000016c   0x00000000   Code   RO         1009    .ARM.Collect$$rtentry$$00000000  c_p.l(__rtentry.o)
    0x0000016c   0x0000016c   0x00000000   Code   RO         1022    .ARM.Collect$$rtentry$$00000002  c_p.l(__rtentry2.o)
    0x0000016c   0x0000016c   0x00000006   Code   RO         1034    .ARM.Collect$$rtentry$$00000004  c_p.l(__rtentry4.o)
    0x00000172   0x00000172   0x00000000   Code   RO         1024    .ARM.Collect$$rtentry$$00000009  c_p.l(__rtentry2.o)
    0x00000172   0x00000172   0x00000004   Code   RO         1025    .ARM.Collect$$rtentry$$0000000A  c_p.l(__rtentry2.o)
    0x00000176   0x00000176   0x00000000   Code   RO         1027    .ARM.Collect$$rtentry$$0000000C  c_p.l(__rtentry2.o)
    0x00000176   0x00000176   0x00000008   Code   RO         1028    .ARM.Collect$$rtentry$$0000000D  c_p.l(__rtentry2.o)
    0x0000017e   0x0000017e   0x00000002   Code   RO         1063    .ARM.Collect$$rtexit$$00000000  c_p.l(rtexit.o)
    0x00000180   0x00000180   0x00000000   Code   RO         1125    .ARM.Collect$$rtexit$$00000002  c_p.l(rtexit2.o)
    0x00000180   0x00000180   0x00000004   Code   RO         1126    .ARM.Collect$$rtexit$$00000003  c_p.l(rtexit2.o)
    0x00000184   0x00000184   0x00000006   Code   RO         1127    .ARM.Collect$$rtexit$$00000004  c_p.l(rtexit2.o)
    0x0000018a   0x0000018a   0x00000002   PAD
    0x0000018c   0x0000018c   0x0000002c   Code   RO          847    .text               startup_mspm0g350x_uvision.o
    0x000001b8   0x000001b8   0x000001f8   Code   RO          959    .text               c_p.l(aeabi_sdivfast.o)
    0x000003b0   0x000003b0   0x00000006   Code   RO          967    .text               c_p.l(heapauxi.o)
    0x000003b6   0x000003b6   0x0000004c   Code   RO         1001    .text               fz_ps.l(ffixi.o)
    0x00000402   0x00000402   0x00000030   Code   RO         1003    .text               fz_ps.l(ffixui.o)
    0x00000432   0x00000432   0x0000005e   Code   RO         1005    .text               fz_ps.l(fflti.o)
    0x00000490   0x00000490   0x00000064   Code   RO         1038    .text               fz_ps.l(fcmpin.o)
    0x000004f4   0x000004f4   0x0000003e   Code   RO         1040    .text               c_p.l(sys_stackheap_outer.o)
    0x00000532   0x00000532   0x00000010   Code   RO         1043    .text               c_p.l(exit.o)
    0x00000542   0x00000542   0x0000002e   Code   RO         1055    .text               fz_ps.l(cmpret.o)
    0x00000570   0x00000570   0x00000010   Code   RO         1057    .text               fz_ps.l(fnan2.o)
    0x00000580   0x00000580   0x00000008   Code   RO         1059    .text               c_p.l(libspace.o)
    0x00000588   0x00000588   0x0000005e   Code   RO         1118    .text               fz_ps.l(retnan.o)
    0x000005e6   0x000005e6   0x00000002   PAD
    0x000005e8   0x000005e8   0x0000000c   Code   RO         1120    .text               c_p.l(sys_exit.o)
    0x000005f4   0x000005f4   0x00000002   Code   RO         1143    .text               c_p.l(use_no_semi.o)
    0x000005f6   0x000005f6   0x00000000   Code   RO         1145    .text               c_p.l(indicate_semi.o)
    0x000005f6   0x000005f6   0x0000000a   Code   RO           51    .text.DL_Common_delayCycles  dl_common.o
    0x00000600   0x00000600   0x000000ec   Code   RO          743    .text.DL_SYSCTL_configSYSPLL  dl_sysctl_mspm0g1x0x_g3x0x.o
    0x000006ec   0x000006ec   0x00000068   Code   RO          757    .text.DL_SYSCTL_setHFCLKSourceHFXTParams  dl_sysctl_mspm0g1x0x_g3x0x.o
    0x00000754   0x00000754   0x00000050   Code   RO          751    .text.DL_SYSCTL_switchMCLKfromSYSOSCtoHSCLK  dl_sysctl_mspm0g1x0x_g3x0x.o
    0x000007a4   0x000007a4   0x000000d4   Code   RO          587    .text.DL_Timer_initPWMMode  dl_timer.o
    0x00000878   0x00000878   0x000000ec   Code   RO          569    .text.DL_Timer_initTimerMode  dl_timer.o
    0x00000964   0x00000964   0x0000001c   Code   RO          617    .text.DL_Timer_setCaptCompUpdateMethod  dl_timer.o
    0x00000980   0x00000980   0x00000018   Code   RO          591    .text.DL_Timer_setCaptureCompareOutCtl  dl_timer.o
    0x00000998   0x00000998   0x00000010   Code   RO          571    .text.DL_Timer_setCaptureCompareValue  dl_timer.o
    0x000009a8   0x000009a8   0x0000001c   Code   RO          565    .text.DL_Timer_setClockConfig  dl_timer.o
    0x000009c4   0x000009c4   0x00000048   Code   RO          676    .text.DL_UART_init  dl_uart.o
    0x00000a0c   0x00000a0c   0x00000012   Code   RO          678    .text.DL_UART_setClockConfig  dl_uart.o
    0x00000a1e   0x00000a1e   0x00000114   Code   RO          887    .text.OLED_Clear    oled.o
    0x00000b32   0x00000b32   0x00000002   PAD
    0x00000b34   0x00000b34   0x00000128   Code   RO          877    .text.OLED_I2C_SendByte  oled.o
    0x00000c5c   0x00000c5c   0x000000d4   Code   RO          873    .text.OLED_I2C_Start  oled.o
    0x00000d30   0x00000d30   0x000000a8   Code   RO          903    .text.OLED_Init     oled.o
    0x00000dd8   0x00000dd8   0x000000c4   Code   RO          889    .text.OLED_ShowChar  oled.o
    0x00000e9c   0x00000e9c   0x00000090   Code   RO          895    .text.OLED_ShowNum  oled.o
    0x00000f2c   0x00000f2c   0x0000002c   Code   RO          891    .text.OLED_ShowString  oled.o
    0x00000f58   0x00000f58   0x000000c4   Code   RO          879    .text.OLED_WriteCommand  oled.o
    0x0000101c   0x0000101c   0x000000c4   Code   RO          881    .text.OLED_WriteData  oled.o
    0x000010e0   0x000010e0   0x00000070   Code   RO          914    .text.Openmv_Receive_Data  camera_uart.o
    0x00001150   0x00001150   0x00000054   Code   RO          856    .text.Read_BTN_State  btn.o
    0x000011a4   0x000011a4   0x00000098   Code   RO          806    .text.SYSCFG_DL_GPIO_init  ti_msp_dl_config.o
    0x0000123c   0x0000123c   0x00000058   Code   RO          810    .text.SYSCFG_DL_PWM_0_init  ti_msp_dl_config.o
    0x00001294   0x00001294   0x0000007c   Code   RO          812    .text.SYSCFG_DL_PWM_1_init  ti_msp_dl_config.o
    0x00001310   0x00001310   0x00000058   Code   RO          814    .text.SYSCFG_DL_PWM_2_init  ti_msp_dl_config.o
    0x00001368   0x00001368   0x0000006c   Code   RO          808    .text.SYSCFG_DL_SYSCTL_init  ti_msp_dl_config.o
    0x000013d4   0x000013d4   0x0000004c   Code   RO          816    .text.SYSCFG_DL_TIMG_0_init  ti_msp_dl_config.o
    0x00001420   0x00001420   0x000000a0   Code   RO          818    .text.SYSCFG_DL_UART_0_init  ti_msp_dl_config.o
    0x000014c0   0x000014c0   0x00000038   Code   RO          802    .text.SYSCFG_DL_init  ti_msp_dl_config.o
    0x000014f8   0x000014f8   0x00000060   Code   RO          804    .text.SYSCFG_DL_initPower  ti_msp_dl_config.o
    0x00001558   0x00001558   0x00000118   Code   RO          777    .text.TIMG0_IRQHandler  main.o
    0x00001670   0x00001670   0x0000002c   Code   RO          781    .text.UART0_IRQHandler  main.o
    0x0000169c   0x0000169c   0x000000a0   Code   RO          942    .text.X_PID         pid.o
    0x0000173c   0x0000173c   0x000000a4   Code   RO          944    .text.Y_PID         pid.o
    0x000017e0   0x000017e0   0x000000fc   Code   RO          869    .text.delay_ms      oled.o
    0x000018dc   0x000018dc   0x000001ec   Code   RO          775    .text.main          main.o
    0x00001ac8   0x00001ac8   0x000000bc   Code   RO          928    .text.motor_run     step_motor.o
    0x00001b84   0x00001b84   0x0000005c   Code   RO          930    .text.set_relax     step_motor.o
    0x00001be0   0x00001be0   0x000001f6   Code   RO          960    .text_divfast       c_p.l(aeabi_sdivfast.o)
    0x00001dd6   0x00001dd6   0x00000016   Code   RO          985    i._fgr              fz_ps.l(fcmp.o)
    0x00001dec   0x00001dec   0x00000016   Code   RO          987    i._fls              fz_ps.l(fcmp.o)
    0x00001e02   0x00001e02   0x00000002   PAD
    0x00001e04   0x00001e04   0x0000008c   Code   RO          971    x$fpl$fadd          fz_ps.l(faddsub.o)
    0x00001e90   0x00001e90   0x00000054   Code   RO         1016    x$fpl$fgeqf         fz_ps.l(fgef.o)
    0x00001ee4   0x00001ee4   0x00000054   Code   RO         1018    x$fpl$fleqf         fz_ps.l(flef.o)
    0x00001f38   0x00001f38   0x000000b0   Code   RO         1007    x$fpl$fmul          fz_ps.l(fmul.o)
    0x00001fe8   0x00001fe8   0x000000d0   Code   RO          973    x$fpl$fsub          fz_ps.l(faddsub.o)
    0x000020b8   0x000020b8   0x00000000   Code   RO         1020    x$fpl$usenofp       fz_ps.l(usenofp.o)
    0x000020b8   0x000020b8   0x000005f0   Data   RO          905    .rodata.OLED_F8x16  oled.o
    0x000026a8   0x000026a8   0x00000003   Data   RO          828    .rodata.gPWM_0ClockConfig  ti_msp_dl_config.o
    0x000026ab   0x000026ab   0x00000003   Data   RO          830    .rodata.gPWM_1ClockConfig  ti_msp_dl_config.o
    0x000026ae   0x000026ae   0x00000003   Data   RO          832    .rodata.gPWM_2ClockConfig  ti_msp_dl_config.o
    0x000026b1   0x000026b1   0x00000003   PAD
    0x000026b4   0x000026b4   0x00000028   Data   RO          826    .rodata.gSYSPLLConfig  ti_msp_dl_config.o
    0x000026dc   0x000026dc   0x00000003   Data   RO          833    .rodata.gTIMG_0ClockConfig  ti_msp_dl_config.o
    0x000026df   0x000026df   0x00000001   PAD
    0x000026e0   0x000026e0   0x00000014   Data   RO          834    .rodata.gTIMG_0TimerConfig  ti_msp_dl_config.o
    0x000026f4   0x000026f4   0x00000002   Data   RO          835    .rodata.gUART_0ClockConfig  ti_msp_dl_config.o
    0x000026f6   0x000026f6   0x0000000a   Data   RO          836    .rodata.gUART_0Config  ti_msp_dl_config.o
    0x00002700   0x00002700   0x00000020   Data   RO         1198    Region$$Table       anon$$obj.o


    Execution Region RW_IRAM2 (Exec base: 0x20200000, Load base: 0x00002720, Size: 0x00000298, Max: 0x00008000, ABSOLUTE)

    Exec Addr    Load Addr    Size         Type   Attr      Idx    E Section Name        Object

    0x20200000   0x00002720   0x00000001   Data   RW          916    .data.X_point       camera_uart.o
    0x20200001   0x00002721   0x00000001   Data   RW          917    .data.Y_point       camera_uart.o
    0x20200002   0x00002722   0x00000002   PAD
    0x20200004   0x00002724   0x00000008   Data   RW          827    .data.gPWM_0Config  ti_msp_dl_config.o
    0x2020000c   0x0000272c   0x00000008   Data   RW          829    .data.gPWM_1Config  ti_msp_dl_config.o
    0x20200014   0x00002734   0x00000008   Data   RW          831    .data.gPWM_2Config  ti_msp_dl_config.o
    0x2020001c   0x0000273c   0x00000004   PAD
    0x20200020        -       0x00000060   Zero   RW         1060    .bss                c_p.l(libspace.o)
    0x20200080        -       0x00000001   Zero   RW          789    .bss.Aim_Load       main.o
    0x20200081        -       0x00000001   Zero   RW          791    .bss.Last_Magnet    main.o
    0x20200082        -       0x00000001   Zero   RW          790    .bss.Magnet         main.o
    0x20200083        -       0x00000003   Zero   RW          919    .bss.Openmv_Receive_Data.RxBuffer  camera_uart.o
    0x20200086        -       0x00000002   Zero   RW          918    .bss.Openmv_Receive_Data.RxCounter  camera_uart.o
    0x20200088        -       0x00000001   Zero   RW          920    .bss.Openmv_Receive_Data.Rxstate  camera_uart.o
    0x20200089        -       0x00000001   Zero   RW          858    .bss.Read_BTN_State.key_state  btn.o
    0x2020008a   0x0000273c   0x00000002   PAD
    0x2020008c        -       0x00000004   Zero   RW          946    .bss.X_PID.error_last_pos  pid.o
    0x20200090        -       0x00000004   Zero   RW          947    .bss.X_PID.error_sum_pos  pid.o
    0x20200094        -       0x00000004   Zero   RW          948    .bss.Y_PID.error_last_pos  pid.o
    0x20200098        -       0x00000004   Zero   RW          949    .bss.Y_PID.error_sum_pos  pid.o
    0x2020009c        -       0x00000002   Zero   RW          785    .bss.cnt            main.o
    0x2020009e   0x0000273c   0x00000002   PAD
    0x202000a0        -       0x00000078   Zero   RW          824    .bss.gPWM_0Backup   ti_msp_dl_config.o
    0x20200118        -       0x00000078   Zero   RW          825    .bss.gPWM_1Backup   ti_msp_dl_config.o
    0x20200190        -       0x00000001   Zero   RW          787    .bss.key_val        main.o
    0x20200191        -       0x00000001   Zero   RW          788    .bss.mode           main.o
    0x20200192        -       0x00000002   Zero   RW          786    .bss.num            main.o
    0x20200194   0x0000273c   0x00000004   PAD
    0x20200198        -       0x00000000   Zero   RW          845    HEAP                startup_mspm0g350x_uvision.o
    0x20200198        -       0x00000100   Zero   RW          844    STACK               startup_mspm0g350x_uvision.o



  Load Region LR_BCR (Base: 0x41c00000, Size: 0x00000000, Max: 0x00000100, ABSOLUTE)

    Execution Region BCR_CONFIG (Exec base: 0x41c00000, Load base: 0x41c00000, Size: 0x00000000, Max: 0x00000080, ABSOLUTE)

    **** No section assigned to this execution region ****



  Load Region LR_BSL (Base: 0x41c00100, Size: 0x00000000, Max: 0x00000100, ABSOLUTE)

    Execution Region BSL_CONFIG (Exec base: 0x41c00100, Load base: 0x41c00100, Size: 0x00000000, Max: 0x00000080, ABSOLUTE)

    **** No section assigned to this execution region ****


==============================================================================

Image component sizes


      Code (inc. data)   RO Data    RW Data    ZI Data      Debug   Object Name

        84          8          0          0          1       4239   btn.o
       112         28          0          2          6        953   camera_uart.o
        10          0          0          0          0        646   dl_common.o
       420         28          0          0          0      19031   dl_sysctl_mspm0g1x0x_g3x0x.o
       544        192          0          0          0      36528   dl_timer.o
        90          8          0          0          0      14572   dl_uart.o
       816        124          0          0          9      13464   main.o
      1980         52       1520          0          0      15989   oled.o
       324         28          0          0         16       1691   pid.o
        44         18        192          0        256        696   startup_mspm0g350x_uvision.o
       280         44          0          0          0       6353   step_motor.o
       948        188         84         24        240      31577   ti_msp_dl_config.o

    ----------------------------------------------------------------------
      5654        718       1832         28        540     145739   Object Totals
         0          0         32          0          0          0   (incl. Generated)
         2          0          4          2         12          0   (incl. Padding)

    ----------------------------------------------------------------------

      Code (inc. data)   RO Data    RW Data    ZI Data      Debug   Library Member Name

         8          0          0          0          0         68   __main.o
         0          0          0          0          0          0   __rtentry.o
        12          0          0          0          0          0   __rtentry2.o
         6          0          0          0          0          0   __rtentry4.o
        86         10          0          0          0          0   __scatter.o
        26          0          0          0          0          0   __scatter_copy.o
        28          0          0          0          0          0   __scatter_zi.o
      1006          4          0          0          0        184   aeabi_sdivfast.o
        16          0          0          0          0         68   exit.o
         6          0          0          0          0        136   heapauxi.o
         0          0          0          0          0          0   indicate_semi.o
         2          0          0          0          0          0   libinit.o
         2          0          0          0          0          0   libinit2.o
         2          0          0          0          0          0   libshutdown.o
         2          0          0          0          0          0   libshutdown2.o
         8          4          0          0         96         68   libspace.o
         2          0          0          0          0          0   rtexit.o
        10          0          0          0          0          0   rtexit2.o
        12          4          0          0          0         60   sys_exit.o
        62          0          0          0          0         80   sys_stackheap_outer.o
         2          0          0          0          0         68   use_no_semi.o
        46          0          0          0          0         60   cmpret.o
       348          8          0          0          0        160   faddsub.o
        44          0          0          0          0        136   fcmp.o
       100          4          0          0          0         68   fcmpin.o
        76          0          0          0          0         68   ffixi.o
        48          0          0          0          0         60   ffixui.o
        94          0          0          0          0         92   fflti.o
        84          4          0          0          0         76   fgef.o
        84          4          0          0          0         76   flef.o
       176          4          0          0          0         80   fmul.o
        16          6          0          0          0         68   fnan2.o
        94          0          0          0          0         68   retnan.o
         0          0          0          0          0          0   usenofp.o

    ----------------------------------------------------------------------
      2530         56          0          0         96       1744   Library Totals
        22          4          0          0          0          0   (incl. Padding)

    ----------------------------------------------------------------------

      Code (inc. data)   RO Data    RW Data    ZI Data      Debug   Library Name

      1298         22          0          0         96        732   c_p.l
      1210         30          0          0          0       1012   fz_ps.l

    ----------------------------------------------------------------------
      2530         56          0          0         96       1744   Library Totals

    ----------------------------------------------------------------------

==============================================================================


      Code (inc. data)   RO Data    RW Data    ZI Data      Debug   

      8184        774       1832         28        636     146499   Grand Totals
      8184        774       1832         28        636     146499   ELF Image Totals
      8184        774       1832         28          0          0   ROM Totals

==============================================================================

    Total RO  Size (Code + RO Data)                10016 (   9.78kB)
    Total RW  Size (RW Data + ZI Data)               664 (   0.65kB)
    Total ROM Size (Code + RO Data + RW Data)      10044 (   9.81kB)

==============================================================================

